Archive member included to satisfy reference by file (symbol)

app/libapp.a(main.c.obj)      (--whole-archive)
app/libapp.a(model_verify.c.obj)
                              (--whole-archive)
app/libapp.a(version_check.c.obj)
                              (--whole-archive)
app/libapp.a(spdm_responder.c.obj)
                              (--whole-archive)
app/libapp.a(inference_thread.c.obj)
                              (--whole-archive)
app/libapp.a(ota_receiver.c.obj)
                              (--whole-archive)
app/libapp.a(anomaly_model_data.cc.obj)
                              (--whole-archive)
zephyr/libzephyr.a(crc32c_sw.c.obj)
                              (--whole-archive)
zephyr/libzephyr.a(crc32_sw.c.obj)
                              (--whole-archive)
zephyr/libzephyr.a(crc24_sw.c.obj)
                              (--whole-archive)
zephyr/libzephyr.a(crc16_sw.c.obj)
                              (--whole-archive)
zephyr/libzephyr.a(crc8_sw.c.obj)
                              (--whole-archive)
zephyr/libzephyr.a(crc7_sw.c.obj)
                              (--whole-archive)
zephyr/libzephyr.a(crc4_sw.c.obj)
                              (--whole-archive)
zephyr/libzephyr.a(cpp_dtors.c.obj)
                              (--whole-archive)
zephyr/libzephyr.a(heap.c.obj)
                              (--whole-archive)
zephyr/libzephyr.a(cbprintf_packaged.c.obj)
                              (--whole-archive)
zephyr/libzephyr.a(printk.c.obj)
                              (--whole-archive)
zephyr/libzephyr.a(sem.c.obj)
                              (--whole-archive)
zephyr/libzephyr.a(thread_entry.c.obj)
                              (--whole-archive)
zephyr/libzephyr.a(cbprintf_complete.c.obj)
                              (--whole-archive)
zephyr/libzephyr.a(assert.c.obj)
                              (--whole-archive)
zephyr/libzephyr.a(mpsc_pbuf.c.obj)
                              (--whole-archive)
zephyr/libzephyr.a(reboot.c.obj)
                              (--whole-archive)
zephyr/libzephyr.a(dec.c.obj)
                              (--whole-archive)
zephyr/libzephyr.a(hex.c.obj)
                              (--whole-archive)
zephyr/libzephyr.a(rb.c.obj)  (--whole-archive)
zephyr/libzephyr.a(timeutil.c.obj)
                              (--whole-archive)
zephyr/libzephyr.a(bitarray.c.obj)
                              (--whole-archive)
zephyr/libzephyr.a(configs.c.obj)
                              (--whole-archive)
zephyr/libzephyr.a(stm32cube_hal.c.obj)
                              (--whole-archive)
zephyr/libzephyr.a(soc_config.c.obj)
                              (--whole-archive)
zephyr/libzephyr.a(soc.c.obj)
                              (--whole-archive)
zephyr/libzephyr.a(log_core.c.obj)
                              (--whole-archive)
zephyr/libzephyr.a(log_mgmt.c.obj)
                              (--whole-archive)
zephyr/libzephyr.a(log_cache.c.obj)
                              (--whole-archive)
zephyr/libzephyr.a(log_msg.c.obj)
                              (--whole-archive)
zephyr/libzephyr.a(log_output.c.obj)
                              (--whole-archive)
zephyr/libzephyr.a(log_backend_uart.c.obj)
                              (--whole-archive)
zephyr/libzephyr.a(flash_map.c.obj)
                              (--whole-archive)
zephyr/libzephyr.a(flash_map_default.c.obj)
                              (--whole-archive)
zephyr/libzephyr.a(flash_map_layout.c.obj)
                              (--whole-archive)
zephyr/libzephyr.a(tracing_none.c.obj)
                              (--whole-archive)
zephyr/libzephyr.a(flash_util.c.obj)
                              (--whole-archive)
zephyr/arch/common/libarch__common.a(sw_isr_common.c.obj)
                              (--whole-archive)
zephyr/arch/arch/arm/core/libarch__arm__core.a(fatal.c.obj)
                              (--whole-archive)
zephyr/arch/arch/arm/core/libarch__arm__core.a(nmi.c.obj)
                              (--whole-archive)
zephyr/arch/arch/arm/core/libarch__arm__core.a(nmi_on_reset.S.obj)
                              (--whole-archive)
zephyr/arch/arch/arm/core/libarch__arm__core.a(__aeabi_atexit.c.obj)
                              (--whole-archive)
zephyr/arch/arch/arm/core/libarch__arm__core.a(tls.c.obj)
                              (--whole-archive)
zephyr/arch/arch/arm/core/cortex_m/libarch__arm__core__cortex_m.a(exc_exit.c.obj)
                              (--whole-archive)
zephyr/arch/arch/arm/core/cortex_m/libarch__arm__core__cortex_m.a(fault.c.obj)
                              (--whole-archive)
zephyr/arch/arch/arm/core/cortex_m/libarch__arm__core__cortex_m.a(fault_s.S.obj)
                              (--whole-archive)
zephyr/arch/arch/arm/core/cortex_m/libarch__arm__core__cortex_m.a(fpu.c.obj)
                              (--whole-archive)
zephyr/arch/arch/arm/core/cortex_m/libarch__arm__core__cortex_m.a(reset.S.obj)
                              (--whole-archive)
[...]
Memory Configuration

Name             Origin             Length             Attributes
FLASH            0x0000000008000000 0x0000000000100000 xr
RAM              0x0000000020000000 0x0000000000020000 xw
CCM              0x0000000010000000 0x0000000000010000
IDT_LIST         0x00000000ffff7fff 0x0000000000008000 xw
*default*        0x0000000000000000 0xffffffffffffffff

Linker script and memory map

                0x0000000008006c8c                vfprintf = __l_vfprintf
                0x0000000000000000                vfscanf = __l_vfscanf
LOAD zephyr/CMakeFiles/zephyr_final.dir/misc/empty_file.c.obj
LOAD zephyr/CMakeFiles/zephyr_final.dir/isr_tables.c.obj
LOAD zephyr/CMakeFiles/offsets.dir/./arch/arm/core/offsets/offsets.c.obj
LOAD app/libapp.a
LOAD zephyr/libzephyr.a
LOAD zephyr/arch/common/libarch__common.a
LOAD zephyr/arch/arch/arm/core/libarch__arm__core.a
LOAD zephyr/arch/arch/arm/core/cortex_m/libarch__arm__core__cortex_m.a
LOAD zephyr/lib/libc/picolibc/liblib__libc__picolibc.a
LOAD zephyr/lib/libc/common/liblib__libc__common.a
LOAD zephyr/drivers/interrupt_controller/libdrivers__interrupt_controller.a
LOAD zephyr/drivers/clock_control/libdrivers__clock_control.a
LOAD zephyr/drivers/console/libdrivers__console.a
LOAD zephyr/drivers/flash/libdrivers__flash.a
LOAD zephyr/drivers/gpio/libdrivers__gpio.a
LOAD zephyr/drivers/pinctrl/libdrivers__pinctrl.a
LOAD zephyr/drivers/reset/libdrivers__reset.a
LOAD zephyr/drivers/serial/libdrivers__serial.a
LOAD zephyr/drivers/timer/libdrivers__timer.a
LOAD modules/stm32/stm32cube/lib..__modules__hal__stm32__stm32cube.a
LOAD modules/mbedtls/libmbedTLSBase.a
LOAD modules/mbedtls/libmbedTLSCrypto.a
LOAD modules/mbedtls/libmbedTLSX509.a
LOAD modules/mbedtls/libmodules__mbedtls.a
LOAD zephyr/kernel/libkernel.a
LOAD /home/suchlp/zephyr-sdk-0.17.0/arm-zephyr-eabi/bin/../lib/gcc/arm-zephyr-eabi/12.2.0/thumb/v7e-m/nofp/libgcc.a
LOAD zephyr/arch/common/libisr_tables.a
LOAD modules/mbedtls/libmbedTLSBase.a
LOAD modules/mbedtls/libmbedTLSCrypto.a
LOAD modules/mbedtls/libmbedTLSX509.a
LOAD /home/suchlp/zephyr-sdk-0.17.0/arm-zephyr-eabi/bin/../lib/gcc/../../picolibc/arm-zephyr-eabi/lib/thumb/v7e-m/nofp/libstdc++.a
LOAD /home/suchlp/zephyr-sdk-0.17.0/arm-zephyr-eabi/bin/../lib/gcc/../../picolibc/arm-zephyr-eabi/lib/thumb/v7e-m/nofp/libc.a
LOAD /home/suchlp/zephyr-sdk-0.17.0/arm-zephyr-eabi/bin/../lib/gcc/arm-zephyr-eabi/12.2.0/thumb/v7e-m/nofp/libgcc.a
                0x0000000000000004                _region_min_align = 0x4

.rel.plt        0x0000000008000000        0x0
 *(SORT_BY_ALIGNMENT(.rel.plt))
                [!provide]                        PROVIDE (__rel_iplt_start = .)
 *(SORT_BY_ALIGNMENT(.rel.iplt))
 .rel.iplt      0x0000000008000000        0x0 zephyr/CMakeFiles/zephyr_final.dir/isr_tables.c.obj
                [!provide]                        PROVIDE (__rel_iplt_end = .)

.rela.plt       0x0000000000000000        0x0
 *(SORT_BY_ALIGNMENT(.rela.plt))
                [!provide]                        PROVIDE (__rela_iplt_start = .)
 *(SORT_BY_ALIGNMENT(.rela.iplt))
                [!provide]                        PROVIDE (__rela_iplt_end = .)

.rel.dyn
 *(SORT_BY_ALIGNMENT(.rel.*))

.rela.dyn
 *(SORT_BY_ALIGNMENT(.rela.*))

/DISCARD/
 *(SORT_BY_ALIGNMENT(.plt))

/DISCARD/
 *(SORT_BY_ALIGNMENT(.iplt))
                0x0000000008000000                __rom_region_start = 0x8000000

rom_start       0x0000000008000000      0x188
                0x0000000008000000                __rom_start_address = .
 FILL mask 0x00
                0x0000000008000000                . = (. + (0x0 - (. - __rom_start_address)))
                0x0000000008000000                . = ALIGN (0x4)
                0x0000000008000000                . = ALIGN (0x80)
                0x0000000008000000                . = ALIGN (0x200)
                0x0000000008000000                _vector_start = .
 *(SORT_BY_ALIGNMENT(.exc_vector_table))
 *(SORT_BY_ALIGNMENT(.exc_vector_table.*))
 .exc_vector_table._vector_table_section
                0x0000000008000000       0x40 zephyr/arch/arch/arm/core/cortex_m/libarch__arm__core__cortex_m.a(vector_table.S.obj)
                0x0000000008000000                _vector_table
 *(SORT_BY_ALIGNMENT(.vectors))
                0x0000000008000188                _vector_end = .
                0x0000000008000040                . = ALIGN (0x4)
 *(SORT_BY_ALIGNMENT(.gnu.linkonce.irq_vector_table*))
 .gnu.linkonce.irq_vector_table
                0x0000000008000040      0x148 zephyr/CMakeFiles/zephyr_final.dir/isr_tables.c.obj
                0x0000000008000040                _irq_vector_table
                0x0000000008000188                _vector_end = .

text            0x0000000008000188     0xa3a0
                0x0000000008000188                __text_region_start = .
 *(SORT_BY_ALIGNMENT(.text))
 .text          0x0000000008000188      0x168 /home/suchlp/zephyr-sdk-0.17.0/arm-zephyr-eabi/bin/../lib/gcc/arm-zephyr-eabi/12.2.0/thumb/v7e-m/nofp/libgcc.a(_arm_mulsf3.o)
                0x0000000008000188                __mulsf3
                0x0000000008000188                __aeabi_fmul
 .text          0x00000000080002f0      0x378 /home/suchlp/zephyr-sdk-0.17.0/arm-zephyr-eabi/bin/../lib/gcc/arm-zephyr-eabi/12.2.0/thumb/v7e-m/nofp/libgcc.a(_arm_addsubdf3.o)
                0x00000000080002f0                __aeabi_drsub
                0x00000000080002f8                __aeabi_dsub
                0x00000000080002f8                __subdf3
                0x00000000080002fc                __adddf3
                0x00000000080002fc                __aeabi_dadd
                0x0000000008000574                __aeabi_ui2d
                0x0000000008000574                __floatunsidf
                0x0000000008000594                __floatsidf
                0x0000000008000594                __aeabi_i2d
                0x00000000080005b8                __extendsfdf2
                0x00000000080005b8                __aeabi_f2d
                0x00000000080005fc                __aeabi_ul2d
                0x00000000080005fc                __floatundidf
                0x000000000800060c                __floatdidf
                0x000000000800060c                __aeabi_l2d
 .text          0x0000000008000668      0x21c /home/suchlp/zephyr-sdk-0.17.0/arm-zephyr-eabi/bin/../lib/gcc/arm-zephyr-eabi/12.2.0/thumb/v7e-m/nofp/libgcc.a(_arm_addsubsf3.o)
                0x0000000008000668                __aeabi_frsub
                0x0000000008000670                __subsf3
                0x0000000008000670                __aeabi_fsub
                0x0000000008000674                __aeabi_fadd
                0x0000000008000674                __addsf3
                0x00000000080007d4                __aeabi_ui2f
                0x00000000080007d4                __floatunsisf
                0x00000000080007dc                __aeabi_i2f
                0x00000000080007dc                __floatsisf
                0x00000000080007f8                __floatundisf
                0x00000000080007f8                __aeabi_ul2f
                0x0000000008000808                __floatdisf
                0x0000000008000808                __aeabi_l2f
 .text          0x0000000008000884       0xec /home/suchlp/zephyr-sdk-0.17.0/arm-zephyr-eabi/bin/../lib/gcc/arm-zephyr-eabi/12.2.0/thumb/v7e-m/nofp/libgcc.a(_arm_cmpsf2.o)
                0x0000000008000884                __gtsf2
                0x0000000008000884                __gesf2
                0x000000000800088c                __lesf2
                0x000000000800088c                __ltsf2
                0x0000000008000894                __nesf2
                0x0000000008000894                __eqsf2
                0x0000000008000894                __cmpsf2
                0x00000000080008f4                __aeabi_cfrcmple
                0x00000000080008fc                __aeabi_cfcmple
                0x00000000080008fc                __aeabi_cfcmpeq
                0x000000000800090c                __aeabi_fcmpeq
                0x0000000008000920                __aeabi_fcmplt
                0x0000000008000934                __aeabi_fcmple
                0x0000000008000948                __aeabi_fcmpge
                0x000000000800095c                __aeabi_fcmpgt
 .text          0x0000000008000970       0x30 /home/suchlp/zephyr-sdk-0.17.0/arm-zephyr-eabi/bin/../lib/gcc/arm-zephyr-eabi/12.2.0/thumb/v7e-m/nofp/libgcc.a(_aeabi_uldivmod.o)
                0x0000000008000970                __aeabi_uldivmod
 .text          0x00000000080009a0        0x4 /home/suchlp/zephyr-sdk-0.17.0/arm-zephyr-eabi/bin/../lib/gcc/arm-zephyr-eabi/12.2.0/thumb/v7e-m/nofp/libgcc.a(_dvmd_tls.o)
                0x00000000080009a0                __aeabi_ldiv0
                0x00000000080009a0                __aeabi_idiv0
 .text          0x00000000080009a4      0x2a0 /home/suchlp/zephyr-sdk-0.17.0/arm-zephyr-eabi/bin/../lib/gcc/arm-zephyr-eabi/12.2.0/thumb/v7e-m/nofp/libgcc.a(_udivmoddi4.o)
                0x00000000080009a4                __udivmoddi4
 .text          0x0000000008000c44       0x10 /home/suchlp/zephyr-sdk-0.17.0/arm-zephyr-eabi/bin/../lib/gcc/../../picolibc/arm-zephyr-eabi/lib/thumb/v7e-m/nofp/libc.a(strlen.S.o)
                0x0000000008000c44                strlen
 *(SORT_BY_ALIGNMENT(.text.*))
 *fill*         0x0000000008000c54        0x4 
 .text.inference_thread_entry
                0x0000000008000c58      0x154 app/libapp.a(inference_thread.c.obj)
                0x0000000008000c58                inference_thread_entry
 *fill*         0x0000000008000dac        0x4 
 .text.mbedtls_sha512_starts
                0x0000000008000db0      0x160 modules/mbedtls/libmbedTLSBase.a(sha512.c.obj)
                0x0000000008000db0                mbedtls_sha512_starts
 .text.main     0x0000000008000f10      0x1d0 app/libapp.a(main.c.obj)
                0x0000000008000f10                main
 .text.model_verify
                0x00000000080010e0       0xe4 app/libapp.a(model_verify.c.obj)
                0x00000000080010e0                model_verify
 .text.version_check_and_update
                0x00000000080011c4       0x58 app/libapp.a(version_check.c.obj)
                0x00000000080011c4                version_check_and_update
 .text.version_get_current
                0x000000000800121c        0xc app/libapp.a(version_check.c.obj)
                0x000000000800121c                version_get_current
 .text.spdm_process_request
                0x0000000008001228      0x138 app/libapp.a(spdm_responder.c.obj)
                0x0000000008001228                spdm_process_request
 .text.cbvprintf_package
                0x0000000008001360      0x3a4 zephyr/libzephyr.a(cbprintf_packaged.c.obj)
                0x0000000008001360                cbvprintf_package
 .text.cbprintf_package_convert
                0x0000000008001704      0x3c0 zephyr/libzephyr.a(cbprintf_packaged.c.obj)
                0x0000000008001704                cbprintf_package_convert
 .text.__printk_hook_install
                0x0000000008001ac4        0xc zephyr/libzephyr.a(printk.c.obj)
                0x0000000008001ac4                __printk_hook_install
 .text.z_thread_entry
                0x0000000008001ad0       0x34 zephyr/libzephyr.a(thread_entry.c.obj)
                0x0000000008001ad0                z_thread_entry
 .text.st_stm32_common_config
                0x0000000008001b04       0x14 zephyr/libzephyr.a(soc_config.c.obj)
 .text.st_stm32f4_init
                0x0000000008001b18       0x30 zephyr/libzephyr.a(soc.c.obj)
 .text.activate_foreach_backend
                0x0000000008001b48       0x64 zephyr/libzephyr.a(log_core.c.obj)
 .text.enable_logger
                0x0000000008001bac       0x5c zephyr/libzephyr.a(log_core.c.obj)
 .text.log_process_thread_timer_expiry_fn
                0x0000000008001c08        0xc zephyr/libzephyr.a(log_core.c.obj)
 .text.z_log_init
                0x0000000008001c14       0x8c zephyr/libzephyr.a(log_core.c.obj)
 .text.log_format_func_t_get
                0x0000000008001ca0        0xc zephyr/libzephyr.a(log_core.c.obj)
                0x0000000008001ca0                log_format_func_t_get
 .text.log_set_timestamp_func
                0x0000000008001cac       0x20 zephyr/libzephyr.a(log_core.c.obj)
                0x0000000008001cac                log_set_timestamp_func
 .text.z_log_notify_backend_enabled
                0x0000000008001ccc       0x1c zephyr/libzephyr.a(log_core.c.obj)
                0x0000000008001ccc                z_log_notify_backend_enabled
 .text.z_log_dropped
                0x0000000008001ce8       0x30 zephyr/libzephyr.a(log_core.c.obj)
                0x0000000008001ce8                z_log_dropped
 .text.z_log_dropped_read_and_clear
                0x0000000008001d18       0x20 zephyr/libzephyr.a(log_core.c.obj)
                0x0000000008001d18                z_log_dropped_read_and_clear
 .text.dropped_notify
                0x0000000008001d38       0x30 zephyr/libzephyr.a(log_core.c.obj)
                0x0000000008001d38                dropped_notify
 .text.z_log_msg_init
                0x0000000008001d68       0x20 zephyr/libzephyr.a(log_core.c.obj)
                0x0000000008001d68                z_log_msg_init
 .text.log_core_init
                0x0000000008001d88       0x34 zephyr/libzephyr.a(log_core.c.obj)
                0x0000000008001d88                log_core_init
 .text.z_log_msg_alloc
                0x0000000008001dbc       0x10 zephyr/libzephyr.a(log_core.c.obj)
                0x0000000008001dbc                z_log_msg_alloc
 .text.z_log_msg_local_claim
                0x0000000008001dcc        0xc zephyr/libzephyr.a(log_core.c.obj)
                0x0000000008001dcc                z_log_msg_local_claim
 .text.z_log_msg_free
                0x0000000008001dd8       0x10 zephyr/libzephyr.a(log_core.c.obj)
                0x0000000008001dd8                z_log_msg_free
 .text.z_log_msg_pending
                0x0000000008001de8        0xc zephyr/libzephyr.a(log_core.c.obj)
                0x0000000008001de8                z_log_msg_pending
 .text.z_impl_log_process
                0x0000000008001df4       0xb0 zephyr/libzephyr.a(log_core.c.obj)
                0x0000000008001df4                z_impl_log_process
 .text.z_impl_log_panic
                0x0000000008001ea4       0x44 zephyr/libzephyr.a(log_core.c.obj)
                0x0000000008001ea4                z_impl_log_panic
 .text.log_process_thread_func
                0x0000000008001ee8       0xa4 zephyr/libzephyr.a(log_core.c.obj)
 .text.z_log_msg_post_finalize
                0x0000000008001f8c       0x78 zephyr/libzephyr.a(log_core.c.obj)
 .text.z_log_msg_commit
                0x0000000008002004       0x24 zephyr/libzephyr.a(log_core.c.obj)
                0x0000000008002004                z_log_msg_commit
 .text.log_source_name_get
                0x0000000008002028       0x1c zephyr/libzephyr.a(log_mgmt.c.obj)
                0x0000000008002028                log_source_name_get
 .text.log_backend_enable
                0x0000000008002044       0x28 zephyr/libzephyr.a(log_mgmt.c.obj)
                0x0000000008002044                log_backend_enable
 .text.z_impl_z_log_msg_static_create
                0x000000000800206c      0x108 zephyr/libzephyr.a(log_msg.c.obj)
                0x000000000800206c                z_impl_z_log_msg_static_create
 .text.z_log_msg_runtime_vcreate
                0x0000000008002174       0xa0 zephyr/libzephyr.a(log_msg.c.obj)
                0x0000000008002174                z_log_msg_runtime_vcreate
 .text.log_msg_get_source_id
                0x0000000008002214       0x18 zephyr/libzephyr.a(log_msg.c.obj)
                0x0000000008002214                log_msg_get_source_id
 .text.print_formatted
                0x000000000800222c       0x24 zephyr/libzephyr.a(log_output.c.obj)
 .text.newline_print
                0x0000000008002250       0x1c zephyr/libzephyr.a(log_output.c.obj)
 .text.log_output_process
                0x000000000800226c      0x2d4 zephyr/libzephyr.a(log_output.c.obj)
                0x000000000800226c                log_output_process
 .text.log_output_dropped_process
                0x0000000008002540       0x58 zephyr/libzephyr.a(log_output.c.obj)
                0x0000000008002540                log_output_dropped_process
 .text.log_output_timestamp_freq_set
                0x0000000008002598       0x2c zephyr/libzephyr.a(log_output.c.obj)
                0x0000000008002598                log_output_timestamp_freq_set
 .text.char_out
                0x00000000080025c4       0x24 zephyr/libzephyr.a(log_backend_uart.c.obj)
 .text.z_arm_fatal_error
                0x00000000080025e8       0xb8 zephyr/arch/arch/arm/core/libarch__arm__core.a(fatal.c.obj)
                0x00000000080025e8                z_arm_fatal_error
 .text.z_arm_nmi
                0x00000000080026a0       0x14 zephyr/arch/arch/arm/core/libarch__arm__core.a(nmi.c.obj)
                0x00000000080026a0                z_arm_nmi
 .text.z_SysNmiOnReset
                0x00000000080026b4        0x8 zephyr/arch/arch/arm/core/libarch__arm__core.a(nmi_on_reset.S.obj)
                0x00000000080026b4                z_SysNmiOnReset
 .text.arch_tls_stack_setup
                0x00000000080026bc       0x40 zephyr/arch/arch/arm/core/libarch__arm__core.a(tls.c.obj)
                0x00000000080026bc                arch_tls_stack_setup
 .text._HandlerModeExit
                0x00000000080026fc       0x28 zephyr/arch/arch/arm/core/cortex_m/libarch__arm__core__cortex_m.a(exc_exit.c.obj)
                0x00000000080026fc                z_arm_exc_exit
                0x00000000080026fc                z_arm_int_exit
 .text.mem_manage_fault.constprop.0
                0x0000000008002724       0xd0 zephyr/arch/arch/arm/core/cortex_m/libarch__arm__core__cortex_m.a(fault.c.obj)
 .text.usage_fault.constprop.0
                0x00000000080027f4       0xa8 zephyr/arch/arch/arm/core/cortex_m/libarch__arm__core__cortex_m.a(fault.c.obj)
 .text.bus_fault.constprop.0
                0x000000000800289c       0xd0 zephyr/arch/arch/arm/core/cortex_m/libarch__arm__core__cortex_m.a(fault.c.obj)
 .text.z_arm_fault
                0x000000000800296c      0x1d0 zephyr/arch/arch/arm/core/cortex_m/libarch__arm__core__cortex_m.a(fault.c.obj)
                0x000000000800296c                z_arm_fault
 .text.z_arm_fault_init
                0x0000000008002b3c       0x10 zephyr/arch/arch/arm/core/cortex_m/libarch__arm__core__cortex_m.a(fault.c.obj)
                0x0000000008002b3c                z_arm_fault_init
 .text.__fault  0x0000000008002b4c       0x14 zephyr/arch/arch/arm/core/cortex_m/libarch__arm__core__cortex_m.a(fault_s.S.obj)
                0x0000000008002b4c                z_arm_bus_fault
                0x0000000008002b4c                z_arm_usage_fault
                0x0000000008002b4c                z_arm_mpu_fault
                0x0000000008002b4c                z_arm_exc_spurious
                0x0000000008002b4c                z_arm_debug_monitor
                0x0000000008002b4c                z_arm_hard_fault
 .text._reset_section
                0x0000000008002b60       0x2c zephyr/arch/arch/arm/core/cortex_m/libarch__arm__core__cortex_m.a(reset.S.obj)
                0x0000000008002b60                z_arm_reset
                0x0000000008002b60                __start
 .text.z_impl_k_thread_abort
                0x0000000008002b8c       0x2c zephyr/arch/arch/arm/core/cortex_m/libarch__arm__core__cortex_m.a(thread_abort.c.obj)
                0x0000000008002b8c                z_impl_k_thread_abort
 .text.arch_swap
                0x0000000008002bb8       0x34 zephyr/arch/arch/arm/core/cortex_m/libarch__arm__core__cortex_m.a(swap.c.obj)
                0x0000000008002bb8                arch_swap
 .text.z_arm_pendsv_c
                0x0000000008002bec       0x44 zephyr/arch/arch/arm/core/cortex_m/libarch__arm__core__cortex_m.a(swap.c.obj)
                0x0000000008002bec                z_arm_pendsv_c
 .text.z_arm_pendsv
                0x0000000008002c30       0x34 zephyr/arch/arch/arm/core/cortex_m/libarch__arm__core__cortex_m.a(swap_helper.S.obj)
                0x0000000008002c30                z_arm_pendsv
 .text.z_arm_svc
                0x0000000008002c64       0x20 zephyr/arch/arch/arm/core/cortex_m/libarch__arm__core__cortex_m.a(swap_helper.S.obj)
                0x0000000008002c64                z_arm_svc
 .text.arch_irq_enable
                0x0000000008002c84       0x1c zephyr/arch/arch/arm/core/cortex_m/libarch__arm__core__cortex_m.a(irq_manage.c.obj)
                0x0000000008002c84                arch_irq_enable
 .text.z_arm_irq_priority_set
                0x0000000008002ca0       0x30 zephyr/arch/arch/arm/core/cortex_m/libarch__arm__core__cortex_m.a(irq_manage.c.obj)
                0x0000000008002ca0                z_arm_irq_priority_set
 .text.z_prep_c
                0x0000000008002cd0       0x48 zephyr/arch/arch/arm/core/cortex_m/libarch__arm__core__cortex_m.a(prep_c.c.obj)
                0x0000000008002cd0                z_prep_c
 .text.arch_new_thread
                0x0000000008002d18       0x38 zephyr/arch/arch/arm/core/cortex_m/libarch__arm__core__cortex_m.a(thread.c.obj)
                0x0000000008002d18                arch_new_thread
 .text.arch_switch_to_main_thread
                0x0000000008002d50       0x44 zephyr/arch/arch/arm/core/cortex_m/libarch__arm__core__cortex_m.a(thread.c.obj)
                0x0000000008002d50                arch_switch_to_main_thread
 .text.z_arm_cpu_idle_init
                0x0000000008002d94        0xc zephyr/arch/arch/arm/core/cortex_m/libarch__arm__core__cortex_m.a(cpu_idle.c.obj)
                0x0000000008002d94                z_arm_cpu_idle_init
 .text.z_arm_interrupt_init
                0x0000000008002da0       0x18 zephyr/arch/arch/arm/core/cortex_m/libarch__arm__core__cortex_m.a(irq_init.c.obj)
                0x0000000008002da0                z_arm_interrupt_init
 .text._isr_wrapper
                0x0000000008002db8       0x24 zephyr/arch/arch/arm/core/cortex_m/libarch__arm__core__cortex_m.a(isr_wrapper.c.obj)
                0x0000000008002db8                _isr_wrapper
 .text.z_impl_zephyr_fputc
                0x0000000008002ddc       0x10 zephyr/lib/libc/picolibc/liblib__libc__picolibc.a(libc-hooks.c.obj)
                0x0000000008002ddc                z_impl_zephyr_fputc
 .text.__stdout_hook_install
                0x0000000008002dec       0x18 zephyr/lib/libc/picolibc/liblib__libc__picolibc.a(libc-hooks.c.obj)
                0x0000000008002dec                __stdout_hook_install
 .text.cbvprintf
                0x0000000008002e04       0x38 zephyr/lib/libc/picolibc/liblib__libc__picolibc.a(libc-hooks.c.obj)
                0x0000000008002e04                cbvprintf
 .text.malloc_prepare
                0x0000000008002e3c       0x24 zephyr/lib/libc/common/liblib__libc__common.a(malloc.c.obj)
 .text.malloc_lock
                0x0000000008002e60       0x14 zephyr/lib/libc/common/liblib__libc__common.a(malloc.c.obj)
 .text.malloc_unlock
                0x0000000008002e74        0xc zephyr/lib/libc/common/liblib__libc__common.a(malloc.c.obj)
 .text.malloc   0x0000000008002e80       0x34 zephyr/lib/libc/common/liblib__libc__common.a(malloc.c.obj)
                0x0000000008002e80                malloc
 .text.free     0x0000000008002eb4       0x1c zephyr/lib/libc/common/liblib__libc__common.a(malloc.c.obj)
                0x0000000008002eb4                free
 .text.calloc   0x0000000008002ed0       0x34 zephyr/lib/libc/common/liblib__libc__common.a(malloc.c.obj)
                0x0000000008002ed0                calloc
 .text.stm32_exti_isr
                0x0000000008002f04       0x4c zephyr/drivers/interrupt_controller/libdrivers__interrupt_controller.a(intc_exti_stm32.c.obj)
 .text.stm32_fill_irq_table
                0x0000000008002f50       0x18 zephyr/drivers/interrupt_controller/libdrivers__interrupt_controller.a(intc_exti_stm32.c.obj)
 .text.stm32_exti_enable
                0x0000000008002f68       0x24 zephyr/drivers/interrupt_controller/libdrivers__interrupt_controller.a(intc_exti_stm32.c.obj)
                0x0000000008002f68                stm32_exti_enable
 .text.stm32_exti_disable
                0x0000000008002f8c       0x18 zephyr/drivers/interrupt_controller/libdrivers__interrupt_controller.a(intc_exti_stm32.c.obj)
                0x0000000008002f8c                stm32_exti_disable
 .text.stm32_exti_trigger
                0x0000000008002fa4       0x60 zephyr/drivers/interrupt_controller/libdrivers__interrupt_controller.a(intc_exti_stm32.c.obj)
                0x0000000008002fa4                stm32_exti_trigger
 .text.stm32_exti_set_callback
                0x0000000008003004       0x30 zephyr/drivers/interrupt_controller/libdrivers__interrupt_controller.a(intc_exti_stm32.c.obj)
                0x0000000008003004                stm32_exti_set_callback
 .text.stm32_exti_unset_callback
                0x0000000008003034       0x14 zephyr/drivers/interrupt_controller/libdrivers__interrupt_controller.a(intc_exti_stm32.c.obj)
                0x0000000008003034                stm32_exti_unset_callback
 .text.stm32_clock_control_get_subsys_rate
                0x0000000008003048       0x7c zephyr/drivers/clock_control/libdrivers__clock_control.a(clock_stm32_ll_common.c.obj)
 .text.stm32_clock_control_init
                0x00000000080030c4      0x11c zephyr/drivers/clock_control/libdrivers__clock_control.a(clock_stm32_ll_common.c.obj)
                0x00000000080030c4                stm32_clock_control_init
 .text.get_pllsrc_frequency
                0x00000000080031e0        0x8 zephyr/drivers/clock_control/libdrivers__clock_control.a(clock_stm32f2_f4_f7.c.obj)
                0x00000000080031e0                get_pllsrc_frequency
 .text.config_pll_sysclock
                0x00000000080031e8       0x24 zephyr/drivers/clock_control/libdrivers__clock_control.a(clock_stm32f2_f4_f7.c.obj)
                0x00000000080031e8                config_pll_sysclock
 .text.config_enable_default_clocks
                0x000000000800320c       0x20 zephyr/drivers/clock_control/libdrivers__clock_control.a(clock_stm32f2_f4_f7.c.obj)
                0x000000000800320c                config_enable_default_clocks
 .text.uart_console_init
                0x000000000800322c       0x28 zephyr/drivers/console/libdrivers__console.a(uart_console.c.obj)
 .text.console_out
                0x0000000008003254       0x28 zephyr/drivers/console/libdrivers__console.a(uart_console.c.obj)
 .text.flash_stm32_get_parameters
                0x000000000800327c        0x8 zephyr/drivers/flash/libdrivers__flash.a(flash_stm32.c.obj)
 .text.flash_stm32_read.part.0
                0x0000000008003284       0x24 zephyr/drivers/flash/libdrivers__flash.a(flash_stm32.c.obj)
 .text.flash_stm32_wait_flash_idle
                0x00000000080032a8       0x6c zephyr/drivers/flash/libdrivers__flash.a(flash_stm32.c.obj)
                0x00000000080032a8                flash_stm32_wait_flash_idle
 .text.flash_stm32_erase.part.0
                0x0000000008003314       0x94 zephyr/drivers/flash/libdrivers__flash.a(flash_stm32.c.obj)
 .text.flash_stm32_erase
                0x00000000080033a8       0x44 zephyr/drivers/flash/libdrivers__flash.a(flash_stm32.c.obj)
 .text.flash_stm32_write.part.0
                0x00000000080033ec       0x6c zephyr/drivers/flash/libdrivers__flash.a(flash_stm32.c.obj)
 .text.flash_stm32_write
                0x0000000008003458       0x4c zephyr/drivers/flash/libdrivers__flash.a(flash_stm32.c.obj)
 .text.flash_stm32_page_layout
                0x00000000080034a4       0x10 zephyr/drivers/flash/libdrivers__flash.a(flash_stm32f4x.c.obj)
                0x00000000080034a4                flash_stm32_page_layout
 .text.gpio_stm32_init
                0x00000000080034b4       0x30 zephyr/drivers/gpio/libdrivers__gpio.a(gpio_stm32.c.obj)
 .text.gpio_stm32_pin_interrupt_configure
                0x00000000080034e4      0x108 zephyr/drivers/gpio/libdrivers__gpio.a(gpio_stm32.c.obj)
 .text.pinctrl_configure_pins
                0x00000000080035ec       0x84 zephyr/drivers/pinctrl/libdrivers__pinctrl.a(pinctrl_stm32.c.obj)
                0x00000000080035ec                pinctrl_configure_pins
 .text.uart_stm32_set_baudrate.part.0
                0x0000000008003670       0x14 zephyr/drivers/serial/libdrivers__serial.a(uart_stm32.c.obj)
 .text.uart_stm32_parameters_set
                0x0000000008003684       0xf8 zephyr/drivers/serial/libdrivers__serial.a(uart_stm32.c.obj)
 .text.uart_stm32_init
                0x000000000800377c       0xd8 zephyr/drivers/serial/libdrivers__serial.a(uart_stm32.c.obj)
 .text.uart_stm32_configure
                0x0000000008003854      0x144 zephyr/drivers/serial/libdrivers__serial.a(uart_stm32.c.obj)
 .text.elapsed  0x0000000008003998       0x4c zephyr/drivers/timer/libdrivers__timer.a(cortex_m_systick.c.obj)
 .text.sys_clock_driver_init
                0x00000000080039e4       0x38 zephyr/drivers/timer/libdrivers__timer.a(cortex_m_systick.c.obj)
 .text.sys_clock_isr
                0x0000000008003a1c       0x54 zephyr/drivers/timer/libdrivers__timer.a(cortex_m_systick.c.obj)
                0x0000000008003a1c                sys_clock_isr
 .text.sys_clock_set_timeout
                0x0000000008003a70       0xf8 zephyr/drivers/timer/libdrivers__timer.a(cortex_m_systick.c.obj)
                0x0000000008003a70                sys_clock_set_timeout
 .text.sys_clock_elapsed
                0x0000000008003b68       0x3c zephyr/drivers/timer/libdrivers__timer.a(cortex_m_systick.c.obj)
                0x0000000008003b68                sys_clock_elapsed
 .text.sys_clock_cycle_get_32
                0x0000000008003ba4       0x28 zephyr/drivers/timer/libdrivers__timer.a(cortex_m_systick.c.obj)
                0x0000000008003ba4                sys_clock_cycle_get_32
 .text.HAL_RCC_GetSysClockFreq
                0x0000000008003bcc       0x5c modules/stm32/stm32cube/lib..__modules__hal__stm32__stm32cube.a(stm32f4xx_hal_rcc.c.obj)
                0x0000000008003bcc                HAL_RCC_GetSysClockFreq
 .text.LL_SetFlashLatency
                0x0000000008003c28       0xe4 modules/stm32/stm32cube/lib..__modules__hal__stm32__stm32cube.a(stm32f4xx_ll_utils.c.obj)
                0x0000000008003c28                LL_SetFlashLatency
 .text.mbedtls_ct_bool
                0x0000000008003d0c       0x18 modules/mbedtls/libmbedTLSBase.a(bignum_core.c.obj)
 .text.mbedtls_ct_uint_lt
                0x0000000008003d24       0x34 modules/mbedtls/libmbedTLSBase.a(bignum_core.c.obj)
 .text.mbedtls_mpi_core_uint_le_mpi
                0x0000000008003d58       0x34 modules/mbedtls/libmbedTLSBase.a(bignum_core.c.obj)
                0x0000000008003d58                mbedtls_mpi_core_uint_le_mpi
 .text.mbedtls_mpi_core_lt_ct
                0x0000000008003d8c       0x48 modules/mbedtls/libmbedTLSBase.a(bignum_core.c.obj)
                0x0000000008003d8c                mbedtls_mpi_core_lt_ct
 .text.mbedtls_mpi_core_cond_assign
                0x0000000008003dd4       0x30 modules/mbedtls/libmbedTLSBase.a(bignum_core.c.obj)
                0x0000000008003dd4                mbedtls_mpi_core_cond_assign
 .text.mbedtls_mpi_core_random
                0x0000000008003e04       0x94 modules/mbedtls/libmbedTLSBase.a(bignum_core.c.obj)
                0x0000000008003e04                mbedtls_mpi_core_random
 .text.mbedtls_ct_bool
                0x0000000008003e98       0x18 modules/mbedtls/libmbedTLSBase.a(bignum.c.obj)
 .text.mbedtls_ct_mpi_sign_if
                0x0000000008003eb0       0x1c modules/mbedtls/libmbedTLSBase.a(bignum.c.obj)
 .text.mbedtls_mpi_div_mpi
                0x0000000008003ecc      0x334 modules/mbedtls/libmbedTLSBase.a(bignum.c.obj)
                0x0000000008003ecc                mbedtls_mpi_div_mpi
 .text.mbedtls_ecdsa_verify_restartable
                0x0000000008004200      0x14c modules/mbedtls/libmbedTLSBase.a(ecdsa.c.obj)
                0x0000000008004200                mbedtls_ecdsa_verify_restartable
 .text.mbedtls_ecdsa_read_signature_restartable
                0x000000000800434c       0xa4 modules/mbedtls/libmbedTLSBase.a(ecdsa.c.obj)
                0x000000000800434c                mbedtls_ecdsa_read_signature_restartable
 .text.mbedtls_ecp_group_load
                0x00000000080043f0       0xec modules/mbedtls/libmbedTLSBase.a(ecp_curves.c.obj)
                0x00000000080043f0                mbedtls_ecp_group_load
 .text.mbedtls_mpi_mul_mod
                0x00000000080044dc       0xa4 modules/mbedtls/libmbedTLSBase.a(ecp.c.obj)
 .text.ecp_normalize_jac_many
                0x0000000008004580      0x188 modules/mbedtls/libmbedTLSBase.a(ecp.c.obj)
 .text.ecp_randomize_jac
                0x0000000008004708       0x90 modules/mbedtls/libmbedTLSBase.a(ecp.c.obj)
 .text.ecp_add_mixed
                0x0000000008004798      0x1e0 modules/mbedtls/libmbedTLSBase.a(ecp.c.obj)
 .text.mbedtls_ecp_check_pubkey
                0x0000000008004978       0xb4 modules/mbedtls/libmbedTLSBase.a(ecp.c.obj)
                0x0000000008004978                mbedtls_ecp_check_pubkey
 .text.mbedtls_ecp_check_privkey
                0x0000000008004a2c       0x3c modules/mbedtls/libmbedTLSBase.a(ecp.c.obj)
                0x0000000008004a2c                mbedtls_ecp_check_privkey
 .text.ecp_mul_restartable_internal.isra.0
                0x0000000008004a68      0x49c modules/mbedtls/libmbedTLSBase.a(ecp.c.obj)
 .text.mbedtls_ecp_muladd_restartable
                0x0000000008004f04       0x80 modules/mbedtls/libmbedTLSBase.a(ecp.c.obj)
                0x0000000008004f04                mbedtls_ecp_muladd_restartable
 .text.mbedtls_platform_zeroize
                0x0000000008004f84       0x18 modules/mbedtls/libmbedTLSBase.a(platform_util.c.obj)
                0x0000000008004f84                mbedtls_platform_zeroize
 .text.mbedtls_calloc
                0x0000000008004f9c        0xc modules/mbedtls/libmbedTLSBase.a(platform.c.obj)
                0x0000000008004f9c                mbedtls_calloc
 .text.mbedtls_free
                0x0000000008004fa8        0xc modules/mbedtls/libmbedTLSBase.a(platform.c.obj)
                0x0000000008004fa8                mbedtls_free
 .text.mbedtls_sha256_starts
                0x0000000008004fb4       0x5c modules/mbedtls/libmbedTLSBase.a(sha256.c.obj)
                0x0000000008004fb4                mbedtls_sha256_starts
 .text.mbedtls_internal_sha256_process
                0x0000000008005010      0x134 modules/mbedtls/libmbedTLSBase.a(sha256.c.obj)
                0x0000000008005010                mbedtls_internal_sha256_process
 .text.mbedtls_internal_sha512_process
                0x0000000008005144      0x97c modules/mbedtls/libmbedTLSBase.a(sha512.c.obj)
                0x0000000008005144                mbedtls_internal_sha512_process
 .text.k_sys_fatal_error_handler
                0x0000000008005ac0       0x20 zephyr/kernel/libkernel.a(fatal.c.obj)
                0x0000000008005ac0                k_sys_fatal_error_handler
 .text.z_fatal_error
                0x0000000008005ae0       0xe8 zephyr/kernel/libkernel.a(fatal.c.obj)
                0x0000000008005ae0                z_fatal_error
 .text.z_sys_init_run_level
                0x0000000008005bc8       0x2c zephyr/kernel/libkernel.a(init.c.obj)
 .text.bg_thread_main
                0x0000000008005bf4       0xc4 zephyr/kernel/libkernel.a(init.c.obj)
 .text.z_bss_zero
                0x0000000008005cb8       0x2c zephyr/kernel/libkernel.a(init.c.obj)
                0x0000000008005cb8                z_bss_zero
 .text.z_init_cpu
                0x0000000008005ce4       0x70 zephyr/kernel/libkernel.a(init.c.obj)
                0x0000000008005ce4                z_init_cpu
 .text.z_cstart
                0x0000000008005d54       0xd8 zephyr/kernel/libkernel.a(init.c.obj)
                0x0000000008005d54                z_cstart
 .text.__do_global_ctors_aux
                0x0000000008005e2c       0x1c zephyr/kernel/libkernel.a(init_static.c.obj)
                0x0000000008005e2c                __do_global_ctors_aux
 .text.__do_init_array_aux
                0x0000000008005e48       0x1c zephyr/kernel/libkernel.a(init_static.c.obj)
                0x0000000008005e48                __do_init_array_aux
 .text.z_impl_k_mutex_lock
                0x0000000008005e64       0xf0 zephyr/kernel/libkernel.a(mutex.c.obj)
                0x0000000008005e64                z_impl_k_mutex_lock
 .text.z_impl_k_mutex_unlock
                0x0000000008005f54       0x78 zephyr/kernel/libkernel.a(mutex.c.obj)
                0x0000000008005f54                z_impl_k_mutex_unlock
 .text.z_impl_k_sem_give
                0x0000000008005fcc       0x48 zephyr/kernel/libkernel.a(sem.c.obj)
                0x0000000008005fcc                z_impl_k_sem_give
 .text.z_impl_k_sem_take
                0x0000000008006014       0x4c zephyr/kernel/libkernel.a(sem.c.obj)
                0x0000000008006014                z_impl_k_sem_take
 .text.z_impl_k_thread_name_set
                0x0000000008006060       0x20 zephyr/kernel/libkernel.a(thread.c.obj)
                0x0000000008006060                z_impl_k_thread_name_set
 .text.z_setup_new_thread
                0x0000000008006080       0xa0 zephyr/kernel/libkernel.a(thread.c.obj)
                0x0000000008006080                z_setup_new_thread
 .text.z_impl_k_thread_create
                0x0000000008006120       0x58 zephyr/kernel/libkernel.a(thread.c.obj)
                0x0000000008006120                z_impl_k_thread_create
 .text.update_cache
                0x0000000008006178       0x3c zephyr/kernel/libkernel.a(sched.c.obj)
 .text.unready_thread
                0x00000000080061b4       0x30 zephyr/kernel/libkernel.a(sched.c.obj)
 .text.ready_thread
                0x00000000080061e4       0x68 zephyr/kernel/libkernel.a(sched.c.obj)
 .text.z_thread_halt
                0x000000000800624c       0xe0 zephyr/kernel/libkernel.a(sched.c.obj)
 .text.move_thread_to_end_of_prio_q
                0x000000000800632c       0x74 zephyr/kernel/libkernel.a(sched.c.obj)
                0x000000000800632c                move_thread_to_end_of_prio_q
 .text.z_pend_curr
                0x00000000080063a0       0x58 zephyr/kernel/libkernel.a(sched.c.obj)
                0x00000000080063a0                z_pend_curr
 .text.z_thread_prio_set
                0x00000000080063f8       0x88 zephyr/kernel/libkernel.a(sched.c.obj)
                0x00000000080063f8                z_thread_prio_set
 .text.z_reschedule
                0x0000000008006480       0x24 zephyr/kernel/libkernel.a(sched.c.obj)
                0x0000000008006480                z_reschedule
 .text.z_sched_start
                0x00000000080064a4       0x3c zephyr/kernel/libkernel.a(sched.c.obj)
                0x00000000080064a4                z_sched_start
 .text.z_reschedule_irqlock
                0x00000000080064e0       0x28 zephyr/kernel/libkernel.a(sched.c.obj)
                0x00000000080064e0                z_reschedule_irqlock
 .text.k_sched_lock
                0x0000000008006508       0x28 zephyr/kernel/libkernel.a(sched.c.obj)
                0x0000000008006508                k_sched_lock
 .text.k_sched_unlock
                0x0000000008006530       0x40 zephyr/kernel/libkernel.a(sched.c.obj)
                0x0000000008006530                k_sched_unlock
 .text.z_sched_init
                0x0000000008006570       0x10 zephyr/kernel/libkernel.a(sched.c.obj)
                0x0000000008006570                z_sched_init
 .text.z_impl_k_yield
                0x0000000008006580       0x7c zephyr/kernel/libkernel.a(sched.c.obj)
                0x0000000008006580                z_impl_k_yield
 .text.z_tick_sleep
                0x00000000080065fc       0x88 zephyr/kernel/libkernel.a(sched.c.obj)
 .text.z_impl_k_sleep
                0x0000000008006684       0x3c zephyr/kernel/libkernel.a(sched.c.obj)
                0x0000000008006684                z_impl_k_sleep
 .text.z_impl_k_sched_current_thread_query
                0x00000000080066c0        0xc zephyr/kernel/libkernel.a(sched.c.obj)
                0x00000000080066c0                z_impl_k_sched_current_thread_query
 .text.slice_timeout
                0x00000000080066cc       0x20 zephyr/kernel/libkernel.a(timeslicing.c.obj)
 .text.thread_is_sliceable
                0x00000000080066ec       0x3c zephyr/kernel/libkernel.a(timeslicing.c.obj)
                0x00000000080066ec                thread_is_sliceable
 .text.z_reset_time_slice
                0x0000000008006728       0x50 zephyr/kernel/libkernel.a(timeslicing.c.obj)
                0x0000000008006728                z_reset_time_slice
 .text.z_time_slice
                0x0000000008006778       0x60 zephyr/kernel/libkernel.a(timeslicing.c.obj)
                0x0000000008006778                z_time_slice
 .text.z_data_copy
                0x00000000080067d8       0x4c zephyr/kernel/libkernel.a(xip.c.obj)
                0x00000000080067d8                z_data_copy
 .text.elapsed  0x0000000008006824       0x14 zephyr/kernel/libkernel.a(timeout.c.obj)
 .text.remove_timeout
                0x0000000008006838       0x38 zephyr/kernel/libkernel.a(timeout.c.obj)
 .text.next_timeout
                0x0000000008006870       0x40 zephyr/kernel/libkernel.a(timeout.c.obj)
 .text.z_add_timeout
                0x00000000080068b0       0xf4 zephyr/kernel/libkernel.a(timeout.c.obj)
                0x00000000080068b0                z_add_timeout
 .text.sys_clock_announce
                0x00000000080069a4       0xd0 zephyr/kernel/libkernel.a(timeout.c.obj)
                0x00000000080069a4                sys_clock_announce
 .text.sys_clock_tick_get
                0x0000000008006a74       0x30 zephyr/kernel/libkernel.a(timeout.c.obj)
                0x0000000008006a74                sys_clock_tick_get
 .text.z_timer_expiration_handler
                0x0000000008006aa4       0xe0 zephyr/kernel/libkernel.a(timer.c.obj)
                0x0000000008006aa4                z_timer_expiration_handler
 .text.z_impl_k_timer_start
                0x0000000008006b84       0x74 zephyr/kernel/libkernel.a(timer.c.obj)
                0x0000000008006b84                z_impl_k_timer_start
 .text.k_thread_system_pool_assign
                0x0000000008006bf8        0xc zephyr/kernel/libkernel.a(mempool.c.obj)
                0x0000000008006bf8                k_thread_system_pool_assign
 .text.boot_banner
                0x0000000008006c04        0xc zephyr/kernel/libkernel.a(banner.c.obj)
                0x0000000008006c04                boot_banner
 .text.statics_init
                0x0000000008006c10       0x24 zephyr/kernel/libkernel.a(kheap.c.obj)
 .text.snprintf
                0x0000000008006c34       0x58 /home/suchlp/zephyr-sdk-0.17.0/arm-zephyr-eabi/bin/../lib/gcc/../../picolibc/arm-zephyr-eabi/lib/thumb/v7e-m/nofp/libc.a(libc_tinystdio_snprintf.c.o)
                0x0000000008006c34                snprintf
 .text.__l_vfprintf
                0x0000000008006c8c      0x4b8 /home/suchlp/zephyr-sdk-0.17.0/arm-zephyr-eabi/bin/../lib/gcc/../../picolibc/arm-zephyr-eabi/lib/thumb/v7e-m/nofp/libc.a(libc_tinystdio_vflprintf.c.o)
                0x0000000008006c8c                __l_vfprintf
 .text._OffsetAbsSyms
                0x0000000008007144        0x2 zephyr/CMakeFiles/offsets.dir/./arch/arm/core/offsets/offsets.c.obj
                0x0000000008007144                _OffsetAbsSyms
 .text.chunk_size
                0x0000000008007146        0xa zephyr/libzephyr.a(heap.c.obj)
 .text.free_list_add
                0x0000000008007150       0x4e zephyr/libzephyr.a(heap.c.obj)
 .text.free_list_remove_bidx
                0x000000000800719e       0x3a zephyr/libzephyr.a(heap.c.obj)
 .text.free_list_remove
                0x00000000080071d8       0x1a zephyr/libzephyr.a(heap.c.obj)
 .text.alloc_chunk
                0x00000000080071f2       0x6e zephyr/libzephyr.a(heap.c.obj)
 .text.merge_chunks
                0x0000000008007260       0x2c zephyr/libzephyr.a(heap.c.obj)
 .text.split_chunks
                0x000000000800728c       0x34 zephyr/libzephyr.a(heap.c.obj)
 .text.free_chunk
                0x00000000080072c0       0x62 zephyr/libzephyr.a(heap.c.obj)
 .text.sys_heap_free
                0x0000000008007322       0x1e zephyr/libzephyr.a(heap.c.obj)
                0x0000000008007322                sys_heap_free
 .text.sys_heap_alloc
                0x0000000008007340       0x52 zephyr/libzephyr.a(heap.c.obj)
                0x0000000008007340                sys_heap_alloc
 .text.sys_heap_aligned_alloc
                0x0000000008007392       0xd0 zephyr/libzephyr.a(heap.c.obj)
                0x0000000008007392                sys_heap_aligned_alloc
 .text.sys_heap_init
                0x0000000008007462       0x7a zephyr/libzephyr.a(heap.c.obj)
                0x0000000008007462                sys_heap_init
 .text.cbpprintf_external
                0x00000000080074dc       0x62 zephyr/libzephyr.a(cbprintf_packaged.c.obj)
                0x00000000080074dc                cbpprintf_external
 .text.is_ptr   0x000000000800753e       0x4a zephyr/libzephyr.a(cbprintf_packaged.c.obj)
                0x000000000800753e                is_ptr
 .text.arch_printk_char_out
                0x0000000008007588        0x4 zephyr/libzephyr.a(printk.c.obj)
                0x0000000008007588                arch_printk_char_out
 .text.printk   0x000000000800758c       0x1a zephyr/libzephyr.a(printk.c.obj)
                0x000000000800758c                printk
 .text.free_space
                0x00000000080075a6       0x26 zephyr/libzephyr.a(mpsc_pbuf.c.obj)
 .text.get_usage
                0x00000000080075cc       0x22 zephyr/libzephyr.a(mpsc_pbuf.c.obj)
 .text.idx_inc  0x00000000080075ee       0x1c zephyr/libzephyr.a(mpsc_pbuf.c.obj)
 .text.rd_idx_inc
                0x000000000800760a       0x18 zephyr/libzephyr.a(mpsc_pbuf.c.obj)
 .text.add_skip_item
                0x0000000008007622       0x3a zephyr/libzephyr.a(mpsc_pbuf.c.obj)
 .text.drop_item_locked
                0x000000000800765c       0xee zephyr/libzephyr.a(mpsc_pbuf.c.obj)
 .text.post_drop_action
                0x000000000800774a       0x36 zephyr/libzephyr.a(mpsc_pbuf.c.obj)
 .text.max_utilization_update
                0x0000000008007780       0x1a zephyr/libzephyr.a(mpsc_pbuf.c.obj)
 .text.mpsc_pbuf_init
                0x000000000800779a       0x42 zephyr/libzephyr.a(mpsc_pbuf.c.obj)
                0x000000000800779a                mpsc_pbuf_init
 .text.mpsc_pbuf_alloc
                0x00000000080077dc       0xf8 zephyr/libzephyr.a(mpsc_pbuf.c.obj)
                0x00000000080077dc                mpsc_pbuf_alloc
 .text.mpsc_pbuf_commit
                0x00000000080078d4       0x3e zephyr/libzephyr.a(mpsc_pbuf.c.obj)
                0x00000000080078d4                mpsc_pbuf_commit
 .text.mpsc_pbuf_claim
                0x0000000008007912       0xa8 zephyr/libzephyr.a(mpsc_pbuf.c.obj)
                0x0000000008007912                mpsc_pbuf_claim
 .text.mpsc_pbuf_free
                0x00000000080079ba       0x76 zephyr/libzephyr.a(mpsc_pbuf.c.obj)
                0x00000000080079ba                mpsc_pbuf_free
 .text.mpsc_pbuf_is_pending
                0x0000000008007a30       0x1a zephyr/libzephyr.a(mpsc_pbuf.c.obj)
                0x0000000008007a30                mpsc_pbuf_is_pending
 .text._ConfigAbsSyms
                0x0000000008007a4a        0x2 zephyr/libzephyr.a(configs.c.obj)
                0x0000000008007a4a                _ConfigAbsSyms
 .text.log_msg_generic_get_wlen
                0x0000000008007a4c       0x20 zephyr/libzephyr.a(log_core.c.obj)
 .text.dummy_timestamp
                0x0000000008007a6c        0x4 zephyr/libzephyr.a(log_core.c.obj)
 .text.atomic_inc
                0x0000000008007a70       0x1a zephyr/libzephyr.a(log_core.c.obj)
 .text.default_lf_get_timestamp
                0x0000000008007a8a       0x10 zephyr/libzephyr.a(log_core.c.obj)
 .text.z_log_vprintk
                0x0000000008007a9a       0x1c zephyr/libzephyr.a(log_core.c.obj)
                0x0000000008007a9a                z_log_vprintk
 .text.z_log_notify_drop
                0x0000000008007ab6        0x6 zephyr/libzephyr.a(log_core.c.obj)
 .text.z_log_get_tag
                0x0000000008007abc        0x4 zephyr/libzephyr.a(log_core.c.obj)
                0x0000000008007abc                z_log_get_tag
 .text.z_cbprintf_cpy
                0x0000000008007ac0       0x2c zephyr/libzephyr.a(log_msg.c.obj)
 .text.z_log_msg_finalize
                0x0000000008007aec       0x32 zephyr/libzephyr.a(log_msg.c.obj)
                0x0000000008007aec                z_log_msg_finalize
 .text.z_log_msg_simple_create
                0x0000000008007b1e       0x6e zephyr/libzephyr.a(log_msg.c.obj)
 .text.z_impl_z_log_msg_simple_create_0
                0x0000000008007b8c       0x12 zephyr/libzephyr.a(log_msg.c.obj)
                0x0000000008007b8c                z_impl_z_log_msg_simple_create_0
 .text.z_impl_z_log_msg_simple_create_1
                0x0000000008007b9e       0x14 zephyr/libzephyr.a(log_msg.c.obj)
                0x0000000008007b9e                z_impl_z_log_msg_simple_create_1
 .text.z_impl_z_log_msg_simple_create_2
                0x0000000008007bb2       0x18 zephyr/libzephyr.a(log_msg.c.obj)
                0x0000000008007bb2                z_impl_z_log_msg_simple_create_2
 .text.buffer_write
                0x0000000008007bca       0x1c zephyr/libzephyr.a(log_output.c.obj)
 .text.log_output_flush
                0x0000000008007be6       0x1a zephyr/libzephyr.a(log_output.c.obj)
                0x0000000008007be6                log_output_flush
 .text.out_func
                0x0000000008007c00       0x36 zephyr/libzephyr.a(log_output.c.obj)
 .text.cr_out_func
                0x0000000008007c36       0x1c zephyr/libzephyr.a(log_output.c.obj)
 .text.log_output_msg_process
                0x0000000008007c52       0x6a zephyr/libzephyr.a(log_output.c.obj)
                0x0000000008007c52                log_output_msg_process
 .text.format_set
                0x0000000008007cbc        0xc zephyr/libzephyr.a(log_backend_uart.c.obj)
 .text.log_backend_uart_init
                0x0000000008007cc8        0xc zephyr/libzephyr.a(log_backend_uart.c.obj)
 .text.panic    0x0000000008007cd4       0x10 zephyr/libzephyr.a(log_backend_uart.c.obj)
 .text.dropped  0x0000000008007ce4        0xa zephyr/libzephyr.a(log_backend_uart.c.obj)
 .text.process  0x0000000008007cee       0x1e zephyr/libzephyr.a(log_backend_uart.c.obj)
 .text.z_do_kernel_oops
                0x0000000008007d0c        0x8 zephyr/arch/arch/arm/core/libarch__arm__core.a(fatal.c.obj)
                0x0000000008007d0c                z_do_kernel_oops
 .text.z_log_msg_simple_create_0.constprop.0
                0x0000000008007d14        0x8 zephyr/arch/arch/arm/core/cortex_m/libarch__arm__core__cortex_m.a(fault.c.obj)
 .text.z_irq_spurious
                0x0000000008007d1c        0x8 zephyr/arch/arch/arm/core/cortex_m/libarch__arm__core__cortex_m.a(irq_manage.c.obj)
                0x0000000008007d1c                z_irq_spurious
 .text.arch_irq_unlock_outlined
                0x0000000008007d24        0xe zephyr/arch/arch/arm/core/cortex_m/libarch__arm__core__cortex_m.a(thread.c.obj)
                0x0000000008007d24                arch_irq_unlock_outlined
 .text.arch_cpu_idle
                0x0000000008007d32       0x1a zephyr/arch/arch/arm/core/cortex_m/libarch__arm__core__cortex_m.a(cpu_idle.c.obj)
                0x0000000008007d32                arch_cpu_idle
 .text.cbputc   0x0000000008007d4c        0xc zephyr/lib/libc/picolibc/liblib__libc__picolibc.a(libc-hooks.c.obj)
 .text.picolibc_put
                0x0000000008007d58        0xa zephyr/lib/libc/picolibc/liblib__libc__picolibc.a(libc-hooks.c.obj)
 .text.stm32_exti_init
                0x0000000008007d62       0x92 zephyr/drivers/interrupt_controller/libdrivers__interrupt_controller.a(intc_exti_stm32.c.obj)
 .text.stm32_clock_control_on
                0x0000000008007df4       0x38 zephyr/drivers/clock_control/libdrivers__clock_control.a(clock_stm32_ll_common.c.obj)
 .text.stm32_clock_control_off
                0x0000000008007e2c       0x24 zephyr/drivers/clock_control/libdrivers__clock_control.a(clock_stm32_ll_common.c.obj)
 .text.stm32_clock_control_get_status
                0x0000000008007e50       0x34 zephyr/drivers/clock_control/libdrivers__clock_control.a(clock_stm32_ll_common.c.obj)
 .text.stm32_clock_control_configure
                0x0000000008007e84       0x58 zephyr/drivers/clock_control/libdrivers__clock_control.a(clock_stm32_ll_common.c.obj)
 .text.config_regulator_voltage
                0x0000000008007edc        0x2 zephyr/drivers/clock_control/libdrivers__clock_control.a(clock_stm32_ll_common.c.obj)
                0x0000000008007edc                config_regulator_voltage
 .text.flash_get_page_info
                0x0000000008007ede       0x62 zephyr/drivers/flash/libdrivers__flash.a(flash_page_layout.c.obj)
 .text.z_impl_flash_get_page_info_by_offs
                0x0000000008007f40        0x8 zephyr/drivers/flash/libdrivers__flash.a(flash_page_layout.c.obj)
                0x0000000008007f40                z_impl_flash_get_page_info_by_offs
 .text._flash_stm32_sem_take.isra.0
                0x0000000008007f48        0xe zephyr/drivers/flash/libdrivers__flash.a(flash_stm32.c.obj)
 .text.flash_stm32_read
                0x0000000008007f56       0x30 zephyr/drivers/flash/libdrivers__flash.a(flash_stm32.c.obj)
 .text.flash_stm32_check_configuration
                0x0000000008007f86        0x4 zephyr/drivers/flash/libdrivers__flash.a(flash_stm32.c.obj)
                0x0000000008007f86                flash_stm32_check_configuration
 .text.stm32_flash_init
                0x0000000008007f8a       0x18 zephyr/drivers/flash/libdrivers__flash.a(flash_stm32.c.obj)
 .text.flash_stm32_valid_range
                0x0000000008007fa2       0x2a zephyr/drivers/flash/libdrivers__flash.a(flash_stm32f4x.c.obj)
                0x0000000008007fa2                flash_stm32_valid_range
 .text.flash_stm32_block_erase_loop
                0x0000000008007fcc       0xd2 zephyr/drivers/flash/libdrivers__flash.a(flash_stm32f4x.c.obj)
                0x0000000008007fcc                flash_stm32_block_erase_loop
 .text.flash_stm32_write_range
                0x000000000800809e       0x64 zephyr/drivers/flash/libdrivers__flash.a(flash_stm32f4x.c.obj)
                0x000000000800809e                flash_stm32_write_range
 .text.gpio_stm32_port_get_raw
                0x0000000008008102        0xc zephyr/drivers/gpio/libdrivers__gpio.a(gpio_stm32.c.obj)
 .text.gpio_stm32_port_set_masked_raw
                0x000000000800810e       0x12 zephyr/drivers/gpio/libdrivers__gpio.a(gpio_stm32.c.obj)
 .text.gpio_stm32_port_set_bits_raw
                0x0000000008008120        0xa zephyr/drivers/gpio/libdrivers__gpio.a(gpio_stm32.c.obj)
 .text.gpio_stm32_port_clear_bits_raw
                0x000000000800812a        0xc zephyr/drivers/gpio/libdrivers__gpio.a(gpio_stm32.c.obj)
 .text.gpio_stm32_port_toggle_bits
                0x0000000008008136        0xe zephyr/drivers/gpio/libdrivers__gpio.a(gpio_stm32.c.obj)
 .text.gpio_stm32_manage_callback
                0x0000000008008144       0x52 zephyr/drivers/gpio/libdrivers__gpio.a(gpio_stm32.c.obj)
 .text.gpio_stm32_configure_raw.isra.0
                0x0000000008008196      0x106 zephyr/drivers/gpio/libdrivers__gpio.a(gpio_stm32.c.obj)
 .text.gpio_stm32_config
                0x000000000800829c       0x78 zephyr/drivers/gpio/libdrivers__gpio.a(gpio_stm32.c.obj)
 .text.gpio_stm32_isr
                0x0000000008008314       0x2e zephyr/drivers/gpio/libdrivers__gpio.a(gpio_stm32.c.obj)
 .text.gpio_stm32_configure
                0x0000000008008342       0x30 zephyr/drivers/gpio/libdrivers__gpio.a(gpio_stm32.c.obj)
                0x0000000008008342                gpio_stm32_configure
 .text.pinctrl_lookup_state
                0x0000000008008372       0x26 zephyr/drivers/pinctrl/libdrivers__pinctrl.a(common.c.obj)
                0x0000000008008372                pinctrl_lookup_state
 .text.reset_stm32_status
                0x0000000008008398       0x20 zephyr/drivers/reset/libdrivers__reset.a(reset_stm32.c.obj)
 .text.reset_stm32_line_assert
                0x00000000080083b8       0x1c zephyr/drivers/reset/libdrivers__reset.a(reset_stm32.c.obj)
 .text.reset_stm32_line_deassert
                0x00000000080083d4       0x1e zephyr/drivers/reset/libdrivers__reset.a(reset_stm32.c.obj)
 .text.reset_stm32_line_toggle
                0x00000000080083f2       0x16 zephyr/drivers/reset/libdrivers__reset.a(reset_stm32.c.obj)
 .text.LL_USART_ClearFlag_PE
                0x0000000008008408       0x12 zephyr/drivers/serial/libdrivers__serial.a(uart_stm32.c.obj)
 .text.uart_stm32_err_check
                0x000000000800841a       0x5e zephyr/drivers/serial/libdrivers__serial.a(uart_stm32.c.obj)
 .text.uart_stm32_poll_out
                0x0000000008008478       0x36 zephyr/drivers/serial/libdrivers__serial.a(uart_stm32.c.obj)
 .text.uart_stm32_poll_in
                0x00000000080084ae       0x22 zephyr/drivers/serial/libdrivers__serial.a(uart_stm32.c.obj)
 .text.uart_stm32_config_get
                0x00000000080084d0       0x8e zephyr/drivers/serial/libdrivers__serial.a(uart_stm32.c.obj)
 .text.uart_stm32_set_baudrate
                0x000000000800855e       0x58 zephyr/drivers/serial/libdrivers__serial.a(uart_stm32.c.obj)
 .text.mbedtls_asn1_get_len
                0x00000000080085b6       0x68 modules/mbedtls/libmbedTLSBase.a(asn1parse.c.obj)
                0x00000000080085b6                mbedtls_asn1_get_len
 .text.mbedtls_asn1_get_tag
                0x000000000800861e       0x28 modules/mbedtls/libmbedTLSBase.a(asn1parse.c.obj)
                0x000000000800861e                mbedtls_asn1_get_tag
 .text.mbedtls_asn1_get_mpi
                0x0000000008008646       0x26 modules/mbedtls/libmbedTLSBase.a(asn1parse.c.obj)
                0x0000000008008646                mbedtls_asn1_get_mpi
 .text.mbedtls_mpi_core_bitlen
                0x000000000800866c       0x1e modules/mbedtls/libmbedTLSBase.a(bignum_core.c.obj)
                0x000000000800866c                mbedtls_mpi_core_bitlen
 .text.mbedtls_mpi_core_bigendian_to_host
                0x000000000800868a       0x26 modules/mbedtls/libmbedTLSBase.a(bignum_core.c.obj)
                0x000000000800868a                mbedtls_mpi_core_bigendian_to_host
 .text.mbedtls_mpi_core_read_be
                0x00000000080086b0       0x4a modules/mbedtls/libmbedTLSBase.a(bignum_core.c.obj)
                0x00000000080086b0                mbedtls_mpi_core_read_be
 .text.mbedtls_mpi_core_shift_r
                0x00000000080086fa       0x7c modules/mbedtls/libmbedTLSBase.a(bignum_core.c.obj)
                0x00000000080086fa                mbedtls_mpi_core_shift_r
 .text.mbedtls_mpi_core_shift_l
                0x0000000008008776       0x6c modules/mbedtls/libmbedTLSBase.a(bignum_core.c.obj)
                0x0000000008008776                mbedtls_mpi_core_shift_l
 .text.mbedtls_mpi_core_add
                0x00000000080087e2       0x2c modules/mbedtls/libmbedTLSBase.a(bignum_core.c.obj)
                0x00000000080087e2                mbedtls_mpi_core_add
 .text.mbedtls_mpi_core_sub
                0x000000000800880e       0x3a modules/mbedtls/libmbedTLSBase.a(bignum_core.c.obj)
                0x000000000800880e                mbedtls_mpi_core_sub
 .text.mbedtls_mpi_core_mla
                0x0000000008008848      0x178 modules/mbedtls/libmbedTLSBase.a(bignum_core.c.obj)
                0x0000000008008848                mbedtls_mpi_core_mla
 .text.mbedtls_mpi_core_mul
                0x00000000080089c0       0x42 modules/mbedtls/libmbedTLSBase.a(bignum_core.c.obj)
                0x00000000080089c0                mbedtls_mpi_core_mul
 .text.mbedtls_mpi_core_fill_random
                0x0000000008008a02       0x5e modules/mbedtls/libmbedTLSBase.a(bignum_core.c.obj)
                0x0000000008008a02                mbedtls_mpi_core_fill_random
 .text.mbedtls_mpi_core_sub_int
                0x0000000008008a60       0x22 modules/mbedtls/libmbedTLSBase.a(bignum_core.c.obj)
                0x0000000008008a60                mbedtls_mpi_core_sub_int
 .text.mbedtls_mpi_init
                0x0000000008008a82        0xa modules/mbedtls/libmbedTLSBase.a(bignum.c.obj)
                0x0000000008008a82                mbedtls_mpi_init
 .text.mbedtls_mpi_free
                0x0000000008008a8c       0x1c modules/mbedtls/libmbedTLSBase.a(bignum.c.obj)
                0x0000000008008a8c                mbedtls_mpi_free
 .text.mbedtls_mpi_grow
                0x0000000008008aa8       0x48 modules/mbedtls/libmbedTLSBase.a(bignum.c.obj)
                0x0000000008008aa8                mbedtls_mpi_grow
 .text.mbedtls_mpi_safe_cond_assign
                0x0000000008008af0       0x52 modules/mbedtls/libmbedTLSBase.a(bignum.c.obj)
                0x0000000008008af0                mbedtls_mpi_safe_cond_assign
 .text.mbedtls_mpi_resize_clear
                0x0000000008008b42       0x36 modules/mbedtls/libmbedTLSBase.a(bignum.c.obj)
 .text.mbedtls_mpi_shrink
                0x0000000008008b78       0x62 modules/mbedtls/libmbedTLSBase.a(bignum.c.obj)
                0x0000000008008b78                mbedtls_mpi_shrink
 .text.mbedtls_mpi_copy
                0x0000000008008bda       0x6a modules/mbedtls/libmbedTLSBase.a(bignum.c.obj)
                0x0000000008008bda                mbedtls_mpi_copy
 .text.mbedtls_mpi_lset
                0x0000000008008c44       0x38 modules/mbedtls/libmbedTLSBase.a(bignum.c.obj)
                0x0000000008008c44                mbedtls_mpi_lset
 .text.mbedtls_mpi_get_bit
                0x0000000008008c7c       0x20 modules/mbedtls/libmbedTLSBase.a(bignum.c.obj)
                0x0000000008008c7c                mbedtls_mpi_get_bit
 .text.mbedtls_mpi_lsb
                0x0000000008008c9c       0x26 modules/mbedtls/libmbedTLSBase.a(bignum.c.obj)
                0x0000000008008c9c                mbedtls_mpi_lsb
 .text.mbedtls_mpi_bitlen
                0x0000000008008cc2        0x8 modules/mbedtls/libmbedTLSBase.a(bignum.c.obj)
                0x0000000008008cc2                mbedtls_mpi_bitlen
 .text.mbedtls_mpi_read_binary
                0x0000000008008cca       0x2c modules/mbedtls/libmbedTLSBase.a(bignum.c.obj)
                0x0000000008008cca                mbedtls_mpi_read_binary
 .text.mbedtls_mpi_shift_l
                0x0000000008008cf6       0x3a modules/mbedtls/libmbedTLSBase.a(bignum.c.obj)
                0x0000000008008cf6                mbedtls_mpi_shift_l
 .text.mbedtls_mpi_shift_r
                0x0000000008008d30       0x12 modules/mbedtls/libmbedTLSBase.a(bignum.c.obj)
                0x0000000008008d30                mbedtls_mpi_shift_r
 .text.mbedtls_mpi_cmp_abs
                0x0000000008008d42       0x5e modules/mbedtls/libmbedTLSBase.a(bignum.c.obj)
                0x0000000008008d42                mbedtls_mpi_cmp_abs
 .text.mbedtls_mpi_cmp_mpi
                0x0000000008008da0       0x90 modules/mbedtls/libmbedTLSBase.a(bignum.c.obj)
                0x0000000008008da0                mbedtls_mpi_cmp_mpi
 .text.mbedtls_mpi_cmp_int
                0x0000000008008e30       0x30 modules/mbedtls/libmbedTLSBase.a(bignum.c.obj)
                0x0000000008008e30                mbedtls_mpi_cmp_int
 .text.mbedtls_mpi_add_abs
                0x0000000008008e60       0x92 modules/mbedtls/libmbedTLSBase.a(bignum.c.obj)
                0x0000000008008e60                mbedtls_mpi_add_abs
 .text.mbedtls_mpi_sub_abs
                0x0000000008008ef2       0xa2 modules/mbedtls/libmbedTLSBase.a(bignum.c.obj)
                0x0000000008008ef2                mbedtls_mpi_sub_abs
 .text.add_sub_mpi
                0x0000000008008f94       0x62 modules/mbedtls/libmbedTLSBase.a(bignum.c.obj)
 .text.mbedtls_mpi_add_mpi
                0x0000000008008ff6        0x6 modules/mbedtls/libmbedTLSBase.a(bignum.c.obj)
                0x0000000008008ff6                mbedtls_mpi_add_mpi
 .text.mbedtls_mpi_sub_mpi
                0x0000000008008ffc        0x8 modules/mbedtls/libmbedTLSBase.a(bignum.c.obj)
                0x0000000008008ffc                mbedtls_mpi_sub_mpi
 .text.mbedtls_mpi_sub_int
                0x0000000008009004       0x30 modules/mbedtls/libmbedTLSBase.a(bignum.c.obj)
                0x0000000008009004                mbedtls_mpi_sub_int
 .text.mbedtls_mpi_mul_mpi
                0x0000000008009034       0xda modules/mbedtls/libmbedTLSBase.a(bignum.c.obj)
                0x0000000008009034                mbedtls_mpi_mul_mpi
 .text.mbedtls_mpi_mul_int
                0x000000000800910e       0x62 modules/mbedtls/libmbedTLSBase.a(bignum.c.obj)
                0x000000000800910e                mbedtls_mpi_mul_int
 .text.mbedtls_mpi_mod_mpi
                0x0000000008009170       0x64 modules/mbedtls/libmbedTLSBase.a(bignum.c.obj)
                0x0000000008009170                mbedtls_mpi_mod_mpi
 .text.mbedtls_mpi_gcd
                0x00000000080091d4       0xf8 modules/mbedtls/libmbedTLSBase.a(bignum.c.obj)
                0x00000000080091d4                mbedtls_mpi_gcd
 .text.mbedtls_mpi_random
                0x00000000080092cc       0x3c modules/mbedtls/libmbedTLSBase.a(bignum.c.obj)
                0x00000000080092cc                mbedtls_mpi_random
 .text.mbedtls_mpi_inv_mod
                0x0000000008009308      0x2a6 modules/mbedtls/libmbedTLSBase.a(bignum.c.obj)
                0x0000000008009308                mbedtls_mpi_inv_mod
 .text.derive_mpi
                0x00000000080095ae       0x5a modules/mbedtls/libmbedTLSBase.a(ecdsa.c.obj)
 .text.mbedtls_ecdsa_read_signature
                0x0000000008009608       0x12 modules/mbedtls/libmbedTLSBase.a(ecdsa.c.obj)
                0x0000000008009608                mbedtls_ecdsa_read_signature
 .text.mbedtls_ecdsa_init
                0x000000000800961a        0x4 modules/mbedtls/libmbedTLSBase.a(ecdsa.c.obj)
                0x000000000800961a                mbedtls_ecdsa_init
 .text.mbedtls_ecdsa_free
                0x000000000800961e        0x8 modules/mbedtls/libmbedTLSBase.a(ecdsa.c.obj)
                0x000000000800961e                mbedtls_ecdsa_free
 .text.mpi_init_many
                0x0000000008009626       0x18 modules/mbedtls/libmbedTLSBase.a(ecp.c.obj)
 .text.mpi_free_many
                0x000000000800963e       0x18 modules/mbedtls/libmbedTLSBase.a(ecp.c.obj)
 .text.ecp_normalize_jac
                0x0000000008009656       0x88 modules/mbedtls/libmbedTLSBase.a(ecp.c.obj)
 .text.ecp_safe_invert_jac
                0x00000000080096de       0x48 modules/mbedtls/libmbedTLSBase.a(ecp.c.obj)
 .text.ecp_select_comb
                0x0000000008009726       0x74 modules/mbedtls/libmbedTLSBase.a(ecp.c.obj)
 .text.mbedtls_mpi_sub_mod
                0x000000000800979a       0x3e modules/mbedtls/libmbedTLSBase.a(ecp.c.obj)
 .text.mbedtls_mpi_add_mod
                0x00000000080097d8       0x38 modules/mbedtls/libmbedTLSBase.a(ecp.c.obj)
 .text.mbedtls_mpi_mul_int_mod.part.0
                0x0000000008009810       0x26 modules/mbedtls/libmbedTLSBase.a(ecp.c.obj)
 .text.mbedtls_ecp_point_free.part.0
                0x0000000008009836       0x1c modules/mbedtls/libmbedTLSBase.a(ecp.c.obj)
 .text.mbedtls_mpi_shift_l_mod.constprop.0
                0x0000000008009852       0x1e modules/mbedtls/libmbedTLSBase.a(ecp.c.obj)
 .text.ecp_sw_rhs
                0x0000000008009870       0x7c modules/mbedtls/libmbedTLSBase.a(ecp.c.obj)
 .text.ecp_double_jac
                0x00000000080098ec      0x20c modules/mbedtls/libmbedTLSBase.a(ecp.c.obj)
 .text.mbedtls_ecp_get_type
                0x0000000008009af8       0x12 modules/mbedtls/libmbedTLSBase.a(ecp.c.obj)
                0x0000000008009af8                mbedtls_ecp_get_type
 .text.mbedtls_ecp_point_init
                0x0000000008009b0a       0x1c modules/mbedtls/libmbedTLSBase.a(ecp.c.obj)
                0x0000000008009b0a                mbedtls_ecp_point_init
 .text.mbedtls_ecp_group_init
                0x0000000008009b26       0x42 modules/mbedtls/libmbedTLSBase.a(ecp.c.obj)
                0x0000000008009b26                mbedtls_ecp_group_init
 .text.mbedtls_ecp_keypair_init
                0x0000000008009b68       0x1c modules/mbedtls/libmbedTLSBase.a(ecp.c.obj)
                0x0000000008009b68                mbedtls_ecp_keypair_init
 .text.mbedtls_ecp_point_free
                0x0000000008009b84        0x8 modules/mbedtls/libmbedTLSBase.a(ecp.c.obj)
                0x0000000008009b84                mbedtls_ecp_point_free
 .text.mbedtls_ecp_group_free
                0x0000000008009b8c       0x62 modules/mbedtls/libmbedTLSBase.a(ecp.c.obj)
                0x0000000008009b8c                mbedtls_ecp_group_free
 .text.mbedtls_ecp_keypair_free
                0x0000000008009bee       0x20 modules/mbedtls/libmbedTLSBase.a(ecp.c.obj)
                0x0000000008009bee                mbedtls_ecp_keypair_free
 .text.mbedtls_ecp_copy
                0x0000000008009c0e       0x2c modules/mbedtls/libmbedTLSBase.a(ecp.c.obj)
                0x0000000008009c0e                mbedtls_ecp_copy
 .text.mbedtls_ecp_set_zero
                0x0000000008009c3a       0x28 modules/mbedtls/libmbedTLSBase.a(ecp.c.obj)
                0x0000000008009c3a                mbedtls_ecp_set_zero
 .text.mbedtls_ecp_is_zero
                0x0000000008009c62       0x12 modules/mbedtls/libmbedTLSBase.a(ecp.c.obj)
                0x0000000008009c62                mbedtls_ecp_is_zero
 .text.mbedtls_ecp_mul_shortcuts.isra.0
                0x0000000008009c74       0xc6 modules/mbedtls/libmbedTLSBase.a(ecp.c.obj)
 .text.mbedtls_zeroize_and_free
                0x0000000008009d3a       0x14 modules/mbedtls/libmbedTLSBase.a(platform_util.c.obj)
                0x0000000008009d3a                mbedtls_zeroize_and_free
 .text.mbedtls_sha256_init
                0x0000000008009d4e        0x8 modules/mbedtls/libmbedTLSBase.a(sha256.c.obj)
                0x0000000008009d4e                mbedtls_sha256_init
 .text.mbedtls_sha256_free
                0x0000000008009d56        0xa modules/mbedtls/libmbedTLSBase.a(sha256.c.obj)
                0x0000000008009d56                mbedtls_sha256_free
 .text.mbedtls_sha256_update
                0x0000000008009d60       0x7e modules/mbedtls/libmbedTLSBase.a(sha256.c.obj)
                0x0000000008009d60                mbedtls_sha256_update
 .text.mbedtls_sha256_finish
                0x0000000008009dde       0x9e modules/mbedtls/libmbedTLSBase.a(sha256.c.obj)
                0x0000000008009dde                mbedtls_sha256_finish
 .text.mbedtls_sha256
                0x0000000008009e7c       0x4c modules/mbedtls/libmbedTLSBase.a(sha256.c.obj)
                0x0000000008009e7c                mbedtls_sha256
 .text.mbedtls_sha512_init
                0x0000000008009ec8        0x8 modules/mbedtls/libmbedTLSBase.a(sha512.c.obj)
                0x0000000008009ec8                mbedtls_sha512_init
 .text.mbedtls_sha512_free
                0x0000000008009ed0        0xa modules/mbedtls/libmbedTLSBase.a(sha512.c.obj)
                0x0000000008009ed0                mbedtls_sha512_free
 .text.mbedtls_sha512_update
                0x0000000008009eda       0xa2 modules/mbedtls/libmbedTLSBase.a(sha512.c.obj)
                0x0000000008009eda                mbedtls_sha512_update
 .text.mbedtls_sha512_finish
                0x0000000008009f7c       0xfe modules/mbedtls/libmbedTLSBase.a(sha512.c.obj)
                0x0000000008009f7c                mbedtls_sha512_finish
 .text.mbedtls_sha512
                0x000000000800a07a       0x4e modules/mbedtls/libmbedTLSBase.a(sha512.c.obj)
                0x000000000800a07a                mbedtls_sha512
 .text._mbedtls_init
                0x000000000800a0c8        0x4 modules/mbedtls/libmbedTLSBase.a(zephyr_init.c.obj)
 .text.z_device_state_init
                0x000000000800a0cc        0x2 zephyr/kernel/libkernel.a(device.c.obj)
                0x000000000800a0cc                z_device_state_init
 .text.z_impl_device_is_ready
                0x000000000800a0ce       0x16 zephyr/kernel/libkernel.a(device.c.obj)
                0x000000000800a0ce                z_impl_device_is_ready
 .text.arch_system_halt
                0x000000000800a0e4       0x10 zephyr/kernel/libkernel.a(fatal.c.obj)
                0x000000000800a0e4                arch_system_halt
 .text.do_device_init
                0x000000000800a0f4       0x30 zephyr/kernel/libkernel.a(init.c.obj)
 .text.z_early_memset
                0x000000000800a124        0x4 zephyr/kernel/libkernel.a(init.c.obj)
                0x000000000800a124                z_early_memset
 .text.z_early_memcpy
                0x000000000800a128        0x4 zephyr/kernel/libkernel.a(init.c.obj)
                0x000000000800a128                z_early_memcpy
 .text.z_init_static
                0x000000000800a12c        0xe zephyr/kernel/libkernel.a(init_static.c.obj)
                0x000000000800a12c                z_init_static
 .text.idle     0x000000000800a13a       0x16 zephyr/kernel/libkernel.a(idle.c.obj)
                0x000000000800a13a                idle
 .text.adjust_owner_prio.isra.0
                0x000000000800a150       0x10 zephyr/kernel/libkernel.a(mutex.c.obj)
 .text.z_impl_k_sem_init
                0x000000000800a160       0x18 zephyr/kernel/libkernel.a(sem.c.obj)
                0x000000000800a160                z_impl_k_sem_init
 .text.k_is_in_isr
                0x000000000800a178        0xc zephyr/kernel/libkernel.a(thread.c.obj)
                0x000000000800a178                k_is_in_isr
 .text.k_thread_name_get
                0x000000000800a184        0x4 zephyr/kernel/libkernel.a(thread.c.obj)
                0x000000000800a184                k_thread_name_get
 .text.z_impl_k_thread_start
                0x000000000800a188        0x4 zephyr/kernel/libkernel.a(thread.c.obj)
                0x000000000800a188                z_impl_k_thread_start
 .text.sys_dlist_remove
                0x000000000800a18c       0x10 zephyr/kernel/libkernel.a(sched.c.obj)
 .text.unpend_thread_no_timeout
                0x000000000800a19c       0x14 zephyr/kernel/libkernel.a(sched.c.obj)
 .text.add_to_waitq_locked
                0x000000000800a1b0       0x50 zephyr/kernel/libkernel.a(sched.c.obj)
 .text.z_ready_thread
                0x000000000800a200       0x1e zephyr/kernel/libkernel.a(sched.c.obj)
                0x000000000800a200                z_ready_thread
 .text.z_impl_k_thread_suspend
                0x000000000800a21e       0x32 zephyr/kernel/libkernel.a(sched.c.obj)
                0x000000000800a21e                z_impl_k_thread_suspend
 .text.z_unpend_thread_no_timeout
                0x000000000800a250       0x22 zephyr/kernel/libkernel.a(sched.c.obj)
                0x000000000800a250                z_unpend_thread_no_timeout
 .text.z_sched_wake_thread
                0x000000000800a272       0x42 zephyr/kernel/libkernel.a(sched.c.obj)
                0x000000000800a272                z_sched_wake_thread
 .text.z_thread_timeout
                0x000000000800a2b4        0x8 zephyr/kernel/libkernel.a(sched.c.obj)
                0x000000000800a2b4                z_thread_timeout
 .text.z_unpend1_no_timeout
                0x000000000800a2bc       0x2c zephyr/kernel/libkernel.a(sched.c.obj)
                0x000000000800a2bc                z_unpend1_no_timeout
 .text.z_unpend_first_thread
                0x000000000800a2e8       0x36 zephyr/kernel/libkernel.a(sched.c.obj)
                0x000000000800a2e8                z_unpend_first_thread
 .text.z_thread_abort
                0x000000000800a31e       0x44 zephyr/kernel/libkernel.a(sched.c.obj)
                0x000000000800a31e                z_thread_abort
 .text.z_abort_timeout
                0x000000000800a362       0x2a zephyr/kernel/libkernel.a(timeout.c.obj)
                0x000000000800a362                z_abort_timeout
 .text.sys_clock_tick_get_32
                0x000000000800a38c        0x8 zephyr/kernel/libkernel.a(timeout.c.obj)
                0x000000000800a38c                sys_clock_tick_get_32
 .text.z_impl_k_uptime_ticks
                0x000000000800a394        0x4 zephyr/kernel/libkernel.a(timeout.c.obj)
                0x000000000800a394                z_impl_k_uptime_ticks
 .text.k_timer_init
                0x000000000800a398       0x18 zephyr/kernel/libkernel.a(timer.c.obj)
                0x000000000800a398                k_timer_init
 .text.z_impl_k_timer_stop
                0x000000000800a3b0       0x38 zephyr/kernel/libkernel.a(timer.c.obj)
                0x000000000800a3b0                z_impl_k_timer_stop
 .text.k_heap_init
                0x000000000800a3e8       0x10 zephyr/kernel/libkernel.a(kheap.c.obj)
                0x000000000800a3e8                k_heap_init
 .text.memcpy   0x000000000800a3f8       0x1c /home/suchlp/zephyr-sdk-0.17.0/arm-zephyr-eabi/bin/../lib/gcc/../../picolibc/arm-zephyr-eabi/lib/thumb/v7e-m/nofp/libc.a(memcpy.c.o)
                0x000000000800a3f8                memcpy
                0x000000000800a3f8                __aeabi_memcpy
                0x000000000800a3f8                __aeabi_memcpy4
                0x000000000800a3f8                __aeabi_memcpy8
 .text.memset   0x000000000800a414       0x10 /home/suchlp/zephyr-sdk-0.17.0/arm-zephyr-eabi/bin/../lib/gcc/../../picolibc/arm-zephyr-eabi/lib/thumb/v7e-m/nofp/libc.a(memset.c.o)
                0x000000000800a414                memset
 .text.strncpy  0x000000000800a424       0x20 /home/suchlp/zephyr-sdk-0.17.0/arm-zephyr-eabi/bin/../lib/gcc/../../picolibc/arm-zephyr-eabi/lib/thumb/v7e-m/nofp/libc.a(libc_string_strncpy.c.o)
                0x000000000800a424                strncpy
 .text.strnlen  0x000000000800a444       0x18 /home/suchlp/zephyr-sdk-0.17.0/arm-zephyr-eabi/bin/../lib/gcc/../../picolibc/arm-zephyr-eabi/lib/thumb/v7e-m/nofp/libc.a(libc_string_strnlen.c.o)
                0x000000000800a444                strnlen
 .text.__ultoa_invert
                0x000000000800a45c       0xae /home/suchlp/zephyr-sdk-0.17.0/arm-zephyr-eabi/bin/../lib/gcc/../../picolibc/arm-zephyr-eabi/lib/thumb/v7e-m/nofp/libc.a(libc_tinystdio_vflprintf.c.o)
 .text.__file_str_put
                0x000000000800a50a       0x10 /home/suchlp/zephyr-sdk-0.17.0/arm-zephyr-eabi/bin/../lib/gcc/../../picolibc/arm-zephyr-eabi/lib/thumb/v7e-m/nofp/libc.a(libc_tinystdio_filestrput.c.o)
                0x000000000800a50a                __file_str_put
 *(SORT_BY_ALIGNMENT(.TEXT.*))
 *fill*         0x000000000800a51a        0x2 
 .TEXT.__aeabi_read_tp
                0x000000000800a51c        0xc zephyr/arch/arch/arm/core/cortex_m/libarch__arm__core__cortex_m.a(__aeabi_read_tp.S.obj)
                0x000000000800a51c                __aeabi_read_tp
 *(SORT_BY_ALIGNMENT(.gnu.linkonce.t.*))
 *(SORT_BY_ALIGNMENT(.glue_7t))
 .glue_7t       0x000000000800a528        0x0 linker stubs
 *(SORT_BY_ALIGNMENT(.glue_7))
 .glue_7        0x000000000800a528        0x0 linker stubs
 *(SORT_BY_ALIGNMENT(.vfp11_veneer))
 .vfp11_veneer  0x000000000800a528        0x0 linker stubs
 *(SORT_BY_ALIGNMENT(.v4_bx))
 .v4_bx         0x000000000800a528        0x0 linker stubs
                0x000000000800a528                . = ALIGN (0x4)
                0x000000000800a528                __text_region_end = .

.ARM.extab
 *(SORT_BY_ALIGNMENT(.ARM.extab*) SORT_BY_ALIGNMENT(.gnu.linkonce.armextab.*))

.ARM.exidx      0x000000000800a528        0x8
                0x000000000800a528                __exidx_start = .
 *(SORT_BY_ALIGNMENT(.ARM.exidx*) SORT_BY_ALIGNMENT(gnu.linkonce.armexidx.*))
 .ARM.exidx     0x000000000800a528        0x8 /home/suchlp/zephyr-sdk-0.17.0/arm-zephyr-eabi/bin/../lib/gcc/arm-zephyr-eabi/12.2.0/thumb/v7e-m/nofp/libgcc.a(_udivmoddi4.o)
 .ARM.exidx     0x000000000800a530        0x0 /home/suchlp/zephyr-sdk-0.17.0/arm-zephyr-eabi/bin/../lib/gcc/../../picolibc/arm-zephyr-eabi/lib/thumb/v7e-m/nofp/libc.a(strlen.S.o)
                                          0x8 (size before relaxing)
                0x000000000800a530                __exidx_end = .
                0x000000000800a530                __rodata_region_start = .

initlevel       0x000000000800a530       0xb8
                0x000000000800a530                __init_start = .
                0x000000000800a530                __init_EARLY_start = .
 *(SORT_BY_NAME(SORT_BY_ALIGNMENT(.z_init_EARLY?_*)))
 *(SORT_BY_NAME(SORT_BY_ALIGNMENT(.z_init_EARLY??_*)))
                0x000000000800a530                __init_PRE_KERNEL_1_start = .
 *(SORT_BY_NAME(SORT_BY_ALIGNMENT(.z_init_PRE_KERNEL_1?_*)))
 .z_init_PRE_KERNEL_10_0_
                0x000000000800a530        0x8 zephyr/libzephyr.a(soc.c.obj)
 .z_init_PRE_KERNEL_11_00008_
                0x000000000800a538        0x8 zephyr/drivers/clock_control/libdrivers__clock_control.a(clock_stm32_ll_common.c.obj)
 .z_init_PRE_KERNEL_11_0_
                0x000000000800a540        0x8 zephyr/libzephyr.a(soc_config.c.obj)
 *(SORT_BY_NAME(SORT_BY_ALIGNMENT(.z_init_PRE_KERNEL_1??_*)))
 .z_init_PRE_KERNEL_130_0_
                0x000000000800a548        0x8 zephyr/kernel/libkernel.a(kheap.c.obj)
 .z_init_PRE_KERNEL_135_00056_
                0x000000000800a550        0x8 zephyr/drivers/reset/libdrivers__reset.a(reset_stm32.c.obj)
 .z_init_PRE_KERNEL_140_00030_
                0x000000000800a558        0x8 zephyr/drivers/gpio/libdrivers__gpio.a(gpio_stm32.c.obj)
 .z_init_PRE_KERNEL_140_00033_
                0x000000000800a560        0x8 zephyr/drivers/gpio/libdrivers__gpio.a(gpio_stm32.c.obj)
 .z_init_PRE_KERNEL_140_00053_
                0x000000000800a568        0x8 zephyr/drivers/interrupt_controller/libdrivers__interrupt_controller.a(intc_exti_stm32.c.obj)
 .z_init_PRE_KERNEL_140_00088_
                0x000000000800a570        0x8 zephyr/drivers/gpio/libdrivers__gpio.a(gpio_stm32.c.obj)
 .z_init_PRE_KERNEL_140_00089_
                0x000000000800a578        0x8 zephyr/drivers/gpio/libdrivers__gpio.a(gpio_stm32.c.obj)
 .z_init_PRE_KERNEL_140_00090_
                0x000000000800a580        0x8 zephyr/drivers/gpio/libdrivers__gpio.a(gpio_stm32.c.obj)
 .z_init_PRE_KERNEL_140_00091_
                0x000000000800a588        0x8 zephyr/drivers/gpio/libdrivers__gpio.a(gpio_stm32.c.obj)
 .z_init_PRE_KERNEL_140_00092_
                0x000000000800a590        0x8 zephyr/drivers/gpio/libdrivers__gpio.a(gpio_stm32.c.obj)
 .z_init_PRE_KERNEL_140_00093_
                0x000000000800a598        0x8 zephyr/drivers/gpio/libdrivers__gpio.a(gpio_stm32.c.obj)
 .z_init_PRE_KERNEL_140_00094_
                0x000000000800a5a0        0x8 zephyr/drivers/gpio/libdrivers__gpio.a(gpio_stm32.c.obj)
 .z_init_PRE_KERNEL_150_00060_
                0x000000000800a5a8        0x8 zephyr/drivers/serial/libdrivers__serial.a(uart_stm32.c.obj)
 .z_init_PRE_KERNEL_150_00066_
                0x000000000800a5b0        0x8 zephyr/drivers/serial/libdrivers__serial.a(uart_stm32.c.obj)
 .z_init_PRE_KERNEL_160_0_
                0x000000000800a5b8        0x8 zephyr/drivers/console/libdrivers__console.a(uart_console.c.obj)
                0x000000000800a5c0                __init_PRE_KERNEL_2_start = .
 *(SORT_BY_NAME(SORT_BY_ALIGNMENT(.z_init_PRE_KERNEL_2?_*)))
 .z_init_PRE_KERNEL_20_0_
                0x000000000800a5c0        0x8 zephyr/drivers/timer/libdrivers__timer.a(cortex_m_systick.c.obj)
 *(SORT_BY_NAME(SORT_BY_ALIGNMENT(.z_init_PRE_KERNEL_2??_*)))
                0x000000000800a5c8                __init_POST_KERNEL_start = .
 *(SORT_BY_NAME(SORT_BY_ALIGNMENT(.z_init_POST_KERNEL?_*)))
 .z_init_POST_KERNEL0_0_
                0x000000000800a5c8        0x8 zephyr/libzephyr.a(log_core.c.obj)
 *(SORT_BY_NAME(SORT_BY_ALIGNMENT(.z_init_POST_KERNEL??_*)))
 .z_init_POST_KERNEL35_0_
                0x000000000800a5d0        0x8 zephyr/lib/libc/common/liblib__libc__common.a(malloc.c.obj)
 .z_init_POST_KERNEL40_0_
                0x000000000800a5d8        0x8 modules/mbedtls/libmbedTLSBase.a(zephyr_init.c.obj)
 .z_init_POST_KERNEL50_00081_
                0x000000000800a5e0        0x8 zephyr/drivers/flash/libdrivers__flash.a(flash_stm32.c.obj)
                0x000000000800a5e8                __init_APPLICATION_start = .
 *(SORT_BY_NAME(SORT_BY_ALIGNMENT(.z_init_APPLICATION?_*)))
 *(SORT_BY_NAME(SORT_BY_ALIGNMENT(.z_init_APPLICATION??_*)))
                0x000000000800a5e8                __init_SMP_start = .
 *(SORT_BY_NAME(SORT_BY_ALIGNMENT(.z_init_SMP?_*)))
 *(SORT_BY_NAME(SORT_BY_ALIGNMENT(.z_init_SMP??_*)))
                0x000000000800a5e8                __init_end = .
                0x000000000800a5e8                __deferred_init_list_start = .
 *(SORT_BY_ALIGNMENT(.z_deferred_init*))
                0x000000000800a5e8                __deferred_init_list_end = .

device_area     0x000000000800a5e8      0x12c
                0x000000000800a5e8                _device_list_start = .
 *(SORT_BY_NAME(SORT_BY_ALIGNMENT(._device.static.*_?_*)))
 ._device.static.1_1_
                0x000000000800a5e8       0x14 zephyr/drivers/clock_control/libdrivers__clock_control.a(clock_stm32_ll_common.c.obj)
                0x000000000800a5e8                __device_dts_ord_8
 *(SORT_BY_NAME(SORT_BY_ALIGNMENT(._device.static.*_??_*)))
 ._device.static.1_35_
                0x000000000800a5fc       0x14 zephyr/drivers/reset/libdrivers__reset.a(reset_stm32.c.obj)
                0x000000000800a5fc                __device_dts_ord_56
 ._device.static.1_40_
                0x000000000800a610       0x14 zephyr/drivers/interrupt_controller/libdrivers__interrupt_controller.a(intc_exti_stm32.c.obj)
                0x000000000800a610                __device_dts_ord_53
 ._device.static.1_40_
                0x000000000800a624       0xb4 zephyr/drivers/gpio/libdrivers__gpio.a(gpio_stm32.c.obj)
                0x000000000800a624                __device_dts_ord_94
                0x000000000800a638                __device_dts_ord_93
                0x000000000800a64c                __device_dts_ord_92
                0x000000000800a660                __device_dts_ord_91
                0x000000000800a674                __device_dts_ord_90
                0x000000000800a688                __device_dts_ord_33
                0x000000000800a69c                __device_dts_ord_89
                0x000000000800a6b0                __device_dts_ord_88
                0x000000000800a6c4                __device_dts_ord_30
 ._device.static.1_50_
                0x000000000800a6d8       0x28 zephyr/drivers/serial/libdrivers__serial.a(uart_stm32.c.obj)
                0x000000000800a6d8                __device_dts_ord_60
                0x000000000800a6ec                __device_dts_ord_66
 ._device.static.3_50_
                0x000000000800a700       0x14 zephyr/drivers/flash/libdrivers__flash.a(flash_stm32.c.obj)
                0x000000000800a700                __device_dts_ord_81
                0x000000000800a714                _device_list_end = .

sw_isr_table    0x000000000800a714      0x290
                0x000000000800a714                . = ALIGN (0x4)
 *(SORT_BY_ALIGNMENT(.gnu.linkonce.sw_isr_table*))
 .gnu.linkonce.sw_isr_table
                0x000000000800a714      0x290 zephyr/CMakeFiles/zephyr_final.dir/isr_tables.c.obj
                0x000000000800a714                _sw_isr_table

initlevel_error
                0x000000000800a530        0x0
 *(SORT_BY_NAME(SORT_BY_ALIGNMENT(.z_init_[_A-Z0-9]*)))
                0x0000000000000001                ASSERT ((SIZEOF (initlevel_error) == 0x0), Undefined initialization levels used.)

app_shmem_regions
                0x000000000800a9a4        0x0
                0x000000000800a9a4                __app_shmem_regions_start = .
 *(SORT_BY_NAME(SORT_BY_ALIGNMENT(.app_regions.*)))
                0x000000000800a9a4                __app_shmem_regions_end = .

k_p4wq_initparam_area
                0x000000000800a9a4        0x0
                0x000000000800a9a4                _k_p4wq_initparam_list_start = .
 *(SORT_BY_NAME(SORT_BY_ALIGNMENT(._k_p4wq_initparam.static.*)))
                0x000000000800a9a4                _k_p4wq_initparam_list_end = .

_static_thread_data_area
                0x000000000800a9a4        0x0
                0x000000000800a9a4                __static_thread_data_list_start = .
 *(SORT_BY_NAME(SORT_BY_ALIGNMENT(.__static_thread_data.static.*)))
                0x000000000800a9a4                __static_thread_data_list_end = .

device_deps     0x000000000800a9a4        0x0
                0x000000000800a9a4                __device_deps_start = .
 *(SORT_BY_NAME(SORT_BY_ALIGNMENT(.__device_deps_pass2*)))
                0x000000000800a9a4                __device_deps_end = .

ztest           0x000000000800a9a4        0x0
                0x000000000800a9a4                _ztest_expected_result_entry_list_start = .
 *(SORT_BY_NAME(SORT_BY_ALIGNMENT(._ztest_expected_result_entry.static.*)))
                0x000000000800a9a4                _ztest_expected_result_entry_list_end = .
                0x000000000800a9a4                _ztest_suite_node_list_start = .
 *(SORT_BY_NAME(SORT_BY_ALIGNMENT(._ztest_suite_node.static.*)))
                0x000000000800a9a4                _ztest_suite_node_list_end = .
                0x000000000800a9a4                _ztest_unit_test_list_start = .
 *(SORT_BY_NAME(SORT_BY_ALIGNMENT(._ztest_unit_test.static.*)))
                0x000000000800a9a4                _ztest_unit_test_list_end = .
                0x000000000800a9a4                _ztest_test_rule_list_start = .
 *(SORT_BY_NAME(SORT_BY_ALIGNMENT(._ztest_test_rule.static.*)))
                0x000000000800a9a4                _ztest_test_rule_list_end = .

ctors           0x000000000800a9a4        0xc
                0x000000000800a9a4                . = ALIGN (0x4)
                0x000000000800a9a4                __ZEPHYR_CTOR_LIST__ = .
                0x000000000800a9a4        0x4 LONG 0x0 (((__ZEPHYR_CTOR_END__ - __ZEPHYR_CTOR_LIST__) / 0x4) - 0x2)
 *(SORT_BY_NAME(SORT_BY_ALIGNMENT(.ctors*)))
                0x000000000800a9a8                __CTOR_LIST__ = .
                0x000000000800a9a8        0x4 LONG 0x0
                0x000000000800a9ac                __ZEPHYR_CTOR_END__ = .
                0x000000000800a9ac        0x4 LONG 0x0
                0x000000000800a9b0                __CTOR_END__ = .

init_array      0x000000000800a9b0        0x0
                0x000000000800a9b0                . = ALIGN (0x4)
                0x000000000800a9b0                __init_array_start = .
                0x000000000800a9b0                __init_array_end = .
                0x000000000800a9b0                __zephyr_init_array_start = .
 *(SORT_BY_NAME(SORT_BY_ALIGNMENT(.init_array*)))
                0x000000000800a9b0                __zephyr_init_array_end = .

bt_l2cap_fixed_chan_area
                0x000000000800a9b0        0x0
                0x000000000800a9b0                _bt_l2cap_fixed_chan_list_start = .
 *(SORT_BY_NAME(SORT_BY_ALIGNMENT(._bt_l2cap_fixed_chan.static.*)))
                0x000000000800a9b0                _bt_l2cap_fixed_chan_list_end = .

bt_gatt_service_static_area
                0x000000000800a9b0        0x0
                0x000000000800a9b0                _bt_gatt_service_static_list_start = .
 *(SORT_BY_NAME(SORT_BY_ALIGNMENT(._bt_gatt_service_static.static.*)))
                0x000000000800a9b0                _bt_gatt_service_static_list_end = .

log_strings_area
                0x000000000800a9b0        0x0
                0x000000000800a9b0                _log_strings_list_start = .
 *(SORT_BY_NAME(SORT_BY_ALIGNMENT(._log_strings.static.*)))
                0x000000000800a9b0                _log_strings_list_end = .

log_const_area  0x000000000800a9b0       0x80
                0x000000000800a9b0                _log_const_list_start = .
 *(SORT_BY_NAME(SORT_BY_ALIGNMENT(._log_const.static.*)))
 ._log_const.static.log_const_cbprintf_package_
                0x000000000800a9b0        0x8 zephyr/libzephyr.a(cbprintf_packaged.c.obj)
                0x000000000800a9b0                log_const_cbprintf_package
 ._log_const.static.log_const_flash_
                0x000000000800a9b8        0x8 zephyr/libzephyr.a(flash_util.c.obj)
                0x000000000800a9b8                log_const_flash
 ._log_const.static.log_const_flash_stm32_
                0x000000000800a9c0        0x8 zephyr/drivers/flash/libdrivers__flash.a(flash_stm32.c.obj)
                0x000000000800a9c0                log_const_flash_stm32
 ._log_const.static.log_const_flash_stm32f4x_
                0x000000000800a9c8        0x8 zephyr/drivers/flash/libdrivers__flash.a(flash_stm32f4x.c.obj)
                0x000000000800a9c8                log_const_flash_stm32f4x
 ._log_const.static.log_const_inference_
                0x000000000800a9d0        0x8 app/libapp.a(inference_thread.c.obj)
                0x000000000800a9d0                log_const_inference
 ._log_const.static.log_const_log_
                0x000000000800a9d8        0x8 zephyr/libzephyr.a(log_core.c.obj)
                0x000000000800a9d8                log_const_log
 ._log_const.static.log_const_log_mgmt_
                0x000000000800a9e0        0x8 zephyr/libzephyr.a(log_mgmt.c.obj)
                0x000000000800a9e0                log_const_log_mgmt
 ._log_const.static.log_const_log_uart_
                0x000000000800a9e8        0x8 zephyr/libzephyr.a(log_backend_uart.c.obj)
                0x000000000800a9e8                log_const_log_uart
 ._log_const.static.log_const_main_
                0x000000000800a9f0        0x8 app/libapp.a(main.c.obj)
                0x000000000800a9f0                log_const_main
 ._log_const.static.log_const_model_verify_
                0x000000000800a9f8        0x8 app/libapp.a(model_verify.c.obj)
                0x000000000800a9f8                log_const_model_verify
 ._log_const.static.log_const_os_
                0x000000000800aa00        0x8 zephyr/kernel/libkernel.a(init.c.obj)
                0x000000000800aa00                log_const_os
 ._log_const.static.log_const_ota_rx_
                0x000000000800aa08        0x8 app/libapp.a(ota_receiver.c.obj)
                0x000000000800aa08                log_const_ota_rx
 ._log_const.static.log_const_spdm_
                0x000000000800aa10        0x8 app/libapp.a(spdm_responder.c.obj)