Archive member included to satisfy reference by file (symbol)

app/libapp.a(main.c.obj)      (--whole-archive)
app/libapp.a(model_verify.c.obj)
                              (--whole-archive)
app/libapp.a(version_check.c.obj)
                              (--whole-archive)
app/libapp.a(spdm_responder.c.obj)
                              (--whole-archive)
app/libapp.a(inference_thread.c.obj)
                              (--whole-archive)
app/libapp.a(ota_receiver.c.obj)
                              (--whole-archive)
app/libapp.a(anomaly_model_data.cc.obj)
                              (--whole-archive)
zephyr/libzephyr.a(crc32c_sw.c.obj)
                              (--whole-archive)
zephyr/libzephyr.a(crc32_sw.c.obj)
                              (--whole-archive)
zephyr/libzephyr.a(crc24_sw.c.obj)
                              (--whole-archive)
zephyr/libzephyr.a(crc16_sw.c.obj)
                              (--whole-archive)
zephyr/libzephyr.a(crc8_sw.c.obj)
                              (--whole-archive)
zephyr/libzephyr.a(crc7_sw.c.obj)
                              (--whole-archive)
zephyr/libzephyr.a(crc4_sw.c.obj)
                              (--whole-archive)
zephyr/libzephyr.a(cpp_dtors.c.obj)
                              (--whole-archive)
zephyr/libzephyr.a(heap.c.obj)
                              (--whole-archive)
zephyr/libzephyr.a(cbprintf_packaged.c.obj)
                              (--whole-archive)
zephyr/libzephyr.a(printk.c.obj)
                              (--whole-archive)
zephyr/libzephyr.a(sem.c.obj)
                              (--whole-archive)
zephyr/libzephyr.a(thread_entry.c.obj)
                              (--whole-archive)
zephyr/libzephyr.a(cbprintf_complete.c.obj)
                              (--whole-archive)
zephyr/libzephyr.a(assert.c.obj)
                              (--whole-archive)
zephyr/libzephyr.a(mpsc_pbuf.c.obj)
                              (--whole-archive)
zephyr/libzephyr.a(reboot.c.obj)
                              (--whole-archive)
zephyr/libzephyr.a(dec.c.obj)
                              (--whole-archive)
zephyr/libzephyr.a(hex.c.obj)
                              (--whole-archive)
zephyr/libzephyr.a(rb.c.obj)  (--whole-archive)
zephyr/libzephyr.a(timeutil.c.obj)
                              (--whole-archive)
zephyr/libzephyr.a(bitarray.c.obj)
                              (--whole-archive)
zephyr/libzephyr.a(configs.c.obj)
                              (--whole-archive)
zephyr/libzephyr.a(stm32cube_hal.c.obj)
                              (--whole-archive)
zephyr/libzephyr.a(soc_config.c.obj)
                              (--whole-archive)
zephyr/libzephyr.a(soc.c.obj)
                              (--whole-archive)
zephyr/libzephyr.a(log_core.c.obj)
                              (--whole-archive)
zephyr/libzephyr.a(log_mgmt.c.obj)
                              (--whole-archive)
zephyr/libzephyr.a(log_cache.c.obj)
                              (--whole-archive)
zephyr/libzephyr.a(log_msg.c.obj)
                              (--whole-archive)
zephyr/libzephyr.a(log_output.c.obj)
                              (--whole-archive)
zephyr/libzephyr.a(log_backend_uart.c.obj)
                              (--whole-archive)
zephyr/libzephyr.a(flash_map.c.obj)
                              (--whole-archive)
zephyr/libzephyr.a(flash_map_default.c.obj)
                              (--whole-archive)
zephyr/libzephyr.a(flash_map_layout.c.obj)
                              (--whole-archive)
zephyr/libzephyr.a(tracing_none.c.obj)
                              (--whole-archive)
zephyr/libzephyr.a(flash_util.c.obj)
                              (--whole-archive)
zephyr/arch/common/libarch__common.a(sw_isr_common.c.obj)
                              (--whole-archive)
zephyr/arch/arch/arm/core/libarch__arm__core.a(fatal.c.obj)
                              (--whole-archive)
zephyr/arch/arch/arm/core/libarch__arm__core.a(nmi.c.obj)
                              (--whole-archive)
zephyr/arch/arch/arm/core/libarch__arm__core.a(nmi_on_reset.S.obj)
                              (--whole-archive)
zephyr/arch/arch/arm/core/libarch__arm__core.a(__aeabi_atexit.c.obj)
                              (--whole-archive)
zephyr/arch/arch/arm/core/libarch__arm__core.a(tls.c.obj)
                              (--whole-archive)
zephyr/arch/arch/arm/core/cortex_m/libarch__arm__core__cortex_m.a(exc_exit.c.obj)
                              (--whole-archive)
zephyr/arch/arch/arm/core/cortex_m/libarch__arm__core__cortex_m.a(fault.c.obj)
                              (--whole-archive)
zephyr/arch/arch/arm/core/cortex_m/libarch__arm__core__cortex_m.a(fault_s.S.obj)
                              (--whole-archive)
zephyr/arch/arch/arm/core/cortex_m/libarch__arm__core__cortex_m.a(fpu.c.obj)
                              (--whole-archive)
zephyr/arch/arch/arm/core/cortex_m/libarch__arm__core__cortex_m.a(reset.S.obj)
                              (--whole-archive)
[...]
Memory Configuration

Name             Origin             Length             Attributes
FLASH            0x0000000008000000 0x0000000000100000 xr
RAM              0x0000000020000000 0x0000000000020000 xw
CCM              0x0000000010000000 0x0000000000010000
IDT_LIST         0x00000000ffff7fff 0x0000000000008000 xw
*default*        0x0000000000000000 0xffffffffffffffff

Linker script and memory map

                0x0000000008006f88                vfprintf = __l_vfprintf
                0x0000000000000000                vfscanf = __l_vfscanf
LOAD zephyr/CMakeFiles/zephyr_pre0.dir/misc/empty_file.c.obj
LOAD zephyr/CMakeFiles/offsets.dir/./arch/arm/core/offsets/offsets.c.obj
LOAD app/libapp.a
LOAD zephyr/libzephyr.a
LOAD zephyr/arch/common/libarch__common.a
LOAD zephyr/arch/arch/arm/core/libarch__arm__core.a
LOAD zephyr/arch/arch/arm/core/cortex_m/libarch__arm__core__cortex_m.a
LOAD zephyr/lib/libc/picolibc/liblib__libc__picolibc.a
LOAD zephyr/lib/libc/common/liblib__libc__common.a
LOAD zephyr/drivers/interrupt_controller/libdrivers__interrupt_controller.a
LOAD zephyr/drivers/clock_control/libdrivers__clock_control.a
LOAD zephyr/drivers/console/libdrivers__console.a
LOAD zephyr/drivers/flash/libdrivers__flash.a
LOAD zephyr/drivers/gpio/libdrivers__gpio.a
LOAD zephyr/drivers/pinctrl/libdrivers__pinctrl.a
LOAD zephyr/drivers/reset/libdrivers__reset.a
LOAD zephyr/drivers/serial/libdrivers__serial.a
LOAD zephyr/drivers/timer/libdrivers__timer.a
LOAD modules/stm32/stm32cube/lib..__modules__hal__stm32__stm32cube.a
LOAD modules/mbedtls/libmbedTLSBase.a
LOAD modules/mbedtls/libmbedTLSCrypto.a
LOAD modules/mbedtls/libmbedTLSX509.a
LOAD modules/mbedtls/libmodules__mbedtls.a
LOAD zephyr/kernel/libkernel.a
LOAD /home/suchlp/zephyr-sdk-0.17.0/arm-zephyr-eabi/bin/../lib/gcc/arm-zephyr-eabi/12.2.0/thumb/v7e-m/nofp/libgcc.a
LOAD zephyr/arch/common/libisr_tables.a
LOAD modules/mbedtls/libmbedTLSBase.a
LOAD modules/mbedtls/libmbedTLSCrypto.a
LOAD modules/mbedtls/libmbedTLSX509.a
LOAD /home/suchlp/zephyr-sdk-0.17.0/arm-zephyr-eabi/bin/../lib/gcc/../../picolibc/arm-zephyr-eabi/lib/thumb/v7e-m/nofp/libstdc++.a
LOAD /home/suchlp/zephyr-sdk-0.17.0/arm-zephyr-eabi/bin/../lib/gcc/../../picolibc/arm-zephyr-eabi/lib/thumb/v7e-m/nofp/libc.a
LOAD /home/suchlp/zephyr-sdk-0.17.0/arm-zephyr-eabi/bin/../lib/gcc/arm-zephyr-eabi/12.2.0/thumb/v7e-m/nofp/libgcc.a
                0x0000000000000004                _region_min_align = 0x4

.rel.plt        0x0000000008000000        0x0
 *(SORT_BY_ALIGNMENT(.rel.plt))
                [!provide]                        PROVIDE (__rel_iplt_start = .)
 *(SORT_BY_ALIGNMENT(.rel.iplt))
 .rel.iplt      0x0000000008000000        0x0 app/libapp.a(main.c.obj)
                [!provide]                        PROVIDE (__rel_iplt_end = .)

.rela.plt       0x0000000000000000        0x0
 *(SORT_BY_ALIGNMENT(.rela.plt))
                [!provide]                        PROVIDE (__rela_iplt_start = .)
 *(SORT_BY_ALIGNMENT(.rela.iplt))
                [!provide]                        PROVIDE (__rela_iplt_end = .)

.rel.dyn
 *(SORT_BY_ALIGNMENT(.rel.*))

.rela.dyn
 *(SORT_BY_ALIGNMENT(.rela.*))

/DISCARD/
 *(SORT_BY_ALIGNMENT(.plt))

/DISCARD/
 *(SORT_BY_ALIGNMENT(.iplt))
                0x0000000008000000                __rom_region_start = 0x8000000

rom_start       0x0000000008000000      0x188
                0x0000000008000000                __rom_start_address = .
 FILL mask 0x00
                0x0000000008000000                . = (. + (0x0 - (. - __rom_start_address)))
                0x0000000008000000                . = ALIGN (0x4)
                0x0000000008000000                . = ALIGN (0x80)
                0x0000000008000000                . = ALIGN (0x200)
                0x0000000008000000                _vector_start = .
 *(SORT_BY_ALIGNMENT(.exc_vector_table))
 *(SORT_BY_ALIGNMENT(.exc_vector_table.*))
 .exc_vector_table._vector_table_section
                0x0000000008000000       0x40 zephyr/arch/arch/arm/core/cortex_m/libarch__arm__core__cortex_m.a(vector_table.S.obj)
                0x0000000008000000                _vector_table
 *(SORT_BY_ALIGNMENT(.vectors))
                0x0000000008000188                _vector_end = .
                0x0000000008000040                . = ALIGN (0x4)
 *(SORT_BY_ALIGNMENT(.gnu.linkonce.irq_vector_table*))
 .gnu.linkonce.irq_vector_table
                0x0000000008000040      0x148 zephyr/arch/common/libisr_tables.a(isr_tables.c.obj)
                0x0000000008000040                _irq_vector_table
                0x0000000008000188                _vector_end = .

text            0x0000000008000188     0xa86c
                0x0000000008000188                __text_region_start = .
 *(SORT_BY_ALIGNMENT(.text))
 .text          0x0000000008000188      0x168 /home/suchlp/zephyr-sdk-0.17.0/arm-zephyr-eabi/bin/../lib/gcc/arm-zephyr-eabi/12.2.0/thumb/v7e-m/nofp/libgcc.a(_arm_mulsf3.o)
                0x0000000008000188                __mulsf3
                0x0000000008000188                __aeabi_fmul
 .text          0x00000000080002f0      0x378 /home/suchlp/zephyr-sdk-0.17.0/arm-zephyr-eabi/bin/../lib/gcc/arm-zephyr-eabi/12.2.0/thumb/v7e-m/nofp/libgcc.a(_arm_addsubdf3.o)
                0x00000000080002f0                __aeabi_drsub
                0x00000000080002f8                __aeabi_dsub
                0x00000000080002f8                __subdf3
                0x00000000080002fc                __adddf3
                0x00000000080002fc                __aeabi_dadd
                0x0000000008000574                __aeabi_ui2d
                0x0000000008000574                __floatunsidf
                0x0000000008000594                __floatsidf
                0x0000000008000594                __aeabi_i2d
                0x00000000080005b8                __extendsfdf2
                0x00000000080005b8                __aeabi_f2d
                0x00000000080005fc                __aeabi_ul2d
                0x00000000080005fc                __floatundidf
                0x000000000800060c                __floatdidf
                0x000000000800060c                __aeabi_l2d
 .text          0x0000000008000668      0x21c /home/suchlp/zephyr-sdk-0.17.0/arm-zephyr-eabi/bin/../lib/gcc/arm-zephyr-eabi/12.2.0/thumb/v7e-m/nofp/libgcc.a(_arm_addsubsf3.o)
                0x0000000008000668                __aeabi_frsub
                0x0000000008000670                __subsf3
                0x0000000008000670                __aeabi_fsub
                0x0000000008000674                __aeabi_fadd
                0x0000000008000674                __addsf3
                0x00000000080007d4                __aeabi_ui2f
                0x00000000080007d4                __floatunsisf
                0x00000000080007dc                __aeabi_i2f
                0x00000000080007dc                __floatsisf
                0x00000000080007f8                __floatundisf
                0x00000000080007f8                __aeabi_ul2f
                0x0000000008000808                __floatdisf
                0x0000000008000808                __aeabi_l2f
 .text          0x0000000008000884       0xec /home/suchlp/zephyr-sdk-0.17.0/arm-zephyr-eabi/bin/../lib/gcc/arm-zephyr-eabi/12.2.0/thumb/v7e-m/nofp/libgcc.a(_arm_cmpsf2.o)
                0x0000000008000884                __gtsf2
                0x0000000008000884                __gesf2
                0x000000000800088c                __lesf2
                0x000000000800088c                __ltsf2
                0x0000000008000894                __nesf2
                0x0000000008000894                __eqsf2
                0x0000000008000894                __cmpsf2
                0x00000000080008f4                __aeabi_cfrcmple
                0x00000000080008fc                __aeabi_cfcmple
                0x00000000080008fc                __aeabi_cfcmpeq
                0x000000000800090c                __aeabi_fcmpeq
                0x0000000008000920                __aeabi_fcmplt
                0x0000000008000934                __aeabi_fcmple
                0x0000000008000948                __aeabi_fcmpge
                0x000000000800095c                __aeabi_fcmpgt
 .text          0x0000000008000970       0x30 /home/suchlp/zephyr-sdk-0.17.0/arm-zephyr-eabi/bin/../lib/gcc/arm-zephyr-eabi/12.2.0/thumb/v7e-m/nofp/libgcc.a(_aeabi_uldivmod.o)
                0x0000000008000970                __aeabi_uldivmod
 .text          0x00000000080009a0        0x4 /home/suchlp/zephyr-sdk-0.17.0/arm-zephyr-eabi/bin/../lib/gcc/arm-zephyr-eabi/12.2.0/thumb/v7e-m/nofp/libgcc.a(_dvmd_tls.o)
                0x00000000080009a0                __aeabi_ldiv0
                0x00000000080009a0                __aeabi_idiv0
 .text          0x00000000080009a4      0x2a0 /home/suchlp/zephyr-sdk-0.17.0/arm-zephyr-eabi/bin/../lib/gcc/arm-zephyr-eabi/12.2.0/thumb/v7e-m/nofp/libgcc.a(_udivmoddi4.o)
                0x00000000080009a4                __udivmoddi4
 .text          0x0000000008000c44       0x10 /home/suchlp/zephyr-sdk-0.17.0/arm-zephyr-eabi/bin/../lib/gcc/../../picolibc/arm-zephyr-eabi/lib/thumb/v7e-m/nofp/libc.a(strlen.S.o)
                0x0000000008000c44                strlen
 *(SORT_BY_ALIGNMENT(.text.*))
 *fill*         0x0000000008000c54        0x4 
 .text.inference_thread_entry
                0x0000000008000c58      0x154 app/libapp.a(inference_thread.c.obj)
                0x0000000008000c58                inference_thread_entry
 *fill*         0x0000000008000dac        0x4 
 .text.mbedtls_sha512_starts
                0x0000000008000db0      0x160 modules/mbedtls/libmbedTLSBase.a(sha512.c.obj)
                0x0000000008000db0                mbedtls_sha512_starts
 .text.main     0x0000000008000f10      0x204 app/libapp.a(main.c.obj)
                0x0000000008000f10                main
 .text.model_verify
                0x0000000008001114       0xe4 app/libapp.a(model_verify.c.obj)
                0x0000000008001114                model_verify
 .text.version_check_and_update
                0x00000000080011f8       0x58 app/libapp.a(version_check.c.obj)
                0x00000000080011f8                version_check_and_update
 .text.version_get_current
                0x0000000008001250        0xc app/libapp.a(version_check.c.obj)
                0x0000000008001250                version_get_current
 .text.spdm_process_request
                0x000000000800125c      0x138 app/libapp.a(spdm_responder.c.obj)
                0x000000000800125c                spdm_process_request
 .text.uart_read_exact
                0x0000000008001394       0x7c app/libapp.a(ota_receiver.c.obj)
 .text.ota_receive_and_apply
                0x0000000008001410      0x124 app/libapp.a(ota_receiver.c.obj)
                0x0000000008001410                ota_receive_and_apply
 .text.crc32_ieee_update
                0x0000000008001534       0x3c zephyr/libzephyr.a(crc32_sw.c.obj)
                0x0000000008001534                crc32_ieee_update
 .text.cbvprintf_package
                0x0000000008001570      0x3a4 zephyr/libzephyr.a(cbprintf_packaged.c.obj)
                0x0000000008001570                cbvprintf_package
 .text.cbprintf_package_convert
                0x0000000008001914      0x3c0 zephyr/libzephyr.a(cbprintf_packaged.c.obj)
                0x0000000008001914                cbprintf_package_convert
 .text.__printk_hook_install
                0x0000000008001cd4        0xc zephyr/libzephyr.a(printk.c.obj)
                0x0000000008001cd4                __printk_hook_install
 .text.z_thread_entry
                0x0000000008001ce0       0x34 zephyr/libzephyr.a(thread_entry.c.obj)
                0x0000000008001ce0                z_thread_entry
 .text.st_stm32_common_config
                0x0000000008001d14       0x14 zephyr/libzephyr.a(soc_config.c.obj)
 .text.st_stm32f4_init
                0x0000000008001d28       0x30 zephyr/libzephyr.a(soc.c.obj)
 .text.activate_foreach_backend
                0x0000000008001d58       0x64 zephyr/libzephyr.a(log_core.c.obj)
 .text.enable_logger
                0x0000000008001dbc       0x5c zephyr/libzephyr.a(log_core.c.obj)
 .text.log_process_thread_timer_expiry_fn
                0x0000000008001e18        0xc zephyr/libzephyr.a(log_core.c.obj)
 .text.z_log_init
                0x0000000008001e24       0x8c zephyr/libzephyr.a(log_core.c.obj)
 .text.log_format_func_t_get
                0x0000000008001eb0        0xc zephyr/libzephyr.a(log_core.c.obj)
                0x0000000008001eb0                log_format_func_t_get
 .text.log_set_timestamp_func
                0x0000000008001ebc       0x20 zephyr/libzephyr.a(log_core.c.obj)
                0x0000000008001ebc                log_set_timestamp_func
 .text.z_log_notify_backend_enabled
                0x0000000008001edc       0x1c zephyr/libzephyr.a(log_core.c.obj)
                0x0000000008001edc                z_log_notify_backend_enabled
 .text.z_log_dropped
                0x0000000008001ef8       0x30 zephyr/libzephyr.a(log_core.c.obj)
                0x0000000008001ef8                z_log_dropped
 .text.z_log_dropped_read_and_clear
                0x0000000008001f28       0x20 zephyr/libzephyr.a(log_core.c.obj)
                0x0000000008001f28                z_log_dropped_read_and_clear
 .text.dropped_notify
                0x0000000008001f48       0x30 zephyr/libzephyr.a(log_core.c.obj)
                0x0000000008001f48                dropped_notify
 .text.z_log_msg_init
                0x0000000008001f78       0x20 zephyr/libzephyr.a(log_core.c.obj)
                0x0000000008001f78                z_log_msg_init
 .text.log_core_init
                0x0000000008001f98       0x34 zephyr/libzephyr.a(log_core.c.obj)
                0x0000000008001f98                log_core_init
 .text.z_log_msg_alloc
                0x0000000008001fcc       0x10 zephyr/libzephyr.a(log_core.c.obj)
                0x0000000008001fcc                z_log_msg_alloc
 .text.z_log_msg_local_claim
                0x0000000008001fdc        0xc zephyr/libzephyr.a(log_core.c.obj)
                0x0000000008001fdc                z_log_msg_local_claim
 .text.z_log_msg_free
                0x0000000008001fe8       0x10 zephyr/libzephyr.a(log_core.c.obj)
                0x0000000008001fe8                z_log_msg_free
 .text.z_log_msg_pending
                0x0000000008001ff8        0xc zephyr/libzephyr.a(log_core.c.obj)
                0x0000000008001ff8                z_log_msg_pending
 .text.z_impl_log_process
                0x0000000008002004       0xb0 zephyr/libzephyr.a(log_core.c.obj)
                0x0000000008002004                z_impl_log_process
 .text.z_impl_log_panic
                0x00000000080020b4       0x44 zephyr/libzephyr.a(log_core.c.obj)
                0x00000000080020b4                z_impl_log_panic
 .text.log_process_thread_func
                0x00000000080020f8       0xa4 zephyr/libzephyr.a(log_core.c.obj)
 .text.z_log_msg_post_finalize
                0x000000000800219c       0x78 zephyr/libzephyr.a(log_core.c.obj)
 .text.z_log_msg_commit
                0x0000000008002214       0x24 zephyr/libzephyr.a(log_core.c.obj)
                0x0000000008002214                z_log_msg_commit
 .text.log_source_name_get
                0x0000000008002238       0x1c zephyr/libzephyr.a(log_mgmt.c.obj)
                0x0000000008002238                log_source_name_get
 .text.log_backend_enable
                0x0000000008002254       0x28 zephyr/libzephyr.a(log_mgmt.c.obj)
                0x0000000008002254                log_backend_enable
 .text.z_impl_z_log_msg_static_create
                0x000000000800227c      0x108 zephyr/libzephyr.a(log_msg.c.obj)
                0x000000000800227c                z_impl_z_log_msg_static_create
 .text.z_log_msg_runtime_vcreate
                0x0000000008002384       0xa0 zephyr/libzephyr.a(log_msg.c.obj)
                0x0000000008002384                z_log_msg_runtime_vcreate
 .text.log_msg_get_source_id
                0x0000000008002424       0x18 zephyr/libzephyr.a(log_msg.c.obj)
                0x0000000008002424                log_msg_get_source_id
 .text.print_formatted
                0x000000000800243c       0x24 zephyr/libzephyr.a(log_output.c.obj)
 .text.newline_print
                0x0000000008002460       0x1c zephyr/libzephyr.a(log_output.c.obj)
 .text.log_output_process
                0x000000000800247c      0x2d4 zephyr/libzephyr.a(log_output.c.obj)
                0x000000000800247c                log_output_process
 .text.log_output_dropped_process
                0x0000000008002750       0x58 zephyr/libzephyr.a(log_output.c.obj)
                0x0000000008002750                log_output_dropped_process
 .text.log_output_timestamp_freq_set
                0x00000000080027a8       0x2c zephyr/libzephyr.a(log_output.c.obj)
                0x00000000080027a8                log_output_timestamp_freq_set
 .text.char_out
                0x00000000080027d4       0x24 zephyr/libzephyr.a(log_backend_uart.c.obj)
 .text.z_arm_fatal_error
                0x00000000080027f8       0xb8 zephyr/arch/arch/arm/core/libarch__arm__core.a(fatal.c.obj)
                0x00000000080027f8                z_arm_fatal_error
 .text.z_arm_nmi
                0x00000000080028b0       0x14 zephyr/arch/arch/arm/core/libarch__arm__core.a(nmi.c.obj)
                0x00000000080028b0                z_arm_nmi
 .text.z_SysNmiOnReset
                0x00000000080028c4        0x8 zephyr/arch/arch/arm/core/libarch__arm__core.a(nmi_on_reset.S.obj)
                0x00000000080028c4                z_SysNmiOnReset
 .text.arch_tls_stack_setup
                0x00000000080028cc       0x40 zephyr/arch/arch/arm/core/libarch__arm__core.a(tls.c.obj)
                0x00000000080028cc                arch_tls_stack_setup
 .text._HandlerModeExit
                0x000000000800290c       0x28 zephyr/arch/arch/arm/core/cortex_m/libarch__arm__core__cortex_m.a(exc_exit.c.obj)
                0x000000000800290c                z_arm_exc_exit
                0x000000000800290c                z_arm_int_exit
 .text.mem_manage_fault.constprop.0
                0x0000000008002934       0xd0 zephyr/arch/arch/arm/core/cortex_m/libarch__arm__core__cortex_m.a(fault.c.obj)
 .text.usage_fault.constprop.0
                0x0000000008002a04       0xa8 zephyr/arch/arch/arm/core/cortex_m/libarch__arm__core__cortex_m.a(fault.c.obj)
 .text.bus_fault.constprop.0
                0x0000000008002aac       0xd0 zephyr/arch/arch/arm/core/cortex_m/libarch__arm__core__cortex_m.a(fault.c.obj)
 .text.z_arm_fault
                0x0000000008002b7c      0x1d0 zephyr/arch/arch/arm/core/cortex_m/libarch__arm__core__cortex_m.a(fault.c.obj)
                0x0000000008002b7c                z_arm_fault
 .text.z_arm_fault_init
                0x0000000008002d4c       0x10 zephyr/arch/arch/arm/core/cortex_m/libarch__arm__core__cortex_m.a(fault.c.obj)
                0x0000000008002d4c                z_arm_fault_init
 .text.__fault  0x0000000008002d5c       0x14 zephyr/arch/arch/arm/core/cortex_m/libarch__arm__core__cortex_m.a(fault_s.S.obj)
                0x0000000008002d5c                z_arm_bus_fault
                0x0000000008002d5c                z_arm_usage_fault
                0x0000000008002d5c                z_arm_mpu_fault
                0x0000000008002d5c                z_arm_exc_spurious
                0x0000000008002d5c                z_arm_debug_monitor
                0x0000000008002d5c                z_arm_hard_fault
 .text._reset_section
                0x0000000008002d70       0x2c zephyr/arch/arch/arm/core/cortex_m/libarch__arm__core__cortex_m.a(reset.S.obj)
                0x0000000008002d70                z_arm_reset
                0x0000000008002d70                __start
 .text.z_impl_k_thread_abort
                0x0000000008002d9c       0x2c zephyr/arch/arch/arm/core/cortex_m/libarch__arm__core__cortex_m.a(thread_abort.c.obj)
                0x0000000008002d9c                z_impl_k_thread_abort
 .text.arch_swap
                0x0000000008002dc8       0x34 zephyr/arch/arch/arm/core/cortex_m/libarch__arm__core__cortex_m.a(swap.c.obj)
                0x0000000008002dc8                arch_swap
 .text.z_arm_pendsv_c
                0x0000000008002dfc       0x44 zephyr/arch/arch/arm/core/cortex_m/libarch__arm__core__cortex_m.a(swap.c.obj)
                0x0000000008002dfc                z_arm_pendsv_c
 .text.z_arm_pendsv
                0x0000000008002e40       0x34 zephyr/arch/arch/arm/core/cortex_m/libarch__arm__core__cortex_m.a(swap_helper.S.obj)
                0x0000000008002e40                z_arm_pendsv
 .text.z_arm_svc
                0x0000000008002e74       0x20 zephyr/arch/arch/arm/core/cortex_m/libarch__arm__core__cortex_m.a(swap_helper.S.obj)
                0x0000000008002e74                z_arm_svc
 .text.arch_irq_enable
                0x0000000008002e94       0x1c zephyr/arch/arch/arm/core/cortex_m/libarch__arm__core__cortex_m.a(irq_manage.c.obj)
                0x0000000008002e94                arch_irq_enable
 .text.z_arm_irq_priority_set
                0x0000000008002eb0       0x30 zephyr/arch/arch/arm/core/cortex_m/libarch__arm__core__cortex_m.a(irq_manage.c.obj)
                0x0000000008002eb0                z_arm_irq_priority_set
 .text.z_prep_c
                0x0000000008002ee0       0x48 zephyr/arch/arch/arm/core/cortex_m/libarch__arm__core__cortex_m.a(prep_c.c.obj)
                0x0000000008002ee0                z_prep_c
 .text.arch_new_thread
                0x0000000008002f28       0x38 zephyr/arch/arch/arm/core/cortex_m/libarch__arm__core__cortex_m.a(thread.c.obj)
                0x0000000008002f28                arch_new_thread
 .text.arch_switch_to_main_thread
                0x0000000008002f60       0x44 zephyr/arch/arch/arm/core/cortex_m/libarch__arm__core__cortex_m.a(thread.c.obj)
                0x0000000008002f60                arch_switch_to_main_thread
 .text.z_arm_cpu_idle_init
                0x0000000008002fa4        0xc zephyr/arch/arch/arm/core/cortex_m/libarch__arm__core__cortex_m.a(cpu_idle.c.obj)
                0x0000000008002fa4                z_arm_cpu_idle_init
 .text.z_arm_interrupt_init
                0x0000000008002fb0       0x18 zephyr/arch/arch/arm/core/cortex_m/libarch__arm__core__cortex_m.a(irq_init.c.obj)
                0x0000000008002fb0                z_arm_interrupt_init
 .text._isr_wrapper
                0x0000000008002fc8       0x24 zephyr/arch/arch/arm/core/cortex_m/libarch__arm__core__cortex_m.a(isr_wrapper.c.obj)
                0x0000000008002fc8                _isr_wrapper
 .text.z_impl_zephyr_fputc
                0x0000000008002fec       0x10 zephyr/lib/libc/picolibc/liblib__libc__picolibc.a(libc-hooks.c.obj)
                0x0000000008002fec                z_impl_zephyr_fputc
 .text.__stdout_hook_install
                0x0000000008002ffc       0x18 zephyr/lib/libc/picolibc/liblib__libc__picolibc.a(libc-hooks.c.obj)
                0x0000000008002ffc                __stdout_hook_install
 .text.cbvprintf
                0x0000000008003014       0x38 zephyr/lib/libc/picolibc/liblib__libc__picolibc.a(libc-hooks.c.obj)
                0x0000000008003014                cbvprintf
 .text.malloc_prepare
                0x000000000800304c       0x24 zephyr/lib/libc/common/liblib__libc__common.a(malloc.c.obj)
 .text.malloc_lock
                0x0000000008003070       0x14 zephyr/lib/libc/common/liblib__libc__common.a(malloc.c.obj)
 .text.malloc_unlock
                0x0000000008003084        0xc zephyr/lib/libc/common/liblib__libc__common.a(malloc.c.obj)
 .text.malloc   0x0000000008003090       0x34 zephyr/lib/libc/common/liblib__libc__common.a(malloc.c.obj)
                0x0000000008003090                malloc
 .text.free     0x00000000080030c4       0x1c zephyr/lib/libc/common/liblib__libc__common.a(malloc.c.obj)
                0x00000000080030c4                free
 .text.calloc   0x00000000080030e0       0x34 zephyr/lib/libc/common/liblib__libc__common.a(malloc.c.obj)
                0x00000000080030e0                calloc
 .text.stm32_exti_isr
                0x0000000008003114       0x4c zephyr/drivers/interrupt_controller/libdrivers__interrupt_controller.a(intc_exti_stm32.c.obj)
 .text.stm32_fill_irq_table
                0x0000000008003160       0x18 zephyr/drivers/interrupt_controller/libdrivers__interrupt_controller.a(intc_exti_stm32.c.obj)
 .text.stm32_exti_enable
                0x0000000008003178       0x24 zephyr/drivers/interrupt_controller/libdrivers__interrupt_controller.a(intc_exti_stm32.c.obj)
                0x0000000008003178                stm32_exti_enable
 .text.stm32_exti_disable
                0x000000000800319c       0x18 zephyr/drivers/interrupt_controller/libdrivers__interrupt_controller.a(intc_exti_stm32.c.obj)
                0x000000000800319c                stm32_exti_disable
 .text.stm32_exti_trigger
                0x00000000080031b4       0x60 zephyr/drivers/interrupt_controller/libdrivers__interrupt_controller.a(intc_exti_stm32.c.obj)
                0x00000000080031b4                stm32_exti_trigger
 .text.stm32_exti_set_callback
                0x0000000008003214       0x30 zephyr/drivers/interrupt_controller/libdrivers__interrupt_controller.a(intc_exti_stm32.c.obj)
                0x0000000008003214                stm32_exti_set_callback
 .text.stm32_exti_unset_callback
                0x0000000008003244       0x14 zephyr/drivers/interrupt_controller/libdrivers__interrupt_controller.a(intc_exti_stm32.c.obj)
                0x0000000008003244                stm32_exti_unset_callback
 .text.stm32_clock_control_get_subsys_rate
                0x0000000008003258       0x7c zephyr/drivers/clock_control/libdrivers__clock_control.a(clock_stm32_ll_common.c.obj)
 .text.stm32_clock_control_init
                0x00000000080032d4      0x11c zephyr/drivers/clock_control/libdrivers__clock_control.a(clock_stm32_ll_common.c.obj)
                0x00000000080032d4                stm32_clock_control_init
 .text.get_pllsrc_frequency
                0x00000000080033f0        0x8 zephyr/drivers/clock_control/libdrivers__clock_control.a(clock_stm32f2_f4_f7.c.obj)
                0x00000000080033f0                get_pllsrc_frequency
 .text.config_pll_sysclock
                0x00000000080033f8       0x24 zephyr/drivers/clock_control/libdrivers__clock_control.a(clock_stm32f2_f4_f7.c.obj)
                0x00000000080033f8                config_pll_sysclock
 .text.config_enable_default_clocks
                0x000000000800341c       0x20 zephyr/drivers/clock_control/libdrivers__clock_control.a(clock_stm32f2_f4_f7.c.obj)
                0x000000000800341c                config_enable_default_clocks
 .text.uart_console_init
                0x000000000800343c       0x28 zephyr/drivers/console/libdrivers__console.a(uart_console.c.obj)
 .text.console_out
                0x0000000008003464       0x28 zephyr/drivers/console/libdrivers__console.a(uart_console.c.obj)
 .text.flash_stm32_get_parameters
                0x000000000800348c        0x8 zephyr/drivers/flash/libdrivers__flash.a(flash_stm32.c.obj)
 .text.flash_stm32_read.part.0
                0x0000000008003494       0x24 zephyr/drivers/flash/libdrivers__flash.a(flash_stm32.c.obj)
 .text.flash_stm32_wait_flash_idle
                0x00000000080034b8       0x6c zephyr/drivers/flash/libdrivers__flash.a(flash_stm32.c.obj)
                0x00000000080034b8                flash_stm32_wait_flash_idle
 .text.flash_stm32_erase.part.0
                0x0000000008003524       0x94 zephyr/drivers/flash/libdrivers__flash.a(flash_stm32.c.obj)
 .text.flash_stm32_erase
                0x00000000080035b8       0x44 zephyr/drivers/flash/libdrivers__flash.a(flash_stm32.c.obj)
 .text.flash_stm32_write.part.0
                0x00000000080035fc       0x6c zephyr/drivers/flash/libdrivers__flash.a(flash_stm32.c.obj)
 .text.flash_stm32_write
                0x0000000008003668       0x4c zephyr/drivers/flash/libdrivers__flash.a(flash_stm32.c.obj)
 .text.flash_stm32_page_layout
                0x00000000080036b4       0x10 zephyr/drivers/flash/libdrivers__flash.a(flash_stm32f4x.c.obj)
                0x00000000080036b4                flash_stm32_page_layout
 .text.gpio_stm32_init
                0x00000000080036c4       0x30 zephyr/drivers/gpio/libdrivers__gpio.a(gpio_stm32.c.obj)
 .text.gpio_stm32_pin_interrupt_configure
                0x00000000080036f4      0x108 zephyr/drivers/gpio/libdrivers__gpio.a(gpio_stm32.c.obj)
 .text.pinctrl_configure_pins
                0x00000000080037fc       0x84 zephyr/drivers/pinctrl/libdrivers__pinctrl.a(pinctrl_stm32.c.obj)
                0x00000000080037fc                pinctrl_configure_pins
 .text.uart_stm32_irq_err_enable
                0x0000000008003880       0x70 zephyr/drivers/serial/libdrivers__serial.a(uart_stm32.c.obj)
 .text.uart_stm32_irq_err_disable
                0x00000000080038f0       0x70 zephyr/drivers/serial/libdrivers__serial.a(uart_stm32.c.obj)
 .text.uart_stm32_set_baudrate.part.0
                0x0000000008003960       0x14 zephyr/drivers/serial/libdrivers__serial.a(uart_stm32.c.obj)
 .text.uart_stm32_parameters_set
                0x0000000008003974       0xf8 zephyr/drivers/serial/libdrivers__serial.a(uart_stm32.c.obj)
 .text.uart_stm32_init
                0x0000000008003a6c       0xe4 zephyr/drivers/serial/libdrivers__serial.a(uart_stm32.c.obj)
 .text.uart_stm32_configure
                0x0000000008003b50      0x144 zephyr/drivers/serial/libdrivers__serial.a(uart_stm32.c.obj)
 .text.elapsed  0x0000000008003c94       0x4c zephyr/drivers/timer/libdrivers__timer.a(cortex_m_systick.c.obj)
 .text.sys_clock_driver_init
                0x0000000008003ce0       0x38 zephyr/drivers/timer/libdrivers__timer.a(cortex_m_systick.c.obj)
 .text.sys_clock_isr
                0x0000000008003d18       0x54 zephyr/drivers/timer/libdrivers__timer.a(cortex_m_systick.c.obj)
                0x0000000008003d18                sys_clock_isr
 .text.sys_clock_set_timeout
                0x0000000008003d6c       0xf8 zephyr/drivers/timer/libdrivers__timer.a(cortex_m_systick.c.obj)
                0x0000000008003d6c                sys_clock_set_timeout
 .text.sys_clock_elapsed
                0x0000000008003e64       0x3c zephyr/drivers/timer/libdrivers__timer.a(cortex_m_systick.c.obj)
                0x0000000008003e64                sys_clock_elapsed
 .text.sys_clock_cycle_get_32
                0x0000000008003ea0       0x28 zephyr/drivers/timer/libdrivers__timer.a(cortex_m_systick.c.obj)
                0x0000000008003ea0                sys_clock_cycle_get_32
 .text.HAL_RCC_GetSysClockFreq
                0x0000000008003ec8       0x5c modules/stm32/stm32cube/lib..__modules__hal__stm32__stm32cube.a(stm32f4xx_hal_rcc.c.obj)
                0x0000000008003ec8                HAL_RCC_GetSysClockFreq
 .text.LL_SetFlashLatency
                0x0000000008003f24       0xe4 modules/stm32/stm32cube/lib..__modules__hal__stm32__stm32cube.a(stm32f4xx_ll_utils.c.obj)
                0x0000000008003f24                LL_SetFlashLatency
 .text.mbedtls_ct_bool
                0x0000000008004008       0x18 modules/mbedtls/libmbedTLSBase.a(bignum_core.c.obj)
 .text.mbedtls_ct_uint_lt
                0x0000000008004020       0x34 modules/mbedtls/libmbedTLSBase.a(bignum_core.c.obj)
 .text.mbedtls_mpi_core_uint_le_mpi
                0x0000000008004054       0x34 modules/mbedtls/libmbedTLSBase.a(bignum_core.c.obj)
                0x0000000008004054                mbedtls_mpi_core_uint_le_mpi
 .text.mbedtls_mpi_core_lt_ct
                0x0000000008004088       0x48 modules/mbedtls/libmbedTLSBase.a(bignum_core.c.obj)
                0x0000000008004088                mbedtls_mpi_core_lt_ct
 .text.mbedtls_mpi_core_cond_assign
                0x00000000080040d0       0x30 modules/mbedtls/libmbedTLSBase.a(bignum_core.c.obj)
                0x00000000080040d0                mbedtls_mpi_core_cond_assign
 .text.mbedtls_mpi_core_random
                0x0000000008004100       0x94 modules/mbedtls/libmbedTLSBase.a(bignum_core.c.obj)
                0x0000000008004100                mbedtls_mpi_core_random
 .text.mbedtls_ct_bool
                0x0000000008004194       0x18 modules/mbedtls/libmbedTLSBase.a(bignum.c.obj)
 .text.mbedtls_ct_mpi_sign_if
                0x00000000080041ac       0x1c modules/mbedtls/libmbedTLSBase.a(bignum.c.obj)
 .text.mbedtls_mpi_div_mpi
                0x00000000080041c8      0x334 modules/mbedtls/libmbedTLSBase.a(bignum.c.obj)
                0x00000000080041c8                mbedtls_mpi_div_mpi
 .text.mbedtls_ecdsa_verify_restartable
                0x00000000080044fc      0x14c modules/mbedtls/libmbedTLSBase.a(ecdsa.c.obj)
                0x00000000080044fc                mbedtls_ecdsa_verify_restartable
 .text.mbedtls_ecdsa_read_signature_restartable
                0x0000000008004648       0xa4 modules/mbedtls/libmbedTLSBase.a(ecdsa.c.obj)
                0x0000000008004648                mbedtls_ecdsa_read_signature_restartable
 .text.mbedtls_ecp_group_load
                0x00000000080046ec       0xec modules/mbedtls/libmbedTLSBase.a(ecp_curves.c.obj)
                0x00000000080046ec                mbedtls_ecp_group_load
 .text.mbedtls_mpi_mul_mod
                0x00000000080047d8       0xa4 modules/mbedtls/libmbedTLSBase.a(ecp.c.obj)
 .text.ecp_normalize_jac_many
                0x000000000800487c      0x188 modules/mbedtls/libmbedTLSBase.a(ecp.c.obj)
 .text.ecp_randomize_jac
                0x0000000008004a04       0x90 modules/mbedtls/libmbedTLSBase.a(ecp.c.obj)
 .text.ecp_add_mixed
                0x0000000008004a94      0x1e0 modules/mbedtls/libmbedTLSBase.a(ecp.c.obj)
 .text.mbedtls_ecp_check_pubkey
                0x0000000008004c74       0xb4 modules/mbedtls/libmbedTLSBase.a(ecp.c.obj)
                0x0000000008004c74                mbedtls_ecp_check_pubkey
 .text.mbedtls_ecp_check_privkey
                0x0000000008004d28       0x3c modules/mbedtls/libmbedTLSBase.a(ecp.c.obj)
                0x0000000008004d28                mbedtls_ecp_check_privkey
 .text.ecp_mul_restartable_internal.isra.0
                0x0000000008004d64      0x49c modules/mbedtls/libmbedTLSBase.a(ecp.c.obj)
 .text.mbedtls_ecp_muladd_restartable
                0x0000000008005200       0x80 modules/mbedtls/libmbedTLSBase.a(ecp.c.obj)
                0x0000000008005200                mbedtls_ecp_muladd_restartable
 .text.mbedtls_platform_zeroize
                0x0000000008005280       0x18 modules/mbedtls/libmbedTLSBase.a(platform_util.c.obj)
                0x0000000008005280                mbedtls_platform_zeroize
 .text.mbedtls_calloc
                0x0000000008005298        0xc modules/mbedtls/libmbedTLSBase.a(platform.c.obj)
                0x0000000008005298                mbedtls_calloc
 .text.mbedtls_free
                0x00000000080052a4        0xc modules/mbedtls/libmbedTLSBase.a(platform.c.obj)
                0x00000000080052a4                mbedtls_free
 .text.mbedtls_sha256_starts
                0x00000000080052b0       0x5c modules/mbedtls/libmbedTLSBase.a(sha256.c.obj)
                0x00000000080052b0                mbedtls_sha256_starts
 .text.mbedtls_internal_sha256_process
                0x000000000800530c      0x134 modules/mbedtls/libmbedTLSBase.a(sha256.c.obj)
                0x000000000800530c                mbedtls_internal_sha256_process
 .text.mbedtls_internal_sha512_process
                0x0000000008005440      0x97c modules/mbedtls/libmbedTLSBase.a(sha512.c.obj)
                0x0000000008005440                mbedtls_internal_sha512_process
 .text.k_sys_fatal_error_handler
                0x0000000008005dbc       0x20 zephyr/kernel/libkernel.a(fatal.c.obj)
                0x0000000008005dbc                k_sys_fatal_error_handler
 .text.z_fatal_error
                0x0000000008005ddc       0xe8 zephyr/kernel/libkernel.a(fatal.c.obj)
                0x0000000008005ddc                z_fatal_error
 .text.z_sys_init_run_level
                0x0000000008005ec4       0x2c zephyr/kernel/libkernel.a(init.c.obj)
 .text.bg_thread_main
                0x0000000008005ef0       0xc4 zephyr/kernel/libkernel.a(init.c.obj)
 .text.z_bss_zero
                0x0000000008005fb4       0x2c zephyr/kernel/libkernel.a(init.c.obj)
                0x0000000008005fb4                z_bss_zero
 .text.z_init_cpu
                0x0000000008005fe0       0x70 zephyr/kernel/libkernel.a(init.c.obj)
                0x0000000008005fe0                z_init_cpu
 .text.z_cstart
                0x0000000008006050       0xd8 zephyr/kernel/libkernel.a(init.c.obj)
                0x0000000008006050                z_cstart
 .text.__do_global_ctors_aux
                0x0000000008006128       0x1c zephyr/kernel/libkernel.a(init_static.c.obj)
                0x0000000008006128                __do_global_ctors_aux
 .text.__do_init_array_aux
                0x0000000008006144       0x1c zephyr/kernel/libkernel.a(init_static.c.obj)
                0x0000000008006144                __do_init_array_aux
 .text.z_impl_k_mutex_lock
                0x0000000008006160       0xf0 zephyr/kernel/libkernel.a(mutex.c.obj)
                0x0000000008006160                z_impl_k_mutex_lock
 .text.z_impl_k_mutex_unlock
                0x0000000008006250       0x78 zephyr/kernel/libkernel.a(mutex.c.obj)
                0x0000000008006250                z_impl_k_mutex_unlock
 .text.z_impl_k_sem_give
                0x00000000080062c8       0x48 zephyr/kernel/libkernel.a(sem.c.obj)
                0x00000000080062c8                z_impl_k_sem_give
 .text.z_impl_k_sem_take
                0x0000000008006310       0x4c zephyr/kernel/libkernel.a(sem.c.obj)
                0x0000000008006310                z_impl_k_sem_take
 .text.z_impl_k_thread_name_set
                0x000000000800635c       0x20 zephyr/kernel/libkernel.a(thread.c.obj)
                0x000000000800635c                z_impl_k_thread_name_set
 .text.z_setup_new_thread
                0x000000000800637c       0xa0 zephyr/kernel/libkernel.a(thread.c.obj)
                0x000000000800637c                z_setup_new_thread
 .text.z_impl_k_thread_create
                0x000000000800641c       0x58 zephyr/kernel/libkernel.a(thread.c.obj)
                0x000000000800641c                z_impl_k_thread_create
 .text.update_cache
                0x0000000008006474       0x3c zephyr/kernel/libkernel.a(sched.c.obj)
 .text.unready_thread
                0x00000000080064b0       0x30 zephyr/kernel/libkernel.a(sched.c.obj)
 .text.ready_thread
                0x00000000080064e0       0x68 zephyr/kernel/libkernel.a(sched.c.obj)
 .text.z_thread_halt
                0x0000000008006548       0xe0 zephyr/kernel/libkernel.a(sched.c.obj)
 .text.move_thread_to_end_of_prio_q
                0x0000000008006628       0x74 zephyr/kernel/libkernel.a(sched.c.obj)
                0x0000000008006628                move_thread_to_end_of_prio_q
 .text.z_pend_curr
                0x000000000800669c       0x58 zephyr/kernel/libkernel.a(sched.c.obj)
                0x000000000800669c                z_pend_curr
 .text.z_thread_prio_set
                0x00000000080066f4       0x88 zephyr/kernel/libkernel.a(sched.c.obj)
                0x00000000080066f4                z_thread_prio_set
 .text.z_reschedule
                0x000000000800677c       0x24 zephyr/kernel/libkernel.a(sched.c.obj)
                0x000000000800677c                z_reschedule
 .text.z_sched_start
                0x00000000080067a0       0x3c zephyr/kernel/libkernel.a(sched.c.obj)
                0x00000000080067a0                z_sched_start
 .text.z_reschedule_irqlock
                0x00000000080067dc       0x28 zephyr/kernel/libkernel.a(sched.c.obj)
                0x00000000080067dc                z_reschedule_irqlock
 .text.k_sched_lock
                0x0000000008006804       0x28 zephyr/kernel/libkernel.a(sched.c.obj)
                0x0000000008006804                k_sched_lock
 .text.k_sched_unlock
                0x000000000800682c       0x40 zephyr/kernel/libkernel.a(sched.c.obj)
                0x000000000800682c                k_sched_unlock
 .text.z_sched_init
                0x000000000800686c       0x10 zephyr/kernel/libkernel.a(sched.c.obj)
                0x000000000800686c                z_sched_init
 .text.z_impl_k_yield
                0x000000000800687c       0x7c zephyr/kernel/libkernel.a(sched.c.obj)
                0x000000000800687c                z_impl_k_yield
 .text.z_tick_sleep
                0x00000000080068f8       0x88 zephyr/kernel/libkernel.a(sched.c.obj)
 .text.z_impl_k_sleep
                0x0000000008006980       0x3c zephyr/kernel/libkernel.a(sched.c.obj)
                0x0000000008006980                z_impl_k_sleep
 .text.z_impl_k_sched_current_thread_query
                0x00000000080069bc        0xc zephyr/kernel/libkernel.a(sched.c.obj)
                0x00000000080069bc                z_impl_k_sched_current_thread_query
 .text.slice_timeout
                0x00000000080069c8       0x20 zephyr/kernel/libkernel.a(timeslicing.c.obj)
 .text.thread_is_sliceable
                0x00000000080069e8       0x3c zephyr/kernel/libkernel.a(timeslicing.c.obj)
                0x00000000080069e8                thread_is_sliceable
 .text.z_reset_time_slice
                0x0000000008006a24       0x50 zephyr/kernel/libkernel.a(timeslicing.c.obj)
                0x0000000008006a24                z_reset_time_slice
 .text.z_time_slice
                0x0000000008006a74       0x60 zephyr/kernel/libkernel.a(timeslicing.c.obj)
                0x0000000008006a74                z_time_slice
 .text.z_data_copy
                0x0000000008006ad4       0x4c zephyr/kernel/libkernel.a(xip.c.obj)
                0x0000000008006ad4                z_data_copy
 .text.elapsed  0x0000000008006b20       0x14 zephyr/kernel/libkernel.a(timeout.c.obj)
 .text.remove_timeout
                0x0000000008006b34       0x38 zephyr/kernel/libkernel.a(timeout.c.obj)
 .text.next_timeout
                0x0000000008006b6c       0x40 zephyr/kernel/libkernel.a(timeout.c.obj)
 .text.z_add_timeout
                0x0000000008006bac       0xf4 zephyr/kernel/libkernel.a(timeout.c.obj)
                0x0000000008006bac                z_add_timeout
 .text.sys_clock_announce
                0x0000000008006ca0       0xd0 zephyr/kernel/libkernel.a(timeout.c.obj)
                0x0000000008006ca0                sys_clock_announce
 .text.sys_clock_tick_get
                0x0000000008006d70       0x30 zephyr/kernel/libkernel.a(timeout.c.obj)
                0x0000000008006d70                sys_clock_tick_get
 .text.z_timer_expiration_handler
                0x0000000008006da0       0xe0 zephyr/kernel/libkernel.a(timer.c.obj)
                0x0000000008006da0                z_timer_expiration_handler
 .text.z_impl_k_timer_start
                0x0000000008006e80       0x74 zephyr/kernel/libkernel.a(timer.c.obj)
                0x0000000008006e80                z_impl_k_timer_start
 .text.k_thread_system_pool_assign
                0x0000000008006ef4        0xc zephyr/kernel/libkernel.a(mempool.c.obj)
                0x0000000008006ef4                k_thread_system_pool_assign
 .text.boot_banner
                0x0000000008006f00        0xc zephyr/kernel/libkernel.a(banner.c.obj)
                0x0000000008006f00                boot_banner
 .text.statics_init
                0x0000000008006f0c       0x24 zephyr/kernel/libkernel.a(kheap.c.obj)
 .text.snprintf
                0x0000000008006f30       0x58 /home/suchlp/zephyr-sdk-0.17.0/arm-zephyr-eabi/bin/../lib/gcc/../../picolibc/arm-zephyr-eabi/lib/thumb/v7e-m/nofp/libc.a(libc_tinystdio_snprintf.c.o)
                0x0000000008006f30                snprintf
 .text.__l_vfprintf
                0x0000000008006f88      0x4b8 /home/suchlp/zephyr-sdk-0.17.0/arm-zephyr-eabi/bin/../lib/gcc/../../picolibc/arm-zephyr-eabi/lib/thumb/v7e-m/nofp/libc.a(libc_tinystdio_vflprintf.c.o)
                0x0000000008006f88                __l_vfprintf
 .text._OffsetAbsSyms
                0x0000000008007440        0x2 zephyr/CMakeFiles/offsets.dir/./arch/arm/core/offsets/offsets.c.obj
                0x0000000008007440                _OffsetAbsSyms
 .text.z_log_msg_simple_create_0
                0x0000000008007442        0x4 app/libapp.a(main.c.obj)
 .text.crc32_ieee
                0x0000000008007446        0xa zephyr/libzephyr.a(crc32_sw.c.obj)
                0x0000000008007446                crc32_ieee
 .text.chunk_size
                0x0000000008007450        0xa zephyr/libzephyr.a(heap.c.obj)
 .text.free_list_add
                0x000000000800745a       0x4e zephyr/libzephyr.a(heap.c.obj)
 .text.free_list_remove_bidx
                0x00000000080074a8       0x3a zephyr/libzephyr.a(heap.c.obj)
 .text.free_list_remove
                0x00000000080074e2       0x1a zephyr/libzephyr.a(heap.c.obj)
 .text.alloc_chunk
                0x00000000080074fc       0x6e zephyr/libzephyr.a(heap.c.obj)
 .text.merge_chunks
                0x000000000800756a       0x2c zephyr/libzephyr.a(heap.c.obj)
 .text.split_chunks
                0x0000000008007596       0x34 zephyr/libzephyr.a(heap.c.obj)
 .text.free_chunk
                0x00000000080075ca       0x62 zephyr/libzephyr.a(heap.c.obj)
 .text.sys_heap_free
                0x000000000800762c       0x1e zephyr/libzephyr.a(heap.c.obj)
                0x000000000800762c                sys_heap_free
 .text.sys_heap_alloc
                0x000000000800764a       0x52 zephyr/libzephyr.a(heap.c.obj)
                0x000000000800764a                sys_heap_alloc
 .text.sys_heap_aligned_alloc
                0x000000000800769c       0xd0 zephyr/libzephyr.a(heap.c.obj)
                0x000000000800769c                sys_heap_aligned_alloc
 .text.sys_heap_init
                0x000000000800776c       0x7a zephyr/libzephyr.a(heap.c.obj)
                0x000000000800776c                sys_heap_init
 .text.cbpprintf_external
                0x00000000080077e6       0x62 zephyr/libzephyr.a(cbprintf_packaged.c.obj)
                0x00000000080077e6                cbpprintf_external
 .text.is_ptr   0x0000000008007848       0x4a zephyr/libzephyr.a(cbprintf_packaged.c.obj)
                0x0000000008007848                is_ptr
 .text.arch_printk_char_out
                0x0000000008007892        0x4 zephyr/libzephyr.a(printk.c.obj)
                0x0000000008007892                arch_printk_char_out
 .text.printk   0x0000000008007896       0x1a zephyr/libzephyr.a(printk.c.obj)
                0x0000000008007896                printk
 .text.free_space
                0x00000000080078b0       0x26 zephyr/libzephyr.a(mpsc_pbuf.c.obj)
 .text.get_usage
                0x00000000080078d6       0x22 zephyr/libzephyr.a(mpsc_pbuf.c.obj)
 .text.idx_inc  0x00000000080078f8       0x1c zephyr/libzephyr.a(mpsc_pbuf.c.obj)
 .text.rd_idx_inc
                0x0000000008007914       0x18 zephyr/libzephyr.a(mpsc_pbuf.c.obj)
 .text.add_skip_item
                0x000000000800792c       0x3a zephyr/libzephyr.a(mpsc_pbuf.c.obj)
 .text.drop_item_locked
                0x0000000008007966       0xee zephyr/libzephyr.a(mpsc_pbuf.c.obj)
 .text.post_drop_action
                0x0000000008007a54       0x36 zephyr/libzephyr.a(mpsc_pbuf.c.obj)
 .text.max_utilization_update
                0x0000000008007a8a       0x1a zephyr/libzephyr.a(mpsc_pbuf.c.obj)
 .text.mpsc_pbuf_init
                0x0000000008007aa4       0x42 zephyr/libzephyr.a(mpsc_pbuf.c.obj)
                0x0000000008007aa4                mpsc_pbuf_init
 .text.mpsc_pbuf_alloc
                0x0000000008007ae6       0xf8 zephyr/libzephyr.a(mpsc_pbuf.c.obj)
                0x0000000008007ae6                mpsc_pbuf_alloc
 .text.mpsc_pbuf_commit
                0x0000000008007bde       0x3e zephyr/libzephyr.a(mpsc_pbuf.c.obj)
                0x0000000008007bde                mpsc_pbuf_commit
 .text.mpsc_pbuf_claim
                0x0000000008007c1c       0xa8 zephyr/libzephyr.a(mpsc_pbuf.c.obj)
                0x0000000008007c1c                mpsc_pbuf_claim
 .text.mpsc_pbuf_free
                0x0000000008007cc4       0x76 zephyr/libzephyr.a(mpsc_pbuf.c.obj)
                0x0000000008007cc4                mpsc_pbuf_free
 .text.mpsc_pbuf_is_pending
                0x0000000008007d3a       0x1a zephyr/libzephyr.a(mpsc_pbuf.c.obj)
                0x0000000008007d3a                mpsc_pbuf_is_pending
 .text._ConfigAbsSyms
                0x0000000008007d54        0x2 zephyr/libzephyr.a(configs.c.obj)
                0x0000000008007d54                _ConfigAbsSyms
 .text.log_msg_generic_get_wlen
                0x0000000008007d56       0x20 zephyr/libzephyr.a(log_core.c.obj)
 .text.dummy_timestamp
                0x0000000008007d76        0x4 zephyr/libzephyr.a(log_core.c.obj)
 .text.atomic_inc
                0x0000000008007d7a       0x1a zephyr/libzephyr.a(log_core.c.obj)
 .text.default_lf_get_timestamp
                0x0000000008007d94       0x10 zephyr/libzephyr.a(log_core.c.obj)
 .text.z_log_vprintk
                0x0000000008007da4       0x1c zephyr/libzephyr.a(log_core.c.obj)
                0x0000000008007da4                z_log_vprintk
 .text.z_log_notify_drop
                0x0000000008007dc0        0x6 zephyr/libzephyr.a(log_core.c.obj)
 .text.z_log_get_tag
                0x0000000008007dc6        0x4 zephyr/libzephyr.a(log_core.c.obj)
                0x0000000008007dc6                z_log_get_tag
 .text.z_cbprintf_cpy
                0x0000000008007dca       0x2c zephyr/libzephyr.a(log_msg.c.obj)
 .text.z_log_msg_finalize
                0x0000000008007df6       0x32 zephyr/libzephyr.a(log_msg.c.obj)
                0x0000000008007df6                z_log_msg_finalize
 .text.z_log_msg_simple_create
                0x0000000008007e28       0x6e zephyr/libzephyr.a(log_msg.c.obj)
 .text.z_impl_z_log_msg_simple_create_0
                0x0000000008007e96       0x12 zephyr/libzephyr.a(log_msg.c.obj)
                0x0000000008007e96                z_impl_z_log_msg_simple_create_0
 .text.z_impl_z_log_msg_simple_create_1
                0x0000000008007ea8       0x14 zephyr/libzephyr.a(log_msg.c.obj)
                0x0000000008007ea8                z_impl_z_log_msg_simple_create_1
 .text.z_impl_z_log_msg_simple_create_2
                0x0000000008007ebc       0x18 zephyr/libzephyr.a(log_msg.c.obj)
                0x0000000008007ebc                z_impl_z_log_msg_simple_create_2
 .text.buffer_write
                0x0000000008007ed4       0x1c zephyr/libzephyr.a(log_output.c.obj)
 .text.log_output_flush
                0x0000000008007ef0       0x1a zephyr/libzephyr.a(log_output.c.obj)
                0x0000000008007ef0                log_output_flush
 .text.out_func
                0x0000000008007f0a       0x36 zephyr/libzephyr.a(log_output.c.obj)
 .text.cr_out_func
                0x0000000008007f40       0x1c zephyr/libzephyr.a(log_output.c.obj)
 .text.log_output_msg_process
                0x0000000008007f5c       0x6a zephyr/libzephyr.a(log_output.c.obj)
                0x0000000008007f5c                log_output_msg_process
 .text.format_set
                0x0000000008007fc6        0xc zephyr/libzephyr.a(log_backend_uart.c.obj)
 .text.log_backend_uart_init
                0x0000000008007fd2        0xc zephyr/libzephyr.a(log_backend_uart.c.obj)
 .text.panic    0x0000000008007fde       0x10 zephyr/libzephyr.a(log_backend_uart.c.obj)
 .text.dropped  0x0000000008007fee        0xa zephyr/libzephyr.a(log_backend_uart.c.obj)
 .text.process  0x0000000008007ff8       0x1e zephyr/libzephyr.a(log_backend_uart.c.obj)
 .text.z_do_kernel_oops
                0x0000000008008016        0x8 zephyr/arch/arch/arm/core/libarch__arm__core.a(fatal.c.obj)
                0x0000000008008016                z_do_kernel_oops
 .text.z_log_msg_simple_create_0.constprop.0
                0x000000000800801e        0x8 zephyr/arch/arch/arm/core/cortex_m/libarch__arm__core__cortex_m.a(fault.c.obj)
 .text.z_irq_spurious
                0x0000000008008026        0x8 zephyr/arch/arch/arm/core/cortex_m/libarch__arm__core__cortex_m.a(irq_manage.c.obj)
                0x0000000008008026                z_irq_spurious
 .text.arch_irq_unlock_outlined
                0x000000000800802e        0xe zephyr/arch/arch/arm/core/cortex_m/libarch__arm__core__cortex_m.a(thread.c.obj)
                0x000000000800802e                arch_irq_unlock_outlined
 .text.arch_cpu_idle
                0x000000000800803c       0x1a zephyr/arch/arch/arm/core/cortex_m/libarch__arm__core__cortex_m.a(cpu_idle.c.obj)
                0x000000000800803c                arch_cpu_idle
 .text.cbputc   0x0000000008008056        0xc zephyr/lib/libc/picolibc/liblib__libc__picolibc.a(libc-hooks.c.obj)
 .text.picolibc_put
                0x0000000008008062        0xa zephyr/lib/libc/picolibc/liblib__libc__picolibc.a(libc-hooks.c.obj)
 .text.stm32_exti_init
                0x000000000800806c       0x92 zephyr/drivers/interrupt_controller/libdrivers__interrupt_controller.a(intc_exti_stm32.c.obj)
 .text.stm32_clock_control_on
                0x00000000080080fe       0x38 zephyr/drivers/clock_control/libdrivers__clock_control.a(clock_stm32_ll_common.c.obj)
 .text.stm32_clock_control_off
                0x0000000008008136       0x24 zephyr/drivers/clock_control/libdrivers__clock_control.a(clock_stm32_ll_common.c.obj)
 .text.stm32_clock_control_get_status
                0x000000000800815a       0x34 zephyr/drivers/clock_control/libdrivers__clock_control.a(clock_stm32_ll_common.c.obj)
 .text.stm32_clock_control_configure
                0x000000000800818e       0x58 zephyr/drivers/clock_control/libdrivers__clock_control.a(clock_stm32_ll_common.c.obj)
 .text.config_regulator_voltage
                0x00000000080081e6        0x2 zephyr/drivers/clock_control/libdrivers__clock_control.a(clock_stm32_ll_common.c.obj)
                0x00000000080081e6                config_regulator_voltage
 .text.flash_get_page_info
                0x00000000080081e8       0x62 zephyr/drivers/flash/libdrivers__flash.a(flash_page_layout.c.obj)
 .text.z_impl_flash_get_page_info_by_offs
                0x000000000800824a        0x8 zephyr/drivers/flash/libdrivers__flash.a(flash_page_layout.c.obj)
                0x000000000800824a                z_impl_flash_get_page_info_by_offs
 .text._flash_stm32_sem_take.isra.0
                0x0000000008008252        0xe zephyr/drivers/flash/libdrivers__flash.a(flash_stm32.c.obj)
 .text.flash_stm32_read
                0x0000000008008260       0x30 zephyr/drivers/flash/libdrivers__flash.a(flash_stm32.c.obj)
 .text.flash_stm32_check_configuration
                0x0000000008008290        0x4 zephyr/drivers/flash/libdrivers__flash.a(flash_stm32.c.obj)
                0x0000000008008290                flash_stm32_check_configuration
 .text.stm32_flash_init
                0x0000000008008294       0x18 zephyr/drivers/flash/libdrivers__flash.a(flash_stm32.c.obj)
 .text.flash_stm32_valid_range
                0x00000000080082ac       0x2a zephyr/drivers/flash/libdrivers__flash.a(flash_stm32f4x.c.obj)
                0x00000000080082ac                flash_stm32_valid_range
 .text.flash_stm32_block_erase_loop
                0x00000000080082d6       0xd2 zephyr/drivers/flash/libdrivers__flash.a(flash_stm32f4x.c.obj)
                0x00000000080082d6                flash_stm32_block_erase_loop
 .text.flash_stm32_write_range
                0x00000000080083a8       0x64 zephyr/drivers/flash/libdrivers__flash.a(flash_stm32f4x.c.obj)
                0x00000000080083a8                flash_stm32_write_range
 .text.gpio_stm32_port_get_raw
                0x000000000800840c        0xc zephyr/drivers/gpio/libdrivers__gpio.a(gpio_stm32.c.obj)
 .text.gpio_stm32_port_set_masked_raw
                0x0000000008008418       0x12 zephyr/drivers/gpio/libdrivers__gpio.a(gpio_stm32.c.obj)
 .text.gpio_stm32_port_set_bits_raw
                0x000000000800842a        0xa zephyr/drivers/gpio/libdrivers__gpio.a(gpio_stm32.c.obj)
 .text.gpio_stm32_port_clear_bits_raw
                0x0000000008008434        0xc zephyr/drivers/gpio/libdrivers__gpio.a(gpio_stm32.c.obj)
 .text.gpio_stm32_port_toggle_bits
                0x0000000008008440        0xe zephyr/drivers/gpio/libdrivers__gpio.a(gpio_stm32.c.obj)
 .text.gpio_stm32_manage_callback
                0x000000000800844e       0x52 zephyr/drivers/gpio/libdrivers__gpio.a(gpio_stm32.c.obj)
 .text.gpio_stm32_configure_raw.isra.0
                0x00000000080084a0      0x106 zephyr/drivers/gpio/libdrivers__gpio.a(gpio_stm32.c.obj)
 .text.gpio_stm32_config
                0x00000000080085a6       0x78 zephyr/drivers/gpio/libdrivers__gpio.a(gpio_stm32.c.obj)
 .text.gpio_stm32_isr
                0x000000000800861e       0x2e zephyr/drivers/gpio/libdrivers__gpio.a(gpio_stm32.c.obj)
 .text.gpio_stm32_configure
                0x000000000800864c       0x30 zephyr/drivers/gpio/libdrivers__gpio.a(gpio_stm32.c.obj)
                0x000000000800864c                gpio_stm32_configure
 .text.pinctrl_lookup_state
                0x000000000800867c       0x26 zephyr/drivers/pinctrl/libdrivers__pinctrl.a(common.c.obj)
                0x000000000800867c                pinctrl_lookup_state
 .text.reset_stm32_status
                0x00000000080086a2       0x20 zephyr/drivers/reset/libdrivers__reset.a(reset_stm32.c.obj)
 .text.reset_stm32_line_assert
                0x00000000080086c2       0x1c zephyr/drivers/reset/libdrivers__reset.a(reset_stm32.c.obj)
 .text.reset_stm32_line_deassert
                0x00000000080086de       0x1e zephyr/drivers/reset/libdrivers__reset.a(reset_stm32.c.obj)
 .text.reset_stm32_line_toggle
                0x00000000080086fc       0x16 zephyr/drivers/reset/libdrivers__reset.a(reset_stm32.c.obj)
 .text.LL_USART_ClearFlag_PE
                0x0000000008008712       0x12 zephyr/drivers/serial/libdrivers__serial.a(uart_stm32.c.obj)
 .text.uart_stm32_err_check
                0x0000000008008724       0x5e zephyr/drivers/serial/libdrivers__serial.a(uart_stm32.c.obj)
 .text.uart_stm32_irq_tx_enable
                0x0000000008008782       0x1e zephyr/drivers/serial/libdrivers__serial.a(uart_stm32.c.obj)
 .text.uart_stm32_irq_tx_disable
                0x00000000080087a0       0x1e zephyr/drivers/serial/libdrivers__serial.a(uart_stm32.c.obj)
 .text.uart_stm32_irq_tx_ready
                0x00000000080087be       0x14 zephyr/drivers/serial/libdrivers__serial.a(uart_stm32.c.obj)
 .text.uart_stm32_irq_tx_complete
                0x00000000080087d2        0xc zephyr/drivers/serial/libdrivers__serial.a(uart_stm32.c.obj)
 .text.uart_stm32_irq_rx_enable
                0x00000000080087de       0x1e zephyr/drivers/serial/libdrivers__serial.a(uart_stm32.c.obj)
 .text.uart_stm32_irq_rx_disable
                0x00000000080087fc       0x1e zephyr/drivers/serial/libdrivers__serial.a(uart_stm32.c.obj)
 .text.uart_stm32_irq_rx_ready
                0x000000000800881a        0xc zephyr/drivers/serial/libdrivers__serial.a(uart_stm32.c.obj)
 .text.uart_stm32_irq_is_pending
                0x0000000008008826       0x24 zephyr/drivers/serial/libdrivers__serial.a(uart_stm32.c.obj)
 .text.uart_stm32_irq_update
                0x000000000800884a        0x4 zephyr/drivers/serial/libdrivers__serial.a(uart_stm32.c.obj)
 .text.uart_stm32_irq_callback_set
                0x000000000800884e        0x8 zephyr/drivers/serial/libdrivers__serial.a(uart_stm32.c.obj)
 .text.uart_stm32_isr
                0x0000000008008856        0xc zephyr/drivers/serial/libdrivers__serial.a(uart_stm32.c.obj)
 .text.uart_stm32_irq_config_func_0
                0x0000000008008862       0x16 zephyr/drivers/serial/libdrivers__serial.a(uart_stm32.c.obj)
 .text.uart_stm32_irq_config_func_1
                0x0000000008008878       0x16 zephyr/drivers/serial/libdrivers__serial.a(uart_stm32.c.obj)
 .text.uart_stm32_poll_out
                0x000000000800888e       0x36 zephyr/drivers/serial/libdrivers__serial.a(uart_stm32.c.obj)
 .text.uart_stm32_poll_in
                0x00000000080088c4       0x22 zephyr/drivers/serial/libdrivers__serial.a(uart_stm32.c.obj)
 .text.uart_stm32_config_get
                0x00000000080088e6       0x8e zephyr/drivers/serial/libdrivers__serial.a(uart_stm32.c.obj)
 .text.uart_stm32_set_baudrate
                0x0000000008008974       0x58 zephyr/drivers/serial/libdrivers__serial.a(uart_stm32.c.obj)
 .text.uart_stm32_fifo_read
                0x00000000080089cc       0x42 zephyr/drivers/serial/libdrivers__serial.a(uart_stm32.c.obj)
 .text.uart_stm32_fifo_fill
                0x0000000008008a0e       0x54 zephyr/drivers/serial/libdrivers__serial.a(uart_stm32.c.obj)
 .text.mbedtls_asn1_get_len
                0x0000000008008a62       0x68 modules/mbedtls/libmbedTLSBase.a(asn1parse.c.obj)
                0x0000000008008a62                mbedtls_asn1_get_len
 .text.mbedtls_asn1_get_tag
                0x0000000008008aca       0x28 modules/mbedtls/libmbedTLSBase.a(asn1parse.c.obj)
                0x0000000008008aca                mbedtls_asn1_get_tag
 .text.mbedtls_asn1_get_mpi
                0x0000000008008af2       0x26 modules/mbedtls/libmbedTLSBase.a(asn1parse.c.obj)
                0x0000000008008af2                mbedtls_asn1_get_mpi
 .text.mbedtls_mpi_core_bitlen
                0x0000000008008b18       0x1e modules/mbedtls/libmbedTLSBase.a(bignum_core.c.obj)
                0x0000000008008b18                mbedtls_mpi_core_bitlen
 .text.mbedtls_mpi_core_bigendian_to_host
                0x0000000008008b36       0x26 modules/mbedtls/libmbedTLSBase.a(bignum_core.c.obj)
                0x0000000008008b36                mbedtls_mpi_core_bigendian_to_host
 .text.mbedtls_mpi_core_read_be
                0x0000000008008b5c       0x4a modules/mbedtls/libmbedTLSBase.a(bignum_core.c.obj)
                0x0000000008008b5c                mbedtls_mpi_core_read_be
 .text.mbedtls_mpi_core_shift_r
                0x0000000008008ba6       0x7c modules/mbedtls/libmbedTLSBase.a(bignum_core.c.obj)
                0x0000000008008ba6                mbedtls_mpi_core_shift_r
 .text.mbedtls_mpi_core_shift_l
                0x0000000008008c22       0x6c modules/mbedtls/libmbedTLSBase.a(bignum_core.c.obj)
                0x0000000008008c22                mbedtls_mpi_core_shift_l
 .text.mbedtls_mpi_core_add
                0x0000000008008c8e       0x2c modules/mbedtls/libmbedTLSBase.a(bignum_core.c.obj)
                0x0000000008008c8e                mbedtls_mpi_core_add
 .text.mbedtls_mpi_core_sub
                0x0000000008008cba       0x3a modules/mbedtls/libmbedTLSBase.a(bignum_core.c.obj)
                0x0000000008008cba                mbedtls_mpi_core_sub
 .text.mbedtls_mpi_core_mla
                0x0000000008008cf4      0x178 modules/mbedtls/libmbedTLSBase.a(bignum_core.c.obj)
                0x0000000008008cf4                mbedtls_mpi_core_mla
 .text.mbedtls_mpi_core_mul
                0x0000000008008e6c       0x42 modules/mbedtls/libmbedTLSBase.a(bignum_core.c.obj)
                0x0000000008008e6c                mbedtls_mpi_core_mul
 .text.mbedtls_mpi_core_fill_random
                0x0000000008008eae       0x5e modules/mbedtls/libmbedTLSBase.a(bignum_core.c.obj)
                0x0000000008008eae                mbedtls_mpi_core_fill_random
 .text.mbedtls_mpi_core_sub_int
                0x0000000008008f0c       0x22 modules/mbedtls/libmbedTLSBase.a(bignum_core.c.obj)
                0x0000000008008f0c                mbedtls_mpi_core_sub_int
 .text.mbedtls_mpi_init
                0x0000000008008f2e        0xa modules/mbedtls/libmbedTLSBase.a(bignum.c.obj)
                0x0000000008008f2e                mbedtls_mpi_init
 .text.mbedtls_mpi_free
                0x0000000008008f38       0x1c modules/mbedtls/libmbedTLSBase.a(bignum.c.obj)
                0x0000000008008f38                mbedtls_mpi_free
 .text.mbedtls_mpi_grow
                0x0000000008008f54       0x48 modules/mbedtls/libmbedTLSBase.a(bignum.c.obj)
                0x0000000008008f54                mbedtls_mpi_grow
 .text.mbedtls_mpi_safe_cond_assign
                0x0000000008008f9c       0x52 modules/mbedtls/libmbedTLSBase.a(bignum.c.obj)
                0x0000000008008f9c                mbedtls_mpi_safe_cond_assign
 .text.mbedtls_mpi_resize_clear
                0x0000000008008fee       0x36 modules/mbedtls/libmbedTLSBase.a(bignum.c.obj)
 .text.mbedtls_mpi_shrink
                0x0000000008009024       0x62 modules/mbedtls/libmbedTLSBase.a(bignum.c.obj)
                0x0000000008009024                mbedtls_mpi_shrink
 .text.mbedtls_mpi_copy
                0x0000000008009086       0x6a modules/mbedtls/libmbedTLSBase.a(bignum.c.obj)
                0x0000000008009086                mbedtls_mpi_copy
 .text.mbedtls_mpi_lset
                0x00000000080090f0       0x38 modules/mbedtls/libmbedTLSBase.a(bignum.c.obj)
                0x00000000080090f0                mbedtls_mpi_lset
 .text.mbedtls_mpi_get_bit
                0x0000000008009128       0x20 modules/mbedtls/libmbedTLSBase.a(bignum.c.obj)
                0x0000000008009128                mbedtls_mpi_get_bit
 .text.mbedtls_mpi_lsb
                0x0000000008009148       0x26 modules/mbedtls/libmbedTLSBase.a(bignum.c.obj)
                0x0000000008009148                mbedtls_mpi_lsb
 .text.mbedtls_mpi_bitlen
                0x000000000800916e        0x8 modules/mbedtls/libmbedTLSBase.a(bignum.c.obj)
                0x000000000800916e                mbedtls_mpi_bitlen
 .text.mbedtls_mpi_read_binary
                0x0000000008009176       0x2c modules/mbedtls/libmbedTLSBase.a(bignum.c.obj)
                0x0000000008009176                mbedtls_mpi_read_binary
 .text.mbedtls_mpi_shift_l
                0x00000000080091a2       0x3a modules/mbedtls/libmbedTLSBase.a(bignum.c.obj)
                0x00000000080091a2                mbedtls_mpi_shift_l
 .text.mbedtls_mpi_shift_r
                0x00000000080091dc       0x12 modules/mbedtls/libmbedTLSBase.a(bignum.c.obj)
                0x00000000080091dc                mbedtls_mpi_shift_r
 .text.mbedtls_mpi_cmp_abs
                0x00000000080091ee       0x5e modules/mbedtls/libmbedTLSBase.a(bignum.c.obj)
                0x00000000080091ee                mbedtls_mpi_cmp_abs
 .text.mbedtls_mpi_cmp_mpi
                0x000000000800924c       0x90 modules/mbedtls/libmbedTLSBase.a(bignum.c.obj)
                0x000000000800924c                mbedtls_mpi_cmp_mpi
 .text.mbedtls_mpi_cmp_int
                0x00000000080092dc       0x30 modules/mbedtls/libmbedTLSBase.a(bignum.c.obj)
                0x00000000080092dc                mbedtls_mpi_cmp_int
 .text.mbedtls_mpi_add_abs
                0x000000000800930c       0x92 modules/mbedtls/libmbedTLSBase.a(bignum.c.obj)
                0x000000000800930c                mbedtls_mpi_add_abs
 .text.mbedtls_mpi_sub_abs
                0x000000000800939e       0xa2 modules/mbedtls/libmbedTLSBase.a(bignum.c.obj)
                0x000000000800939e                mbedtls_mpi_sub_abs
 .text.add_sub_mpi
                0x0000000008009440       0x62 modules/mbedtls/libmbedTLSBase.a(bignum.c.obj)
 .text.mbedtls_mpi_add_mpi
                0x00000000080094a2        0x6 modules/mbedtls/libmbedTLSBase.a(bignum.c.obj)
                0x00000000080094a2                mbedtls_mpi_add_mpi
 .text.mbedtls_mpi_sub_mpi
                0x00000000080094a8        0x8 modules/mbedtls/libmbedTLSBase.a(bignum.c.obj)
                0x00000000080094a8                mbedtls_mpi_sub_mpi
 .text.mbedtls_mpi_sub_int
                0x00000000080094b0       0x30 modules/mbedtls/libmbedTLSBase.a(bignum.c.obj)
                0x00000000080094b0                mbedtls_mpi_sub_int
 .text.mbedtls_mpi_mul_mpi
                0x00000000080094e0       0xda modules/mbedtls/libmbedTLSBase.a(bignum.c.obj)
                0x00000000080094e0                mbedtls_mpi_mul_mpi
 .text.mbedtls_mpi_mul_int
                0x00000000080095ba       0x62 modules/mbedtls/libmbedTLSBase.a(bignum.c.obj)
                0x00000000080095ba                mbedtls_mpi_mul_int
 .text.mbedtls_mpi_mod_mpi
                0x000000000800961c       0x64 modules/mbedtls/libmbedTLSBase.a(bignum.c.obj)
                0x000000000800961c                mbedtls_mpi_mod_mpi
 .text.mbedtls_mpi_gcd
                0x0000000008009680       0xf8 modules/mbedtls/libmbedTLSBase.a(bignum.c.obj)
                0x0000000008009680                mbedtls_mpi_gcd
 .text.mbedtls_mpi_random
                0x0000000008009778       0x3c modules/mbedtls/libmbedTLSBase.a(bignum.c.obj)
                0x0000000008009778                mbedtls_mpi_random
 .text.mbedtls_mpi_inv_mod
                0x00000000080097b4      0x2a6 modules/mbedtls/libmbedTLSBase.a(bignum.c.obj)
                0x00000000080097b4                mbedtls_mpi_inv_mod
 .text.derive_mpi
                0x0000000008009a5a       0x5a modules/mbedtls/libmbedTLSBase.a(ecdsa.c.obj)
 .text.mbedtls_ecdsa_read_signature
                0x0000000008009ab4       0x12 modules/mbedtls/libmbedTLSBase.a(ecdsa.c.obj)
                0x0000000008009ab4                mbedtls_ecdsa_read_signature
 .text.mbedtls_ecdsa_init
                0x0000000008009ac6        0x4 modules/mbedtls/libmbedTLSBase.a(ecdsa.c.obj)
                0x0000000008009ac6                mbedtls_ecdsa_init
 .text.mbedtls_ecdsa_free
                0x0000000008009aca        0x8 modules/mbedtls/libmbedTLSBase.a(ecdsa.c.obj)
                0x0000000008009aca                mbedtls_ecdsa_free
 .text.mpi_init_many
                0x0000000008009ad2       0x18 modules/mbedtls/libmbedTLSBase.a(ecp.c.obj)
 .text.mpi_free_many
                0x0000000008009aea       0x18 modules/mbedtls/libmbedTLSBase.a(ecp.c.obj)
 .text.ecp_normalize_jac
                0x0000000008009b02       0x88 modules/mbedtls/libmbedTLSBase.a(ecp.c.obj)
 .text.ecp_safe_invert_jac
                0x0000000008009b8a       0x48 modules/mbedtls/libmbedTLSBase.a(ecp.c.obj)
 .text.ecp_select_comb
                0x0000000008009bd2       0x74 modules/mbedtls/libmbedTLSBase.a(ecp.c.obj)
 .text.mbedtls_mpi_sub_mod
                0x0000000008009c46       0x3e modules/mbedtls/libmbedTLSBase.a(ecp.c.obj)
 .text.mbedtls_mpi_add_mod
                0x0000000008009c84       0x38 modules/mbedtls/libmbedTLSBase.a(ecp.c.obj)
 .text.mbedtls_mpi_mul_int_mod.part.0
                0x0000000008009cbc       0x26 modules/mbedtls/libmbedTLSBase.a(ecp.c.obj)
 .text.mbedtls_ecp_point_free.part.0
                0x0000000008009ce2       0x1c modules/mbedtls/libmbedTLSBase.a(ecp.c.obj)
 .text.mbedtls_mpi_shift_l_mod.constprop.0
                0x0000000008009cfe       0x1e modules/mbedtls/libmbedTLSBase.a(ecp.c.obj)
 .text.ecp_sw_rhs
                0x0000000008009d1c       0x7c modules/mbedtls/libmbedTLSBase.a(ecp.c.obj)
 .text.ecp_double_jac
                0x0000000008009d98      0x20c modules/mbedtls/libmbedTLSBase.a(ecp.c.obj)
 .text.mbedtls_ecp_get_type
                0x0000000008009fa4       0x12 modules/mbedtls/libmbedTLSBase.a(ecp.c.obj)
                0x0000000008009fa4                mbedtls_ecp_get_type
 .text.mbedtls_ecp_point_init
                0x0000000008009fb6       0x1c modules/mbedtls/libmbedTLSBase.a(ecp.c.obj)
                0x0000000008009fb6                mbedtls_ecp_point_init
 .text.mbedtls_ecp_group_init
                0x0000000008009fd2       0x42 modules/mbedtls/libmbedTLSBase.a(ecp.c.obj)
                0x0000000008009fd2                mbedtls_ecp_group_init
 .text.mbedtls_ecp_keypair_init
                0x000000000800a014       0x1c modules/mbedtls/libmbedTLSBase.a(ecp.c.obj)
                0x000000000800a014                mbedtls_ecp_keypair_init
 .text.mbedtls_ecp_point_free
                0x000000000800a030        0x8 modules/mbedtls/libmbedTLSBase.a(ecp.c.obj)
                0x000000000800a030                mbedtls_ecp_point_free
 .text.mbedtls_ecp_group_free
                0x000000000800a038       0x62 modules/mbedtls/libmbedTLSBase.a(ecp.c.obj)
                0x000000000800a038                mbedtls_ecp_group_free
 .text.mbedtls_ecp_keypair_free
                0x000000000800a09a       0x20 modules/mbedtls/libmbedTLSBase.a(ecp.c.obj)
                0x000000000800a09a                mbedtls_ecp_keypair_free
 .text.mbedtls_ecp_copy
                0x000000000800a0ba       0x2c modules/mbedtls/libmbedTLSBase.a(ecp.c.obj)
                0x000000000800a0ba                mbedtls_ecp_copy
 .text.mbedtls_ecp_set_zero
                0x000000000800a0e6       0x28 modules/mbedtls/libmbedTLSBase.a(ecp.c.obj)
                0x000000000800a0e6                mbedtls_ecp_set_zero
 .text.mbedtls_ecp_is_zero
                0x000000000800a10e       0x12 modules/mbedtls/libmbedTLSBase.a(ecp.c.obj)
                0x000000000800a10e                mbedtls_ecp_is_zero
 .text.mbedtls_ecp_mul_shortcuts.isra.0
                0x000000000800a120       0xc6 modules/mbedtls/libmbedTLSBase.a(ecp.c.obj)
 .text.mbedtls_zeroize_and_free
                0x000000000800a1e6       0x14 modules/mbedtls/libmbedTLSBase.a(platform_util.c.obj)
                0x000000000800a1e6                mbedtls_zeroize_and_free
 .text.mbedtls_sha256_init
                0x000000000800a1fa        0x8 modules/mbedtls/libmbedTLSBase.a(sha256.c.obj)
                0x000000000800a1fa                mbedtls_sha256_init
 .text.mbedtls_sha256_free
                0x000000000800a202        0xa modules/mbedtls/libmbedTLSBase.a(sha256.c.obj)
                0x000000000800a202                mbedtls_sha256_free
 .text.mbedtls_sha256_update
                0x000000000800a20c       0x7e modules/mbedtls/libmbedTLSBase.a(sha256.c.obj)
                0x000000000800a20c                mbedtls_sha256_update
 .text.mbedtls_sha256_finish
                0x000000000800a28a       0x9e modules/mbedtls/libmbedTLSBase.a(sha256.c.obj)
                0x000000000800a28a                mbedtls_sha256_finish
 .text.mbedtls_sha256
                0x000000000800a328       0x4c modules/mbedtls/libmbedTLSBase.a(sha256.c.obj)
                0x000000000800a328                mbedtls_sha256
 .text.mbedtls_sha512_init
                0x000000000800a374        0x8 modules/mbedtls/libmbedTLSBase.a(sha512.c.obj)
                0x000000000800a374                mbedtls_sha512_init
 .text.mbedtls_sha512_free
                0x000000000800a37c        0xa modules/mbedtls/libmbedTLSBase.a(sha512.c.obj)
                0x000000000800a37c                mbedtls_sha512_free
 .text.mbedtls_sha512_update
                0x000000000800a386       0xa2 modules/mbedtls/libmbedTLSBase.a(sha512.c.obj)
                0x000000000800a386                mbedtls_sha512_update
 .text.mbedtls_sha512_finish
                0x000000000800a428       0xfe modules/mbedtls/libmbedTLSBase.a(sha512.c.obj)
                0x000000000800a428                mbedtls_sha512_finish
 .text.mbedtls_sha512
                0x000000000800a526       0x4e modules/mbedtls/libmbedTLSBase.a(sha512.c.obj)
                0x000000000800a526                mbedtls_sha512
 .text._mbedtls_init
                0x000000000800a574        0x4 modules/mbedtls/libmbedTLSBase.a(zephyr_init.c.obj)
 .text.z_device_state_init
                0x000000000800a578        0x2 zephyr/kernel/libkernel.a(device.c.obj)
                0x000000000800a578                z_device_state_init
 .text.z_impl_device_is_ready
                0x000000000800a57a       0x16 zephyr/kernel/libkernel.a(device.c.obj)
                0x000000000800a57a                z_impl_device_is_ready
 .text.arch_system_halt
                0x000000000800a590       0x10 zephyr/kernel/libkernel.a(fatal.c.obj)
                0x000000000800a590                arch_system_halt
 .text.do_device_init
                0x000000000800a5a0       0x30 zephyr/kernel/libkernel.a(init.c.obj)
 .text.z_early_memset
                0x000000000800a5d0        0x4 zephyr/kernel/libkernel.a(init.c.obj)
                0x000000000800a5d0                z_early_memset
 .text.z_early_memcpy
                0x000000000800a5d4        0x4 zephyr/kernel/libkernel.a(init.c.obj)
                0x000000000800a5d4                z_early_memcpy
 .text.z_init_static
                0x000000000800a5d8        0xe zephyr/kernel/libkernel.a(init_static.c.obj)
                0x000000000800a5d8                z_init_static
 .text.idle     0x000000000800a5e6       0x16 zephyr/kernel/libkernel.a(idle.c.obj)
                0x000000000800a5e6                idle
 .text.adjust_owner_prio.isra.0
                0x000000000800a5fc       0x10 zephyr/kernel/libkernel.a(mutex.c.obj)
 .text.z_impl_k_sem_init
                0x000000000800a60c       0x18 zephyr/kernel/libkernel.a(sem.c.obj)
                0x000000000800a60c                z_impl_k_sem_init
 .text.k_is_in_isr
                0x000000000800a624        0xc zephyr/kernel/libkernel.a(thread.c.obj)
                0x000000000800a624                k_is_in_isr
 .text.k_thread_name_get
                0x000000000800a630        0x4 zephyr/kernel/libkernel.a(thread.c.obj)
                0x000000000800a630                k_thread_name_get
 .text.z_impl_k_thread_start
                0x000000000800a634        0x4 zephyr/kernel/libkernel.a(thread.c.obj)
                0x000000000800a634                z_impl_k_thread_start
 .text.sys_dlist_remove
                0x000000000800a638       0x10 zephyr/kernel/libkernel.a(sched.c.obj)
 .text.unpend_thread_no_timeout
                0x000000000800a648       0x14 zephyr/kernel/libkernel.a(sched.c.obj)
 .text.add_to_waitq_locked
                0x000000000800a65c       0x50 zephyr/kernel/libkernel.a(sched.c.obj)
 .text.z_ready_thread
                0x000000000800a6ac       0x1e zephyr/kernel/libkernel.a(sched.c.obj)
                0x000000000800a6ac                z_ready_thread
 .text.z_impl_k_thread_suspend
                0x000000000800a6ca       0x32 zephyr/kernel/libkernel.a(sched.c.obj)
                0x000000000800a6ca                z_impl_k_thread_suspend
 .text.z_unpend_thread_no_timeout
                0x000000000800a6fc       0x22 zephyr/kernel/libkernel.a(sched.c.obj)
                0x000000000800a6fc                z_unpend_thread_no_timeout
 .text.z_sched_wake_thread
                0x000000000800a71e       0x42 zephyr/kernel/libkernel.a(sched.c.obj)
                0x000000000800a71e                z_sched_wake_thread
 .text.z_thread_timeout
                0x000000000800a760        0x8 zephyr/kernel/libkernel.a(sched.c.obj)
                0x000000000800a760                z_thread_timeout
 .text.z_unpend1_no_timeout
                0x000000000800a768       0x2c zephyr/kernel/libkernel.a(sched.c.obj)
                0x000000000800a768                z_unpend1_no_timeout
 .text.z_unpend_first_thread
                0x000000000800a794       0x36 zephyr/kernel/libkernel.a(sched.c.obj)
                0x000000000800a794                z_unpend_first_thread
 .text.z_impl_k_usleep
                0x000000000800a7ca       0x22 zephyr/kernel/libkernel.a(sched.c.obj)
                0x000000000800a7ca                z_impl_k_usleep
 .text.z_thread_abort
                0x000000000800a7ec       0x44 zephyr/kernel/libkernel.a(sched.c.obj)
                0x000000000800a7ec                z_thread_abort
 .text.z_abort_timeout
                0x000000000800a830       0x2a zephyr/kernel/libkernel.a(timeout.c.obj)
                0x000000000800a830                z_abort_timeout
 .text.sys_clock_tick_get_32
                0x000000000800a85a        0x8 zephyr/kernel/libkernel.a(timeout.c.obj)
                0x000000000800a85a                sys_clock_tick_get_32
 .text.z_impl_k_uptime_ticks
                0x000000000800a862        0x4 zephyr/kernel/libkernel.a(timeout.c.obj)
                0x000000000800a862                z_impl_k_uptime_ticks
 .text.k_timer_init
                0x000000000800a866       0x18 zephyr/kernel/libkernel.a(timer.c.obj)
                0x000000000800a866                k_timer_init
 .text.z_impl_k_timer_stop
                0x000000000800a87e       0x38 zephyr/kernel/libkernel.a(timer.c.obj)
                0x000000000800a87e                z_impl_k_timer_stop
 .text.k_heap_init
                0x000000000800a8b6       0x10 zephyr/kernel/libkernel.a(kheap.c.obj)
                0x000000000800a8b6                k_heap_init
 .text.memcpy   0x000000000800a8c6       0x1c /home/suchlp/zephyr-sdk-0.17.0/arm-zephyr-eabi/bin/../lib/gcc/../../picolibc/arm-zephyr-eabi/lib/thumb/v7e-m/nofp/libc.a(memcpy.c.o)
                0x000000000800a8c6                memcpy
                0x000000000800a8c6                __aeabi_memcpy
                0x000000000800a8c6                __aeabi_memcpy4
                0x000000000800a8c6                __aeabi_memcpy8
 .text.memset   0x000000000800a8e2       0x10 /home/suchlp/zephyr-sdk-0.17.0/arm-zephyr-eabi/bin/../lib/gcc/../../picolibc/arm-zephyr-eabi/lib/thumb/v7e-m/nofp/libc.a(memset.c.o)
                0x000000000800a8e2                memset
 .text.strncpy  0x000000000800a8f2       0x20 /home/suchlp/zephyr-sdk-0.17.0/arm-zephyr-eabi/bin/../lib/gcc/../../picolibc/arm-zephyr-eabi/lib/thumb/v7e-m/nofp/libc.a(libc_string_strncpy.c.o)
                0x000000000800a8f2                strncpy
 .text.strnlen  0x000000000800a912       0x18 /home/suchlp/zephyr-sdk-0.17.0/arm-zephyr-eabi/bin/../lib/gcc/../../picolibc/arm-zephyr-eabi/lib/thumb/v7e-m/nofp/libc.a(libc_string_strnlen.c.o)
                0x000000000800a912                strnlen
 .text.__ultoa_invert
                0x000000000800a92a       0xae /home/suchlp/zephyr-sdk-0.17.0/arm-zephyr-eabi/bin/../lib/gcc/../../picolibc/arm-zephyr-eabi/lib/thumb/v7e-m/nofp/libc.a(libc_tinystdio_vflprintf.c.o)
 .text.__file_str_put
                0x000000000800a9d8       0x10 /home/suchlp/zephyr-sdk-0.17.0/arm-zephyr-eabi/bin/../lib/gcc/../../picolibc/arm-zephyr-eabi/lib/thumb/v7e-m/nofp/libc.a(libc_tinystdio_filestrput.c.o)
                0x000000000800a9d8                __file_str_put
 *(SORT_BY_ALIGNMENT(.TEXT.*))
 .TEXT.__aeabi_read_tp
                0x000000000800a9e8        0xc zephyr/arch/arch/arm/core/cortex_m/libarch__arm__core__cortex_m.a(__aeabi_read_tp.S.obj)
                0x000000000800a9e8                __aeabi_read_tp
 *(SORT_BY_ALIGNMENT(.gnu.linkonce.t.*))
 *(SORT_BY_ALIGNMENT(.glue_7t))
 .glue_7t       0x000000000800a9f4        0x0 linker stubs
 *(SORT_BY_ALIGNMENT(.glue_7))
 .glue_7        0x000000000800a9f4        0x0 linker stubs
 *(SORT_BY_ALIGNMENT(.vfp11_veneer))
 .vfp11_veneer  0x000000000800a9f4        0x0 linker stubs
 *(SORT_BY_ALIGNMENT(.v4_bx))
 .v4_bx         0x000000000800a9f4        0x0 linker stubs
                0x000000000800a9f4                . = ALIGN (0x4)
                0x000000000800a9f4                __text_region_end = .

.ARM.extab
 *(SORT_BY_ALIGNMENT(.ARM.extab*) SORT_BY_ALIGNMENT(.gnu.linkonce.armextab.*))

.ARM.exidx      0x000000000800a9f4        0x8
                0x000000000800a9f4                __exidx_start = .
 *(SORT_BY_ALIGNMENT(.ARM.exidx*) SORT_BY_ALIGNMENT(gnu.linkonce.armexidx.*))
 .ARM.exidx     0x000000000800a9f4        0x8 /home/suchlp/zephyr-sdk-0.17.0/arm-zephyr-eabi/bin/../lib/gcc/arm-zephyr-eabi/12.2.0/thumb/v7e-m/nofp/libgcc.a(_udivmoddi4.o)
 .ARM.exidx     0x000000000800a9fc        0x0 /home/suchlp/zephyr-sdk-0.17.0/arm-zephyr-eabi/bin/../lib/gcc/../../picolibc/arm-zephyr-eabi/lib/thumb/v7e-m/nofp/libc.a(strlen.S.o)
                                          0x8 (size before relaxing)
                0x000000000800a9fc                __exidx_end = .
                0x000000000800a9fc                __rodata_region_start = .

initlevel       0x000000000800a9fc       0xb8
                0x000000000800a9fc                __init_start = .
                0x000000000800a9fc                __init_EARLY_start = .
 *(SORT_BY_NAME(SORT_BY_ALIGNMENT(.z_init_EARLY?_*)))
 *(SORT_BY_NAME(SORT_BY_ALIGNMENT(.z_init_EARLY??_*)))
                0x000000000800a9fc                __init_PRE_KERNEL_1_start = .
 *(SORT_BY_NAME(SORT_BY_ALIGNMENT(.z_init_PRE_KERNEL_1?_*)))
 .z_init_PRE_KERNEL_10_0_
                0x000000000800a9fc        0x8 zephyr/libzephyr.a(soc.c.obj)
 .z_init_PRE_KERNEL_11_00008_
                0x000000000800aa04        0x8 zephyr/drivers/clock_control/libdrivers__clock_control.a(clock_stm32_ll_common.c.obj)
 .z_init_PRE_KERNEL_11_0_
                0x000000000800aa0c        0x8 zephyr/libzephyr.a(soc_config.c.obj)
 *(SORT_BY_NAME(SORT_BY_ALIGNMENT(.z_init_PRE_KERNEL_1??_*)))
 .z_init_PRE_KERNEL_130_0_
                0x000000000800aa14        0x8 zephyr/kernel/libkernel.a(kheap.c.obj)
 .z_init_PRE_KERNEL_135_00056_
                0x000000000800aa1c        0x8 zephyr/drivers/reset/libdrivers__reset.a(reset_stm32.c.obj)
 .z_init_PRE_KERNEL_140_00030_
                0x000000000800aa24        0x8 zephyr/drivers/gpio/libdrivers__gpio.a(gpio_stm32.c.obj)
 .z_init_PRE_KERNEL_140_00033_
                0x000000000800aa2c        0x8 zephyr/drivers/gpio/libdrivers__gpio.a(gpio_stm32.c.obj)
 .z_init_PRE_KERNEL_140_00053_
                0x000000000800aa34        0x8 zephyr/drivers/interrupt_controller/libdrivers__interrupt_controller.a(intc_exti_stm32.c.obj)
 .z_init_PRE_KERNEL_140_00088_
                0x000000000800aa3c        0x8 zephyr/drivers/gpio/libdrivers__gpio.a(gpio_stm32.c.obj)
 .z_init_PRE_KERNEL_140_00089_
                0x000000000800aa44        0x8 zephyr/drivers/gpio/libdrivers__gpio.a(gpio_stm32.c.obj)
 .z_init_PRE_KERNEL_140_00090_
                0x000000000800aa4c        0x8 zephyr/drivers/gpio/libdrivers__gpio.a(gpio_stm32.c.obj)
 .z_init_PRE_KERNEL_140_00091_
                0x000000000800aa54        0x8 zephyr/drivers/gpio/libdrivers__gpio.a(gpio_stm32.c.obj)
 .z_init_PRE_KERNEL_140_00092_
                0x000000000800aa5c        0x8 zephyr/drivers/gpio/libdrivers__gpio.a(gpio_stm32.c.obj)
 .z_init_PRE_KERNEL_140_00093_
                0x000000000800aa64        0x8 zephyr/drivers/gpio/libdrivers__gpio.a(gpio_stm32.c.obj)
 .z_init_PRE_KERNEL_140_00094_
                0x000000000800aa6c        0x8 zephyr/drivers/gpio/libdrivers__gpio.a(gpio_stm32.c.obj)
 .z_init_PRE_KERNEL_150_00060_
                0x000000000800aa74        0x8 zephyr/drivers/serial/libdrivers__serial.a(uart_stm32.c.obj)
 .z_init_PRE_KERNEL_150_00066_
                0x000000000800aa7c        0x8 zephyr/drivers/serial/libdrivers__serial.a(uart_stm32.c.obj)
 .z_init_PRE_KERNEL_160_0_
                0x000000000800aa84        0x8 zephyr/drivers/console/libdrivers__console.a(uart_console.c.obj)
                0x000000000800aa8c                __init_PRE_KERNEL_2_start = .
 *(SORT_BY_NAME(SORT_BY_ALIGNMENT(.z_init_PRE_KERNEL_2?_*)))
 .z_init_PRE_KERNEL_20_0_
                0x000000000800aa8c        0x8 zephyr/drivers/timer/libdrivers__timer.a(cortex_m_systick.c.obj)
 *(SORT_BY_NAME(SORT_BY_ALIGNMENT(.z_init_PRE_KERNEL_2??_*)))
                0x000000000800aa94                __init_POST_KERNEL_start = .
 *(SORT_BY_NAME(SORT_BY_ALIGNMENT(.z_init_POST_KERNEL?_*)))
 .z_init_POST_KERNEL0_0_
                0x000000000800aa94        0x8 zephyr/libzephyr.a(log_core.c.obj)
 *(SORT_BY_NAME(SORT_BY_ALIGNMENT(.z_init_POST_KERNEL??_*)))
 .z_init_POST_KERNEL35_0_
                0x000000000800aa9c        0x8 zephyr/lib/libc/common/liblib__libc__common.a(malloc.c.obj)
 .z_init_POST_KERNEL40_0_
                0x000000000800aaa4        0x8 modules/mbedtls/libmbedTLSBase.a(zephyr_init.c.obj)
 .z_init_POST_KERNEL50_00081_
                0x000000000800aaac        0x8 zephyr/drivers/flash/libdrivers__flash.a(flash_stm32.c.obj)
                0x000000000800aab4                __init_APPLICATION_start = .
 *(SORT_BY_NAME(SORT_BY_ALIGNMENT(.z_init_APPLICATION?_*)))
 *(SORT_BY_NAME(SORT_BY_ALIGNMENT(.z_init_APPLICATION??_*)))
                0x000000000800aab4                __init_SMP_start = .
 *(SORT_BY_NAME(SORT_BY_ALIGNMENT(.z_init_SMP?_*)))
 *(SORT_BY_NAME(SORT_BY_ALIGNMENT(.z_init_SMP??_*)))
                0x000000000800aab4                __init_end = .
                0x000000000800aab4                __deferred_init_list_start = .
 *(SORT_BY_ALIGNMENT(.z_deferred_init*))
                0x000000000800aab4                __deferred_init_list_end = .

device_area     0x000000000800aab4      0x12c
                0x000000000800aab4                _device_list_start = .
 *(SORT_BY_NAME(SORT_BY_ALIGNMENT(._device.static.*_?_*)))
 ._device.static.1_1_
                0x000000000800aab4       0x14 zephyr/drivers/clock_control/libdrivers__clock_control.a(clock_stm32_ll_common.c.obj)
                0x000000000800aab4                __device_dts_ord_8
 *(SORT_BY_NAME(SORT_BY_ALIGNMENT(._device.static.*_??_*)))
 ._device.static.1_35_
                0x000000000800aac8       0x14 zephyr/drivers/reset/libdrivers__reset.a(reset_stm32.c.obj)
                0x000000000800aac8                __device_dts_ord_56
 ._device.static.1_40_
                0x000000000800aadc       0x14 zephyr/drivers/interrupt_controller/libdrivers__interrupt_controller.a(intc_exti_stm32.c.obj)
                0x000000000800aadc                __device_dts_ord_53
 ._device.static.1_40_
                0x000000000800aaf0       0xb4 zephyr/drivers/gpio/libdrivers__gpio.a(gpio_stm32.c.obj)
                0x000000000800aaf0                __device_dts_ord_94
                0x000000000800ab04                __device_dts_ord_93
                0x000000000800ab18                __device_dts_ord_92
                0x000000000800ab2c                __device_dts_ord_91
                0x000000000800ab40                __device_dts_ord_90
                0x000000000800ab54                __device_dts_ord_33
                0x000000000800ab68                __device_dts_ord_89
                0x000000000800ab7c                __device_dts_ord_88
                0x000000000800ab90                __device_dts_ord_30
 ._device.static.1_50_
                0x000000000800aba4       0x28 zephyr/drivers/serial/libdrivers__serial.a(uart_stm32.c.obj)
                0x000000000800aba4                __device_dts_ord_60
                0x000000000800abb8                __device_dts_ord_66
 ._device.static.3_50_
                0x000000000800abcc       0x14 zephyr/drivers/flash/libdrivers__flash.a(flash_stm32.c.obj)
                0x000000000800abcc                __device_dts_ord_81
                0x000000000800abe0                _device_list_end = .

sw_isr_table    0x000000000800abe0      0x290
                0x000000000800abe0                . = ALIGN (0x4)
 *(SORT_BY_ALIGNMENT(.gnu.linkonce.sw_isr_table*))
 .gnu.linkonce.sw_isr_table
                0x000000000800abe0      0x290 zephyr/arch/common/libisr_tables.a(isr_tables.c.obj)
                0x000000000800abe0                _sw_isr_table

initlevel_error
                0x000000000800a9fc        0x0
 *(SORT_BY_NAME(SORT_BY_ALIGNMENT(.z_init_[_A-Z0-9]*)))
                0x0000000000000001                ASSERT ((SIZEOF (initlevel_error) == 0x0), Undefined initialization levels used.)

app_shmem_regions
                0x000000000800ae70        0x0
                0x000000000800ae70                __app_shmem_regions_start = .
 *(SORT_BY_NAME(SORT_BY_ALIGNMENT(.app_regions.*)))
                0x000000000800ae70                __app_shmem_regions_end = .

k_p4wq_initparam_area
                0x000000000800ae70        0x0
                0x000000000800ae70                _k_p4wq_initparam_list_start = .
 *(SORT_BY_NAME(SORT_BY_ALIGNMENT(._k_p4wq_initparam.static.*)))
                0x000000000800ae70                _k_p4wq_initparam_list_end = .

_static_thread_data_area
                0x000000000800ae70        0x0
                0x000000000800ae70                __static_thread_data_list_start = .
 *(SORT_BY_NAME(SORT_BY_ALIGNMENT(.__static_thread_data.static.*)))
                0x000000000800ae70                __static_thread_data_list_end = .

device_deps     0x000000000800ae70        0x0
                0x000000000800ae70                __device_deps_start = .
 *(SORT_BY_NAME(SORT_BY_ALIGNMENT(.__device_deps_pass2*)))
                0x000000000800ae70                __device_deps_end = .

ztest           0x000000000800ae70        0x0
                0x000000000800ae70                _ztest_expected_result_entry_list_start = .
 *(SORT_BY_NAME(SORT_BY_ALIGNMENT(._ztest_expected_result_entry.static.*)))
                0x000000000800ae70                _ztest_expected_result_entry_list_end = .
                0x000000000800ae70                _ztest_suite_node_list_start = .
 *(SORT_BY_NAME(SORT_BY_ALIGNMENT(._ztest_suite_node.static.*)))
                0x000000000800ae70                _ztest_suite_node_list_end = .
                0x000000000800ae70                _ztest_unit_test_list_start = .
 *(SORT_BY_NAME(SORT_BY_ALIGNMENT(._ztest_unit_test.static.*)))
                0x000000000800ae70                _ztest_unit_test_list_end = .
                0x000000000800ae70                _ztest_test_rule_list_start = .
 *(SORT_BY_NAME(SORT_BY_ALIGNMENT(._ztest_test_rule.static.*)))
                0x000000000800ae70                _ztest_test_rule_list_end = .

ctors           0x000000000800ae70        0xc
                0x000000000800ae70                . = ALIGN (0x4)
                0x000000000800ae70                __ZEPHYR_CTOR_LIST__ = .
                0x000000000800ae70        0x4 LONG 0x0 (((__ZEPHYR_CTOR_END__ - __ZEPHYR_CTOR_LIST__) / 0x4) - 0x2)
 *(SORT_BY_NAME(SORT_BY_ALIGNMENT(.ctors*)))
                0x000000000800ae74                __CTOR_LIST__ = .
                0x000000000800ae74        0x4 LONG 0x0
                0x000000000800ae78                __ZEPHYR_CTOR_END__ = .
                0x000000000800ae78        0x4 LONG 0x0
                0x000000000800ae7c                __CTOR_END__ = .

init_array      0x000000000800ae7c        0x0
                0x000000000800ae7c                . = ALIGN (0x4)
                0x000000000800ae7c                __init_array_start = .
                0x000000000800ae7c                __init_array_end = .
                0x000000000800ae7c                __zephyr_init_array_start = .
 *(SORT_BY_NAME(SORT_BY_ALIGNMENT(.init_array*)))
                0x000000000800ae7c                __zephyr_init_array_end = .

bt_l2cap_fixed_chan_area
                0x000000000800ae7c        0x0
                0x000000000800ae7c                _bt_l2cap_fixed_chan_list_start = .
 *(SORT_BY_NAME(SORT_BY_ALIGNMENT(._bt_l2cap_fixed_chan.static.*)))
                0x000000000800ae7c                _bt_l2cap_fixed_chan_list_end = .

bt_gatt_service_static_area
                0x000000000800ae7c        0x0